Component: ARM Compiler 5.06 update 2 (build 183) Tool: armlink [4d35b7]

==============================================================================

Section Cross References

    main.o(i.Enhance) refers to main.o(.bss) for lut
    main.o(i.Enhance) refers to main.o(.data) for max_num
    main.o(i.HistNormolize) refers to rt_memclr_w.o(.text) for __aeabi_memclr4
    main.o(i.HistNormolize) refers to f2d.o(x$fpl$f2d) for __aeabi_f2d
    main.o(i.HistNormolize) refers to dmul.o(x$fpl$dmul) for __aeabi_dmul
    main.o(i.HistNormolize) refers to daddsub_clz.o(x$fpl$dadd) for __aeabi_dadd
    main.o(i.HistNormolize) refers to dfix.o(x$fpl$dfix) for __aeabi_d2iz
    main.o(i.HistNormolize) refers to main.o(.data) for max_num
    main.o(i.gaussianFilter) refers to rt_memcpy_w.o(.text) for __aeabi_memcpy4
    main.o(i.gaussianFilter) refers to main.o(.constdata) for .constdata
    main.o(i.gray_balance) refers to main.o(i.Histogram) for Histogram
    main.o(i.gray_balance) refers to main.o(i.Enhance) for Enhance
    main.o(i.gray_balance) refers to main.o(.bss) for fHistogram
    main.o(i.jpeg_data_process) refers to rt_memclr_w.o(.text) for __aeabi_memclr4
    main.o(i.jpeg_data_process) refers to stm32f4xx_dma.o(i.DMA_Cmd) for DMA_Cmd
    main.o(i.jpeg_data_process) refers to stm32f4xx_dma.o(i.DMA_GetCmdStatus) for DMA_GetCmdStatus
    main.o(i.jpeg_data_process) refers to stm32f4xx_dma.o(i.DMA_GetCurrDataCounter) for DMA_GetCurrDataCounter
    main.o(i.jpeg_data_process) refers to flow.o(i.read_xy_rgb) for read_xy_rgb
    main.o(i.jpeg_data_process) refers to flow.o(i.RGB_GRAY_16) for RGB_GRAY_16
    main.o(i.jpeg_data_process) refers to main.o(i.HistNormolize) for HistNormolize
    main.o(i.jpeg_data_process) refers to main.o(i.gaussianFilter) for gaussianFilter
    main.o(i.jpeg_data_process) refers to stm32f4xx_dma.o(i.DMA_SetCurrDataCounter) for DMA_SetCurrDataCounter
    main.o(i.jpeg_data_process) refers to main.o(.data) for ovx_mode
    main.o(i.jpeg_data_process) refers to main.o(.bss) for jpeg_buf
    main.o(i.main) refers to misc.o(i.NVIC_PriorityGroupConfig) for NVIC_PriorityGroupConfig
    main.o(i.main) refers to delay.o(i.delay_init) for delay_init
    main.o(i.main) refers to delay.o(i.Initial_Timer5) for Initial_Timer5
    main.o(i.main) refers to delay.o(i.Cycle_Time_Init) for Cycle_Time_Init
    main.o(i.main) refers to usart.o(i.uart_init) for uart_init
    main.o(i.main) refers to usart.o(i.uart_init2) for uart_init2
    main.o(i.main) refers to led.o(i.LED_Init) for LED_Init
    main.o(i.main) refers to key.o(i.KEY_Init) for KEY_Init
    main.o(i.main) refers to delay.o(i.delay_ms) for delay_ms
    main.o(i.main) refers to ov5640.o(i.OV5640_Init) for OV5640_Init
    main.o(i.main) refers to dog.o(i.IWDG_Init) for IWDG_Init
    main.o(i.main) refers to main.o(i.rgb565_test) for rgb565_test
    main.o(i.rgb565_test) refers to ov5640.o(i.OV5640_RGB565_Mode) for OV5640_RGB565_Mode
    main.o(i.rgb565_test) refers to ov5640.o(i.OV5640_Focus_Init) for OV5640_Focus_Init
    main.o(i.rgb565_test) refers to ov5640.o(i.OV5640_Light_Mode) for OV5640_Light_Mode
    main.o(i.rgb565_test) refers to ov5640.o(i.OV5640_Color_Saturation) for OV5640_Color_Saturation
    main.o(i.rgb565_test) refers to ov5640.o(i.OV5640_Brightness) for OV5640_Brightness
    main.o(i.rgb565_test) refers to ov5640.o(i.OV5640_Exposure) for OV5640_Exposure
    main.o(i.rgb565_test) refers to ov5640.o(i.OV5640_Special_Effects) for OV5640_Special_Effects
    main.o(i.rgb565_test) refers to ov5640.o(i.OV5640_Contrast) for OV5640_Contrast
    main.o(i.rgb565_test) refers to ov5640.o(i.OV5640_Sharpness) for OV5640_Sharpness
    main.o(i.rgb565_test) refers to dcmi.o(i.My_DCMI_Init) for My_DCMI_Init
    main.o(i.rgb565_test) refers to dcmi.o(i.DCMI_DMA_Init) for DCMI_DMA_Init
    main.o(i.rgb565_test) refers to ov5640.o(i.OV5640_OutSize_Set) for OV5640_OutSize_Set
    main.o(i.rgb565_test) refers to dcmi.o(i.DCMI_Start) for DCMI_Start
    main.o(i.rgb565_test) refers to timer.o(i.TIM3_Int_Init) for TIM3_Int_Init
    main.o(i.rgb565_test) refers to dma.o(i.MYDMA_Config) for MYDMA_Config
    main.o(i.rgb565_test) refers to stm32f4xx_usart.o(i.USART_DMACmd) for USART_DMACmd
    main.o(i.rgb565_test) refers to delay.o(i.Get_Cycle_T) for Get_Cycle_T
    main.o(i.rgb565_test) refers to ov5640.o(i.OV5640_Focus_Single) for OV5640_Focus_Single
    main.o(i.rgb565_test) refers to f2d.o(x$fpl$f2d) for __aeabi_f2d
    main.o(i.rgb565_test) refers to drleqf.o(x$fpl$drleqf) for __aeabi_cdrcmple
    main.o(i.rgb565_test) refers to dog.o(i.IWDG_Feed) for IWDG_Feed
    main.o(i.rgb565_test) refers to flow.o(i.flow_task) for flow_task
    main.o(i.rgb565_test) refers to delay.o(i.micros) for micros
    main.o(i.rgb565_test) refers to ddiv.o(x$fpl$ddiv) for __aeabi_ddiv
    main.o(i.rgb565_test) refers to dmul.o(x$fpl$dmul) for __aeabi_dmul
    main.o(i.rgb565_test) refers to d2f.o(x$fpl$d2f) for __aeabi_d2f
[...]
    x$fpl$dfltu                              0x080065fa   Section       38  dflt_clz.o(x$fpl$dfltu)
    $v0                                      0x080065fa   Number         0  dflt_clz.o(x$fpl$dfltu)
    x$fpl$dleqf                              0x08006620   Section      120  dleqf.o(x$fpl$dleqf)
    $v0                                      0x08006620   Number         0  dleqf.o(x$fpl$dleqf)
    x$fpl$dmul                               0x08006698   Section      340  dmul.o(x$fpl$dmul)
    $v0                                      0x08006698   Number         0  dmul.o(x$fpl$dmul)
    x$fpl$dnaninf                            0x080067ec   Section      156  dnaninf.o(x$fpl$dnaninf)
    $v0                                      0x080067ec   Number         0  dnaninf.o(x$fpl$dnaninf)
    x$fpl$dretinf                            0x08006888   Section       12  dretinf.o(x$fpl$dretinf)
    $v0                                      0x08006888   Number         0  dretinf.o(x$fpl$dretinf)
    x$fpl$drleqf                             0x08006894   Section      108  drleqf.o(x$fpl$drleqf)
    $v0                                      0x08006894   Number         0  drleqf.o(x$fpl$drleqf)
    x$fpl$dsub                               0x08006900   Section      468  daddsub_clz.o(x$fpl$dsub)
    $v0                                      0x08006900   Number         0  daddsub_clz.o(x$fpl$dsub)
    _dsub1                                   0x08006911   Thumb Code     0  daddsub_clz.o(x$fpl$dsub)
    x$fpl$f2d                                0x08006ad4   Section       86  f2d.o(x$fpl$f2d)
    $v0                                      0x08006ad4   Number         0  f2d.o(x$fpl$f2d)
    x$fpl$fnaninf                            0x08006b2a   Section      140  fnaninf.o(x$fpl$fnaninf)
    $v0                                      0x08006b2a   Number         0  fnaninf.o(x$fpl$fnaninf)
    x$fpl$fpinit                             0x08006bb6   Section       10  fpinit.o(x$fpl$fpinit)
    $v0                                      0x08006bb6   Number         0  fpinit.o(x$fpl$fpinit)
    x$fpl$fretinf                            0x08006bc0   Section       10  fretinf.o(x$fpl$fretinf)
    $v0                                      0x08006bc0   Number         0  fretinf.o(x$fpl$fretinf)
    x$fpl$usenofp                            0x08006bca   Section        0  usenofp.o(x$fpl$usenofp)
    .constdata                               0x08006bcc   Section       36  main.o(.constdata)
    .constdata                               0x08006bf0   Section     6609  ov5640.o(.constdata)
    OV5640_EXPOSURE_TBL                      0x08008535   Data          42  ov5640.o(.constdata)
    OV5640_LIGHTMODE_TBL                     0x0800855f   Data          35  ov5640.o(.constdata)
    OV5640_SATURATION_TBL                    0x08008582   Data          42  ov5640.o(.constdata)
    OV5640_EFFECTS_TBL                       0x080085ac   Data          21  ov5640.o(.constdata)
    .constdata                               0x080085c4   Section      672  jcint.o(.constdata)
    bits_dc_luminance                        0x080086c4   Data          17  jcint.o(.constdata)
    val_dc_luminance                         0x080086d5   Data          12  jcint.o(.constdata)
    bits_dc_chrominance                      0x080086e1   Data          17  jcint.o(.constdata)
    val_dc_chrominance                       0x080086f2   Data          12  jcint.o(.constdata)
    bits_ac_luminance                        0x080086fe   Data          17  jcint.o(.constdata)
    val_ac_luminance                         0x0800870f   Data         162  jcint.o(.constdata)
    bits_ac_chrominance                      0x080087b1   Data          17  jcint.o(.constdata)
    val_ac_chrominance                       0x080087c2   Data         162  jcint.o(.constdata)
    .constdata                               0x08008864   Section       24  jcmarker.o(.constdata)
    jfcode                                   0x08008864   Data          18  jcmarker.o(.constdata)
    code                                     0x08008876   Data           6  jcmarker.o(.constdata)
    .constdata                               0x0800887c   Section       64  jutility.o(.constdata)
    zz_order                                 0x0800887c   Data          64  jutility.o(.constdata)
    .ARM.__AT_0x10000000                     0x10000000   Section    61440  malloc.o(.ARM.__AT_0x10000000)
    .ARM.__AT_0x1000F000                     0x1000f000   Section     3840  malloc.o(.ARM.__AT_0x1000F000)
    .data                                    0x20000000   Section       99  main.o(.data)
    t_mpu                                    0x20000050   Data           4  main.o(.data)
    t_focus                                  0x20000054   Data           4  main.o(.data)
    cnt_flow                                 0x20000058   Data           1  main.o(.data)
    lasttime                                 0x2000005c   Data           4  main.o(.data)
    cnt_up_fig                               0x20000060   Data           2  main.o(.data)
    uart_init                                0x20000062   Data           1  main.o(.data)
    .data                                    0x20000063   Section        1  dcmi.o(.data)
    .data                                    0x20000064   Section       24  timer.o(.data)
    cnt_1s                                   0x20000074   Data           4  timer.o(.data)
    cnt_20ms                                 0x20000078   Data           4  timer.o(.data)
    .data                                    0x20000080   Section      180  flow.o(.data)
    pos_acc_flow                             0x20000108   Data           8  flow.o(.data)
    pos_flow                                 0x20000110   Data           8  flow.o(.data)
    spd                                      0x20000118   Data           8  flow.o(.data)
    init                                     0x20000120   Data           1  flow.o(.data)
    led                                      0x20000121   Data           1  flow.o(.data)
    hc_acc_i                                 0x20000124   Data           4  flow.o(.data)
    wz_speed_0                               0x20000128   Data           4  flow.o(.data)
    wz_speed_1                               0x2000012c   Data           4  flow.o(.data)
    wz_speed_old                             0x20000130   Data           4  flow.o(.data)
    .data                                    0x20000134   Section        8  delay.o(.data)
    fac_us                                   0x20000134   Data           1  delay.o(.data)
    fac_ms                                   0x20000136   Data           2  delay.o(.data)
    .data                                    0x2000013c   Section       22  usart.o(.data)
    _data_len_app                            0x2000014c   Data           1  usart.o(.data)
    _data_cnt_app                            0x2000014d   Data           1  usart.o(.data)
    .data                                    0x20000152   Section       16  stm32f4xx_rcc.o(.data)
    APBAHBPrescTable                         0x20000152   Data          16  stm32f4xx_rcc.o(.data)
    .data                                    0x20000164   Section       89  filter.o(.data)
    pn                                       0x200001b0   Data           1  filter.o(.data)
    h_tmp_x                                  0x200001b4   Data           4  filter.o(.data)
    h_tmp_y                                  0x200001b8   Data           4  filter.o(.data)
    init                                     0x200001bc   Data           1  filter.o(.data)
    .data                                    0x200001c0   Section        8  jchuff.o(.data)
    buffer                                   0x200001c0   Data           4  jchuff.o(.data)
    bits_in_buffer                           0x200001c4   Data           4  jchuff.o(.data)
    .data                                    0x200001c8   Section        4  jpg_code.o(.data)
    .bss                                     0x200001d0   Section    51728  main.o(.bss)
    jpeg_buf                                 0x200001d0   Data       32768  main.o(.bss)
    .bss                                     0x2000cbe0   Section       14  dcmi.o(.bss)
    .bss                                     0x2000cbf0   Section      240  delay.o(.bss)
    .bss                                     0x2000cce0   Section    33106  usart.o(.bss)
    .bss                                     0x20014e34   Section     6552  filter.o(.bss)
    .bss                                     0x200167cc   Section      256  dct.o(.bss)
    .bss                                     0x200168cc   Section    13004  jcapi.o(.bss)
    .bss                                     0x20019b98   Section     1024  jcint.o(.bss)
    gtmp_hsize                               0x20019b98   Data         512  jcint.o(.bss)
    gtmp_hcode                               0x20019d98   Data         512  jcint.o(.bss)
    .bss                                     0x20019f98   Section    17176  jpg_code.o(.bss)
    .bss                                     0x2001e2b0   Section       96  libspace.o(.bss)
    HEAP                                     0x2001e310   Section      512  startup_stm32f40_41xxx.o(HEAP)
    Heap_Mem                                 0x2001e310   Data         512  startup_stm32f40_41xxx.o(HEAP)
    STACK                                    0x2001e510   Section     1024  startup_stm32f40_41xxx.o(STACK)
    Stack_Mem                                0x2001e510   Data        1024  startup_stm32f40_41xxx.o(STACK)
    __initial_sp                             0x2001e910   Data           0  startup_stm32f40_41xxx.o(STACK)
    .ARM.__AT_0x68000000                     0x68000000   Section    983040  malloc.o(.ARM.__AT_0x68000000)
    .ARM.__AT_0x680F0000                     0x680f0000   Section    61440  malloc.o(.ARM.__AT_0x680F0000)

    Global Symbols

    Symbol Name                              Value     Ov Type        Size  Object(Section)

    BuildAttributes$$THM_ISAv4$E$P$D$K$B$S$7EM$VFPi3$EXTD16$VFPS$VFMA$PE$A:L22UL41UL21$X:L11$S22US41US21$IEEE1$IW$USESV6$~STKCKD$USESV7$~SHL$OTIME$ROPI$IEEEJ$EBA8$UX$STANDARDLIB$REQ8$PRES8$EABIv2 0x00000000   Number         0  anon$$obj.o ABSOLUTE
    __ARM_use_no_argv                        0x00000000   Number         0  main.o ABSOLUTE
    __ARM_exceptions_init                     - Undefined Weak Reference
    __alloca_initialize                       - Undefined Weak Reference
    __arm_preinit_                            - Undefined Weak Reference
    __cpp_initialize__aeabi_                  - Undefined Weak Reference
    __cxa_finalize                            - Undefined Weak Reference
    __rt_locale                               - Undefined Weak Reference
    __sigvec_lookup                           - Undefined Weak Reference
    _atexit_init                              - Undefined Weak Reference
    _call_atexit_fns                          - Undefined Weak Reference
    _clock_init                               - Undefined Weak Reference
    _fp_trap_init                             - Undefined Weak Reference
    _fp_trap_shutdown                         - Undefined Weak Reference
    _get_lc_collate                           - Undefined Weak Reference
    _get_lc_ctype                             - Undefined Weak Reference
    _get_lc_monetary                          - Undefined Weak Reference
    _get_lc_numeric                           - Undefined Weak Reference
    _get_lc_time                              - Undefined Weak Reference
    _getenv_init                              - Undefined Weak Reference
    _handle_redirection                       - Undefined Weak Reference
    _init_alloc                               - Undefined Weak Reference
    _init_user_alloc                          - Undefined Weak Reference
    _initio                                   - Undefined Weak Reference
    _rand_init                                - Undefined Weak Reference
    _signal_finish                            - Undefined Weak Reference
    _signal_init                              - Undefined Weak Reference
    _terminate_alloc                          - Undefined Weak Reference
    _terminate_user_alloc                     - Undefined Weak Reference
    _terminateio                              - Undefined Weak Reference
    __Vectors_Size                           0x00000188   Number         0  startup_stm32f40_41xxx.o ABSOLUTE
    __Vectors                                0x08000000   Data           4  startup_stm32f40_41xxx.o(RESET)
    __Vectors_End                            0x08000188   Data           0  startup_stm32f40_41xxx.o(RESET)
    __main                                   0x08000189   Thumb Code     8  __main.o(!!!main)
    __scatterload                            0x08000191   Thumb Code     0  __scatter.o(!!!scatter)
    __scatterload_rt2                        0x08000191   Thumb Code    44  __scatter.o(!!!scatter)
    __scatterload_rt2_thumb_only             0x08000191   Thumb Code     0  __scatter.o(!!!scatter)
    __scatterload_null                       0x0800019f   Thumb Code     0  __scatter.o(!!!scatter)
    __decompress                             0x080001c5   Thumb Code    90  __dczerorl2.o(!!dczerorl2)
    __decompress1                            0x080001c5   Thumb Code     0  __dczerorl2.o(!!dczerorl2)
    __scatterload_zeroinit                   0x08000221   Thumb Code    28  __scatter_zi.o(!!handler_zi)
    __rt_lib_init                            0x0800023d   Thumb Code     0  libinit.o(.ARM.Collect$$libinit$$00000000)
    __rt_lib_init_fp_1                       0x0800023f   Thumb Code     0  libinit2.o(.ARM.Collect$$libinit$$00000001)
    __rt_lib_init_alloca_1                   0x08000243   Thumb Code     0  libinit2.o(.ARM.Collect$$libinit$$0000002E)
    __rt_lib_init_argv_1                     0x08000243   Thumb Code     0  libinit2.o(.ARM.Collect$$libinit$$0000002C)
    __rt_lib_init_atexit_1                   0x08000243   Thumb Code     0  libinit2.o(.ARM.Collect$$libinit$$0000001B)
    __rt_lib_init_clock_1                    0x08000243   Thumb Code     0  libinit2.o(.ARM.Collect$$libinit$$00000021)
    __rt_lib_init_cpp_1                      0x08000243   Thumb Code     0  libinit2.o(.ARM.Collect$$libinit$$00000032)
    __rt_lib_init_exceptions_1               0x08000243   Thumb Code     0  libinit2.o(.ARM.Collect$$libinit$$00000030)
    __rt_lib_init_fp_trap_1                  0x08000243   Thumb Code     0  libinit2.o(.ARM.Collect$$libinit$$0000001F)
    __rt_lib_init_getenv_1                   0x08000243   Thumb Code     0  libinit2.o(.ARM.Collect$$libinit$$00000023)
    __rt_lib_init_heap_1                     0x08000243   Thumb Code     0  libinit2.o(.ARM.Collect$$libinit$$0000000A)
    __rt_lib_init_lc_collate_1               0x08000243   Thumb Code     0  libinit2.o(.ARM.Collect$$libinit$$00000011)
    __rt_lib_init_lc_ctype_1                 0x08000243   Thumb Code     0  libinit2.o(.ARM.Collect$$libinit$$00000013)
    __rt_lib_init_lc_monetary_1              0x08000243   Thumb Code     0  libinit2.o(.ARM.Collect$$libinit$$00000015)
    __rt_lib_init_lc_numeric_1               0x08000243   Thumb Code     0  libinit2.o(.ARM.Collect$$libinit$$00000017)
    __rt_lib_init_lc_time_1                  0x08000243   Thumb Code     0  libinit2.o(.ARM.Collect$$libinit$$00000019)
    __rt_lib_init_preinit_1                  0x08000243   Thumb Code     0  libinit2.o(.ARM.Collect$$libinit$$00000004)
    __rt_lib_init_rand_1                     0x08000243   Thumb Code     0  libinit2.o(.ARM.Collect$$libinit$$0000000E)
    __rt_lib_init_return                     0x08000243   Thumb Code     0  libinit2.o(.ARM.Collect$$libinit$$00000033)
    __rt_lib_init_signal_1                   0x08000243   Thumb Code     0  libinit2.o(.ARM.Collect$$libinit$$0000001D)
    __rt_lib_init_stdio_1                    0x08000243   Thumb Code     0  libinit2.o(.ARM.Collect$$libinit$$00000025)
    __rt_lib_init_user_alloc_1               0x08000243   Thumb Code     0  libinit2.o(.ARM.Collect$$libinit$$0000000C)
    __rt_lib_shutdown                        0x08000245   Thumb Code     0  libshutdown.o(.ARM.Collect$$libshutdown$$00000000)
    __rt_lib_shutdown_cpp_1                  0x08000247   Thumb Code     0  libshutdown2.o(.ARM.Collect$$libshutdown$$00000002)
    __rt_lib_shutdown_fp_trap_1              0x08000247   Thumb Code     0  libshutdown2.o(.ARM.Collect$$libshutdown$$00000007)
    __rt_lib_shutdown_heap_1                 0x08000247   Thumb Code     0  libshutdown2.o(.ARM.Collect$$libshutdown$$0000000F)
    __rt_lib_shutdown_return                 0x08000247   Thumb Code     0  libshutdown2.o(.ARM.Collect$$libshutdown$$00000010)
    __rt_lib_shutdown_signal_1               0x08000247   Thumb Code     0  libshutdown2.o(.ARM.Collect$$libshutdown$$0000000A)
    __rt_lib_shutdown_stdio_1                0x08000247   Thumb Code     0  libshutdown2.o(.ARM.Collect$$libshutdown$$00000004)
    __rt_lib_shutdown_user_alloc_1           0x08000247   Thumb Code     0  libshutdown2.o(.ARM.Collect$$libshutdown$$0000000C)
    __rt_entry                               0x08000249   Thumb Code     0  __rtentry.o(.ARM.Collect$$rtentry$$00000000)
    __rt_entry_presh_1                       0x08000249   Thumb Code     0  __rtentry2.o(.ARM.Collect$$rtentry$$00000002)
    __rt_entry_sh                            0x08000249   Thumb Code     0  __rtentry4.o(.ARM.Collect$$rtentry$$00000004)
    __rt_entry_li                            0x0800024f   Thumb Code     0  __rtentry2.o(.ARM.Collect$$rtentry$$0000000A)
    __rt_entry_postsh_1                      0x0800024f   Thumb Code     0  __rtentry2.o(.ARM.Collect$$rtentry$$00000009)
    __rt_entry_main                          0x08000253   Thumb Code     0  __rtentry2.o(.ARM.Collect$$rtentry$$0000000D)
    __rt_entry_postli_1                      0x08000253   Thumb Code     0  __rtentry2.o(.ARM.Collect$$rtentry$$0000000C)
    __rt_exit                                0x0800025b   Thumb Code     0  rtexit.o(.ARM.Collect$$rtexit$$00000000)
    __rt_exit_ls                             0x0800025d   Thumb Code     0  rtexit2.o(.ARM.Collect$$rtexit$$00000003)
    __rt_exit_prels_1                        0x0800025d   Thumb Code     0  rtexit2.o(.ARM.Collect$$rtexit$$00000002)
    __rt_exit_exit                           0x08000261   Thumb Code     0  rtexit2.o(.ARM.Collect$$rtexit$$00000004)
    Reset_Handler                            0x08000269   Thumb Code     8  startup_stm32f40_41xxx.o(.text)
    ADC_IRQHandler                           0x08000283   Thumb Code     0  startup_stm32f40_41xxx.o(.text)
    CAN1_RX0_IRQHandler                      0x08000283   Thumb Code     0  startup_stm32f40_41xxx.o(.text)
    CAN1_RX1_IRQHandler                      0x08000283   Thumb Code     0  startup_stm32f40_41xxx.o(.text)
    CAN1_SCE_IRQHandler                      0x08000283   Thumb Code     0  startup_stm32f40_41xxx.o(.text)
    CAN1_TX_IRQHandler                       0x08000283   Thumb Code     0  startup_stm32f40_41xxx.o(.text)
    CAN2_RX0_IRQHandler                      0x08000283   Thumb Code     0  startup_stm32f40_41xxx.o(.text)
    CAN2_RX1_IRQHandler                      0x08000283   Thumb Code     0  startup_stm32f40_41xxx.o(.text)
    CAN2_SCE_IRQHandler                      0x08000283   Thumb Code     0  startup_stm32f40_41xxx.o(.text)
    CAN2_TX_IRQHandler                       0x08000283   Thumb Code     0  startup_stm32f40_41xxx.o(.text)
    CRYP_IRQHandler                          0x08000283   Thumb Code     0  startup_stm32f40_41xxx.o(.text)
    DMA1_Stream0_IRQHandler                  0x08000283   Thumb Code     0  startup_stm32f40_41xxx.o(.text)
    DMA1_Stream1_IRQHandler                  0x08000283   Thumb Code     0  startup_stm32f40_41xxx.o(.text)
    DMA1_Stream2_IRQHandler                  0x08000283   Thumb Code     0  startup_stm32f40_41xxx.o(.text)
    DMA1_Stream3_IRQHandler                  0x08000283   Thumb Code     0  startup_stm32f40_41xxx.o(.text)
    DMA1_Stream4_IRQHandler                  0x08000283   Thumb Code     0  startup_stm32f40_41xxx.o(.text)
    DMA1_Stream5_IRQHandler                  0x08000283   Thumb Code     0  startup_stm32f40_41xxx.o(.text)
    DMA1_Stream6_IRQHandler                  0x08000283   Thumb Code     0  startup_stm32f40_41xxx.o(.text)
    DMA1_Stream7_IRQHandler                  0x08000283   Thumb Code     0  startup_stm32f40_41xxx.o(.text)
    DMA2_Stream0_IRQHandler                  0x08000283   Thumb Code     0  startup_stm32f40_41xxx.o(.text)
    DMA2_Stream1_IRQHandler                  0x08000283   Thumb Code     0  startup_stm32f40_41xxx.o(.text)
    DMA2_Stream2_IRQHandler                  0x08000283   Thumb Code     0  startup_stm32f40_41xxx.o(.text)
    DMA2_Stream3_IRQHandler                  0x08000283   Thumb Code     0  startup_stm32f40_41xxx.o(.text)
    DMA2_Stream4_IRQHandler                  0x08000283   Thumb Code     0  startup_stm32f40_41xxx.o(.text)
    DMA2_Stream5_IRQHandler                  0x08000283   Thumb Code     0  startup_stm32f40_41xxx.o(.text)
    DMA2_Stream6_IRQHandler                  0x08000283   Thumb Code     0  startup_stm32f40_41xxx.o(.text)
    DMA2_Stream7_IRQHandler                  0x08000283   Thumb Code     0  startup_stm32f40_41xxx.o(.text)
    ETH_IRQHandler                           0x08000283   Thumb Code     0  startup_stm32f40_41xxx.o(.text)
    ETH_WKUP_IRQHandler                      0x08000283   Thumb Code     0  startup_stm32f40_41xxx.o(.text)
    EXTI0_IRQHandler                         0x08000283   Thumb Code     0  startup_stm32f40_41xxx.o(.text)
    EXTI15_10_IRQHandler                     0x08000283   Thumb Code     0  startup_stm32f40_41xxx.o(.text)
    EXTI1_IRQHandler                         0x08000283   Thumb Code     0  startup_stm32f40_41xxx.o(.text)
    EXTI2_IRQHandler                         0x08000283   Thumb Code     0  startup_stm32f40_41xxx.o(.text)
    EXTI3_IRQHandler                         0x08000283   Thumb Code     0  startup_stm32f40_41xxx.o(.text)
    EXTI4_IRQHandler                         0x08000283   Thumb Code     0  startup_stm32f40_41xxx.o(.text)
    EXTI9_5_IRQHandler                       0x08000283   Thumb Code     0  startup_stm32f40_41xxx.o(.text)
    FLASH_IRQHandler                         0x08000283   Thumb Code     0  startup_stm32f40_41xxx.o(.text)
    FPU_IRQHandler                           0x08000283   Thumb Code     0  startup_stm32f40_41xxx.o(.text)
    FSMC_IRQHandler                          0x08000283   Thumb Code     0  startup_stm32f40_41xxx.o(.text)
    HASH_RNG_IRQHandler                      0x08000283   Thumb Code     0  startup_stm32f40_41xxx.o(.text)
    I2C1_ER_IRQHandler                       0x08000283   Thumb Code     0  startup_stm32f40_41xxx.o(.text)
    I2C1_EV_IRQHandler                       0x08000283   Thumb Code     0  startup_stm32f40_41xxx.o(.text)
    I2C2_ER_IRQHandler                       0x08000283   Thumb Code     0  startup_stm32f40_41xxx.o(.text)
    I2C2_EV_IRQHandler                       0x08000283   Thumb Code     0  startup_stm32f40_41xxx.o(.text)
    I2C3_ER_IRQHandler                       0x08000283   Thumb Code     0  startup_stm32f40_41xxx.o(.text)
    I2C3_EV_IRQHandler                       0x08000283   Thumb Code     0  startup_stm32f40_41xxx.o(.text)
    OTG_FS_IRQHandler                        0x08000283   Thumb Code     0  startup_stm32f40_41xxx.o(.text)
    OTG_FS_WKUP_IRQHandler                   0x08000283   Thumb Code     0  startup_stm32f40_41xxx.o(.text)
    OTG_HS_EP1_IN_IRQHandler                 0x08000283   Thumb Code     0  startup_stm32f40_41xxx.o(.text)
    OTG_HS_EP1_OUT_IRQHandler                0x08000283   Thumb Code     0  startup_stm32f40_41xxx.o(.text)
    OTG_HS_IRQHandler                        0x08000283   Thumb Code     0  startup_stm32f40_41xxx.o(.text)
    OTG_HS_WKUP_IRQHandler                   0x08000283   Thumb Code     0  startup_stm32f40_41xxx.o(.text)
    PVD_IRQHandler                           0x08000283   Thumb Code     0  startup_stm32f40_41xxx.o(.text)
    RCC_IRQHandler                           0x08000283   Thumb Code     0  startup_stm32f40_41xxx.o(.text)
    RTC_Alarm_IRQHandler                     0x08000283   Thumb Code     0  startup_stm32f40_41xxx.o(.text)
    RTC_WKUP_IRQHandler                      0x08000283   Thumb Code     0  startup_stm32f40_41xxx.o(.text)
    SDIO_IRQHandler                          0x08000283   Thumb Code     0  startup_stm32f40_41xxx.o(.text)
    SPI1_IRQHandler                          0x08000283   Thumb Code     0  startup_stm32f40_41xxx.o(.text)
    SPI2_IRQHandler                          0x08000283   Thumb Code     0  startup_stm32f40_41xxx.o(.text)
    SPI3_IRQHandler                          0x08000283   Thumb Code     0  startup_stm32f40_41xxx.o(.text)
    TAMP_STAMP_IRQHandler                    0x08000283   Thumb Code     0  startup_stm32f40_41xxx.o(.text)
    TIM1_BRK_TIM9_IRQHandler                 0x08000283   Thumb Code     0  startup_stm32f40_41xxx.o(.text)
    TIM1_CC_IRQHandler                       0x08000283   Thumb Code     0  startup_stm32f40_41xxx.o(.text)
    TIM1_TRG_COM_TIM11_IRQHandler            0x08000283   Thumb Code     0  startup_stm32f40_41xxx.o(.text)
    TIM1_UP_TIM10_IRQHandler                 0x08000283   Thumb Code     0  startup_stm32f40_41xxx.o(.text)
    TIM2_IRQHandler                          0x08000283   Thumb Code     0  startup_stm32f40_41xxx.o(.text)
    TIM4_IRQHandler                          0x08000283   Thumb Code     0  startup_stm32f40_41xxx.o(.text)
    TIM5_IRQHandler                          0x08000283   Thumb Code     0  startup_stm32f40_41xxx.o(.text)
    TIM6_DAC_IRQHandler                      0x08000283   Thumb Code     0  startup_stm32f40_41xxx.o(.text)
    TIM7_IRQHandler                          0x08000283   Thumb Code     0  startup_stm32f40_41xxx.o(.text)
    TIM8_BRK_TIM12_IRQHandler                0x08000283   Thumb Code     0  startup_stm32f40_41xxx.o(.text)
    TIM8_CC_IRQHandler                       0x08000283   Thumb Code     0  startup_stm32f40_41xxx.o(.text)
    TIM8_TRG_COM_TIM14_IRQHandler            0x08000283   Thumb Code     0  startup_stm32f40_41xxx.o(.text)
    TIM8_UP_TIM13_IRQHandler                 0x08000283   Thumb Code     0  startup_stm32f40_41xxx.o(.text)
    UART4_IRQHandler                         0x08000283   Thumb Code     0  startup_stm32f40_41xxx.o(.text)
    UART5_IRQHandler                         0x08000283   Thumb Code     0  startup_stm32f40_41xxx.o(.text)
    USART2_IRQHandler                        0x08000283   Thumb Code     0  startup_stm32f40_41xxx.o(.text)
    USART3_IRQHandler                        0x08000283   Thumb Code     0  startup_stm32f40_41xxx.o(.text)
    USART6_IRQHandler                        0x08000283   Thumb Code     0  startup_stm32f40_41xxx.o(.text)
    WWDG_IRQHandler                          0x08000283   Thumb Code     0  startup_stm32f40_41xxx.o(.text)
    __user_initial_stackheap                 0x08000285   Thumb Code     0  startup_stm32f40_41xxx.o(.text)
    __use_no_semihosting                     0x080002a9   Thumb Code     2  use_no_semi_2.o(.text)
    __aeabi_memcpy                           0x080002ab   Thumb Code     0  rt_memcpy_v6.o(.text)
    __rt_memcpy                              0x080002ab   Thumb Code   138  rt_memcpy_v6.o(.text)
    _memcpy_lastbytes                        0x08000311   Thumb Code     0  rt_memcpy_v6.o(.text)
    __aeabi_memcpy4                          0x08000335   Thumb Code     0  rt_memcpy_w.o(.text)
    __aeabi_memcpy8                          0x08000335   Thumb Code     0  rt_memcpy_w.o(.text)
    __rt_memcpy_w                            0x08000335   Thumb Code   100  rt_memcpy_w.o(.text)
    _memcpy_lastbytes_aligned                0x0800037d   Thumb Code     0  rt_memcpy_w.o(.text)
    __aeabi_memclr                           0x08000399   Thumb Code     0  rt_memclr.o(.text)
    __rt_memclr                              0x08000399   Thumb Code    68  rt_memclr.o(.text)
    _memset                                  0x0800039d   Thumb Code     0  rt_memclr.o(.text)
    __aeabi_memclr4                          0x080003dd   Thumb Code     0  rt_memclr_w.o(.text)
    __aeabi_memclr8                          0x080003dd   Thumb Code     0  rt_memclr_w.o(.text)
    __rt_memclr_w                            0x080003dd   Thumb Code    78  rt_memclr_w.o(.text)
    _memset_w                                0x080003e1   Thumb Code     0  rt_memclr_w.o(.text)
    __use_two_region_memory                  0x0800042b   Thumb Code     2  heapauxi.o(.text)
    __rt_heap_escrow$2region                 0x0800042d   Thumb Code     2  heapauxi.o(.text)
    __rt_heap_expand$2region                 0x0800042f   Thumb Code     2  heapauxi.o(.text)
    __I$use$semihosting                      0x08000431   Thumb Code     0  use_no_semi.o(.text)
    __use_no_semihosting_swi                 0x08000431   Thumb Code     2  use_no_semi.o(.text)
    __user_setup_stackheap                   0x08000433   Thumb Code    74  sys_stackheap_outer.o(.text)
    exit                                     0x0800047d   Thumb Code    18  exit.o(.text)
    __user_libspace                          0x08000491   Thumb Code     8  libspace.o(.text)
    __user_perproc_libspace                  0x08000491   Thumb Code     0  libspace.o(.text)
    __user_perthread_libspace                0x08000491   Thumb Code     0  libspace.o(.text)
    BusFault_Handler                         0x08000499   Thumb Code     4  stm32f4xx_it.o(i.BusFault_Handler)
    Compression                              0x0800049d   Thumb Code    96  jpg_code.o(i.Compression)
    Cycle_Time_Init                          0x08000509   Thumb Code    22  delay.o(i.Cycle_Time_Init)
    DCMI_CaptureCmd                          0x08000521   Thumb Code    30  stm32f4xx_dcmi.o(i.DCMI_CaptureCmd)
    DCMI_ClearITPendingBit                   0x08000545   Thumb Code     6  stm32f4xx_dcmi.o(i.DCMI_ClearITPendingBit)
    DCMI_Cmd                                 0x08000551   Thumb Code    30  stm32f4xx_dcmi.o(i.DCMI_Cmd)
    DCMI_DMA_Init                            0x08000575   Thumb Code    94  dcmi.o(i.DCMI_DMA_Init)
    DCMI_DeInit                              0x080005dd   Thumb Code    24  stm32f4xx_dcmi.o(i.DCMI_DeInit)
    DCMI_GetITStatus                         0x080005f9   Thumb Code    24  stm32f4xx_dcmi.o(i.DCMI_GetITStatus)
    DCMI_IRQHandler                          0x08000615   Thumb Code    50  dcmi.o(i.DCMI_IRQHandler)
    DCMI_ITConfig                            0x08000651   Thumb Code    30  stm32f4xx_dcmi.o(i.DCMI_ITConfig)
    DCMI_Init                                0x08000675   Thumb Code    60  stm32f4xx_dcmi.o(i.DCMI_Init)
    DCMI_Start                               0x080006b5   Thumb Code    18  dcmi.o(i.DCMI_Start)
    DCMI_Stop                                0x080006cd   Thumb Code    32  dcmi.o(i.DCMI_Stop)
    DMA_ClearFlag                            0x080006f5   Thumb Code    38  stm32f4xx_dma.o(i.DMA_ClearFlag)
    DMA_Cmd                                  0x08000729   Thumb Code    22  stm32f4xx_dma.o(i.DMA_Cmd)
    DMA_DeInit                               0x08000741   Thumb Code   324  stm32f4xx_dma.o(i.DMA_DeInit)
    DMA_GetCmdStatus                         0x08000899   Thumb Code    20  stm32f4xx_dma.o(i.DMA_GetCmdStatus)
    DMA_GetCurrDataCounter                   0x080008ad   Thumb Code     8  stm32f4xx_dma.o(i.DMA_GetCurrDataCounter)
    DMA_GetFlagStatus                        0x080008b5   Thumb Code    54  stm32f4xx_dma.o(i.DMA_GetFlagStatus)
    DMA_Init                                 0x080008f9   Thumb Code    82  stm32f4xx_dma.o(i.DMA_Init)
    DMA_SetCurrDataCounter                   0x08000951   Thumb Code     4  stm32f4xx_dma.o(i.DMA_SetCurrDataCounter)
    Data_app                                 0x08000955   Thumb Code   142  usart.o(i.Data_app)
    DebugMon_Handler                         0x080009f9   Thumb Code     2  stm32f4xx_it.o(i.DebugMon_Handler)
    GPIO_Init                                0x080009fb   Thumb Code   144  stm32f4xx_gpio.o(i.GPIO_Init)
    GPIO_PinAFConfig                         0x08000a8b   Thumb Code    70  stm32f4xx_gpio.o(i.GPIO_PinAFConfig)
    GPIO_SetBits                             0x08000ad1   Thumb Code     4  stm32f4xx_gpio.o(i.GPIO_SetBits)
    GRAY_RGB                                 0x08000ad5   Thumb Code    24  flow.o(i.GRAY_RGB)
    Get_Cycle_T                              0x08000aed   Thumb Code   118  delay.o(i.Get_Cycle_T)
    HardFault_Handler                        0x08000b69   Thumb Code     4  stm32f4xx_it.o(i.HardFault_Handler)
    HistNormolize                            0x08000b6d   Thumb Code   376  main.o(i.HistNormolize)
    IWDG_Enable                              0x08000cf9   Thumb Code    10  stm32f4xx_iwdg.o(i.IWDG_Enable)
    IWDG_Feed                                0x08000d09   Thumb Code     8  dog.o(i.IWDG_Feed)
    IWDG_Init                                0x08000d11   Thumb Code    36  dog.o(i.IWDG_Init)
    IWDG_ReloadCounter                       0x08000d35   Thumb Code    10  stm32f4xx_iwdg.o(i.IWDG_ReloadCounter)
    IWDG_SetPrescaler                        0x08000d45   Thumb Code     6  stm32f4xx_iwdg.o(i.IWDG_SetPrescaler)
    IWDG_SetReload                           0x08000d51   Thumb Code     6  stm32f4xx_iwdg.o(i.IWDG_SetReload)
    IWDG_WriteAccessCmd                      0x08000d5d   Thumb Code     6  stm32f4xx_iwdg.o(i.IWDG_WriteAccessCmd)
    Initial_Timer5                           0x08000d69   Thumb Code    66  delay.o(i.Initial_Timer5)
    KEY_Init                                 0x08000db5   Thumb Code    60  key.o(i.KEY_Init)
    LED_Init                                 0x08000df9   Thumb Code    56  led.o(i.LED_Init)
    MYDMA_Config                             0x08000e35   Thumb Code   184  dma.o(i.MYDMA_Config)
    MYDMA_Enable                             0x08000ef1   Thumb Code    44  dma.o(i.MYDMA_Enable)
    MemManage_Handler                        0x08000f1d   Thumb Code     4  stm32f4xx_it.o(i.MemManage_Handler)
    My_DCMI_Init                             0x08000f21   Thumb Code   282  dcmi.o(i.My_DCMI_Init)
    NMI_Handler                              0x08001051   Thumb Code     2  stm32f4xx_it.o(i.NMI_Handler)
    NVIC_Init                                0x08001055   Thumb Code   106  misc.o(i.NVIC_Init)
    NVIC_PriorityGroupConfig                 0x080010cd   Thumb Code    10  misc.o(i.NVIC_PriorityGroupConfig)
    OV5640_Brightness                        0x080010e1   Thumb Code    90  ov5640.o(i.OV5640_Brightness)
    OV5640_Color_Saturation                  0x0800113d   Thumb Code   120  ov5640.o(i.OV5640_Color_Saturation)
    OV5640_Contrast                          0x080011b9   Thumb Code   120  ov5640.o(i.OV5640_Contrast)
    OV5640_Exposure                          0x08001231   Thumb Code   154  ov5640.o(i.OV5640_Exposure)
    OV5640_Focus_Init                        0x080012d1   Thumb Code   180  ov5640.o(i.OV5640_Focus_Init)
    OV5640_Focus_Single                      0x08001389   Thumb Code    60  ov5640.o(i.OV5640_Focus_Single)
    OV5640_Init                              0x080013c5   Thumb Code   242  ov5640.o(i.OV5640_Init)
    OV5640_Light_Mode                        0x080014cd   Thumb Code    66  ov5640.o(i.OV5640_Light_Mode)
    OV5640_OutSize_Set                       0x08001515   Thumb Code   128  ov5640.o(i.OV5640_OutSize_Set)
    OV5640_RD_Reg                            0x08001595   Thumb Code    60  ov5640.o(i.OV5640_RD_Reg)
    OV5640_RGB565_Mode                       0x080015d1   Thumb Code    36  ov5640.o(i.OV5640_RGB565_Mode)
    OV5640_Sharpness                         0x080015f9   Thumb Code   122  ov5640.o(i.OV5640_Sharpness)
    OV5640_Special_Effects                   0x08001675   Thumb Code    98  ov5640.o(i.OV5640_Special_Effects)
    OV5640_WR_Reg                            0x080016dd   Thumb Code    60  ov5640.o(i.OV5640_WR_Reg)
    PendSV_Handler                           0x08001719   Thumb Code     2  stm32f4xx_it.o(i.PendSV_Handler)
    RCC_AHB1PeriphClockCmd                   0x0800171d   Thumb Code    26  stm32f4xx_rcc.o(i.RCC_AHB1PeriphClockCmd)
    RCC_AHB2PeriphClockCmd                   0x0800173d   Thumb Code    26  stm32f4xx_rcc.o(i.RCC_AHB2PeriphClockCmd)
    RCC_APB1PeriphClockCmd                   0x0800175d   Thumb Code    26  stm32f4xx_rcc.o(i.RCC_APB1PeriphClockCmd)
    RCC_APB2PeriphClockCmd                   0x0800177d   Thumb Code    26  stm32f4xx_rcc.o(i.RCC_APB2PeriphClockCmd)
    RCC_GetClocksFreq                        0x0800179d   Thumb Code   214  stm32f4xx_rcc.o(i.RCC_GetClocksFreq)
    RGB565TORGB24                            0x08001885   Thumb Code    74  jpg_code.o(i.RGB565TORGB24)
    RGB_GRAY_16                              0x080018d5   Thumb Code    66  flow.o(i.RGB_GRAY_16)
    SCCB_Init                                0x0800191d   Thumb Code    78  sccb.o(i.SCCB_Init)
    SCCB_No_Ack                              0x08001971   Thumb Code    56  sccb.o(i.SCCB_No_Ack)
    SCCB_RD_Byte                             0x080019b1   Thumb Code   100  sccb.o(i.SCCB_RD_Byte)
    SCCB_Start                               0x08001a21   Thumb Code    42  sccb.o(i.SCCB_Start)
    SCCB_Stop                                0x08001a55   Thumb Code    42  sccb.o(i.SCCB_Stop)
    SCCB_WR_Byte                             0x08001a89   Thumb Code   154  sccb.o(i.SCCB_WR_Byte)
    SVC_Handler                              0x08001b31   Thumb Code     2  stm32f4xx_it.o(i.SVC_Handler)
    Send_FLOW                                0x08001b35   Thumb Code   282  usart.o(i.Send_FLOW)
    SysTick_CLKSourceConfig                  0x08001d55   Thumb Code    40  misc.o(i.SysTick_CLKSourceConfig)
    SysTick_Handler                          0x08001d7d   Thumb Code     2  stm32f4xx_it.o(i.SysTick_Handler)
    SystemInit                               0x08001d81   Thumb Code    88  system_stm32f4xx.o(i.SystemInit)
    TIM3_IRQHandler                          0x08001de9   Thumb Code    88  timer.o(i.TIM3_IRQHandler)
    TIM3_Int_Init                            0x08001e55   Thumb Code    88  timer.o(i.TIM3_Int_Init)
    TIM_ClearITPendingBit                    0x08001eb1   Thumb Code     6  stm32f4xx_tim.o(i.TIM_ClearITPendingBit)
    TIM_Cmd                                  0x08001eb7   Thumb Code    24  stm32f4xx_tim.o(i.TIM_Cmd)
    TIM_GetITStatus                          0x08001ecf   Thumb Code    34  stm32f4xx_tim.o(i.TIM_GetITStatus)
    TIM_ITConfig                             0x08001ef1   Thumb Code    18  stm32f4xx_tim.o(i.TIM_ITConfig)
    TIM_TimeBaseInit                         0x08001f05   Thumb Code   104  stm32f4xx_tim.o(i.TIM_TimeBaseInit)
    USART1_IRQHandler                        0x08001f89   Thumb Code   286  usart.o(i.USART1_IRQHandler)
    USART_ClearITPendingBit                  0x080020bd   Thumb Code    30  stm32f4xx_usart.o(i.USART_ClearITPendingBit)
    USART_Cmd                                0x080020db   Thumb Code    24  stm32f4xx_usart.o(i.USART_Cmd)
    USART_DMACmd                             0x080020f3   Thumb Code    18  stm32f4xx_usart.o(i.USART_DMACmd)
    USART_GetITStatus                        0x08002105   Thumb Code    84  stm32f4xx_usart.o(i.USART_GetITStatus)
    USART_ITConfig                           0x08002159   Thumb Code    74  stm32f4xx_usart.o(i.USART_ITConfig)
    USART_Init                               0x080021a5   Thumb Code   204  stm32f4xx_usart.o(i.USART_Init)
    UsageFault_Handler                       0x08002279   Thumb Code     4  stm32f4xx_it.o(i.UsageFault_Handler)
    _sys_exit                                0x0800227d   Thumb Code     6  usart.o(i._sys_exit)
    bit_num                                  0x08002283   Thumb Code    38  jchuff.o(i.bit_num)
    compute_flow                             0x08002455   Thumb Code  2528  flow.o(i.compute_flow)
    data_per_uart1                           0x080033b5   Thumb Code  1942  usart.o(i.data_per_uart1)
    delay_init                               0x08003b59   Thumb Code    52  delay.o(i.delay_init)
    delay_ms                                 0x08003b95   Thumb Code    56  delay.o(i.delay_ms)
    delay_us                                 0x08003bcd   Thumb Code    72  delay.o(i.delay_us)
    delay_xms                                0x08003c19   Thumb Code    72  delay.o(i.delay_xms)
    dsp_fdct_8x8                             0x08003c65   Thumb Code  1636  dct.o(i.dsp_fdct_8x8)
    firstOrderFilter                         0x080042cd   Thumb Code    90  filter.o(i.firstOrderFilter)
    flow_task                                0x0800432d   Thumb Code   366  flow.o(i.flow_task)
    gaussianFilter                           0x080044c9   Thumb Code   144  main.o(i.gaussianFilter)
    initFirstOrderFilter                     0x0800455d   Thumb Code   542  filter.o(i.initFirstOrderFilter)
    jhuff_encode_one_block                   0x080047c9   Thumb Code   200  jchuff.o(i.jhuff_encode_one_block)
    jhuff_flush_buffer                       0x08004891   Thumb Code   118  jchuff.o(i.jhuff_flush_buffer)
    jhuff_write_bits                         0x08004911   Thumb Code   124  jchuff.o(i.jhuff_write_bits)
    jint_add_huff_table                      0x08004995   Thumb Code   160  jcint.o(i.jint_add_huff_table)
    jint_add_quant_table                     0x08004a39   Thumb Code   116  jcint.o(i.jint_add_quant_table)
    jint_calc_huff_tbl                       0x08004ab9   Thumb Code   172  jcint.o(i.jint_calc_huff_tbl)
    jint_process_mcu                         0x08004b6d   Thumb Code   350  jcint.o(i.jint_process_mcu)
    jint_process_rows                        0x08004cd9   Thumb Code   320  jcint.o(i.jint_process_rows)
    jint_std_huff_tables                     0x08004e19   Thumb Code    70  jcint.o(i.jint_std_huff_tables)
    jint_std_quant_tables                    0x08004e81   Thumb Code    68  jcint.o(i.jint_std_quant_tables)
    jmkr_write_end                           0x08004ec9   Thumb Code    12  jcmarker.o(i.jmkr_write_end)
    jmkr_write_frame_head                    0x08004ed5   Thumb Code   220  jcmarker.o(i.jmkr_write_frame_head)
    jmkr_write_huff_table                    0x08004fb1   Thumb Code   322  jcmarker.o(i.jmkr_write_huff_table)
    jmkr_write_image_end                     0x080050f3   Thumb Code    22  jcmarker.o(i.jmkr_write_image_end)
    jmkr_write_image_start                   0x08005109   Thumb Code    22  jcmarker.o(i.jmkr_write_image_start)
    jmkr_write_jfif                          0x08005121   Thumb Code    26  jcmarker.o(i.jmkr_write_jfif)
    jmkr_write_quant_table                   0x08005141   Thumb Code   104  jcmarker.o(i.jmkr_write_quant_table)
    jmkr_write_scan_head                     0x080051a9   Thumb Code   170  jcmarker.o(i.jmkr_write_scan_head)
    jmkr_write_start                         0x08005253   Thumb Code    42  jcmarker.o(i.jmkr_write_start)
    jpeg_calc_value                          0x0800527d   Thumb Code   270  jcapi.o(i.jpeg_calc_value)
    jpeg_create_compress                     0x08005395   Thumb Code    24  jcapi.o(i.jpeg_create_compress)
    jpeg_data_process                        0x080053b1   Thumb Code   340  main.o(i.jpeg_data_process)
    jpeg_finish_compress                     0x08005535   Thumb Code   130  jcapi.o(i.jpeg_finish_compress)
    jpeg_set_default                         0x080055b7   Thumb Code   118  jcapi.o(i.jpeg_set_default)
    jpeg_start_compress                      0x0800562d   Thumb Code    64  jcapi.o(i.jpeg_start_compress)
    jpeg_write_scanline                      0x0800566d   Thumb Code   180  jcapi.o(i.jpeg_write_scanline)
    jutl_cc_rgb2ycc                          0x08005721   Thumb Code   200  jutility.o(i.jutl_cc_rgb2ycc)
    jutl_write_byte                          0x08005809   Thumb Code    30  jutility.o(i.jutl_write_byte)
    jutl_zigzag_sort                         0x0800582d   Thumb Code    44  jutility.o(i.jutl_zigzag_sort)
    main                                     0x0800585d   Thumb Code    96  main.o(i.main)
    micros                                   0x080058c5   Thumb Code     8  delay.o(i.micros)
    read_xy_rgb                              0x080058d1   Thumb Code   130  flow.o(i.read_xy_rgb)
    rgb565_test                              0x08005959   Thumb Code  1548  main.o(i.rgb565_test)
    uart_init                                0x08005f91   Thumb Code   166  usart.o(i.uart_init)
    uart_init2                               0x08006041   Thumb Code   122  usart.o(i.uart_init2)
    __aeabi_d2f                              0x080060c5   Thumb Code     0  d2f.o(x$fpl$d2f)
    _d2f                                     0x080060c5   Thumb Code    98  d2f.o(x$fpl$d2f)
    __aeabi_dadd                             0x08006129   Thumb Code     0  daddsub_clz.o(x$fpl$dadd)
    _dadd                                    0x08006129   Thumb Code   332  daddsub_clz.o(x$fpl$dadd)
    __fpl_dcmp_Inf                           0x08006279   Thumb Code    24  dcmpi.o(x$fpl$dcmpinf)
    __aeabi_ddiv                             0x08006291   Thumb Code     0  ddiv.o(x$fpl$ddiv)
    _ddiv                                    0x08006291   Thumb Code   552  ddiv.o(x$fpl$ddiv)
    __aeabi_d2iz                             0x08006541   Thumb Code     0  dfix.o(x$fpl$dfix)
    _dfix                                    0x08006541   Thumb Code    94  dfix.o(x$fpl$dfix)
    __aeabi_d2uiz                            0x080065a1   Thumb Code     0  dfixu.o(x$fpl$dfixu)
    _dfixu                                   0x080065a1   Thumb Code    90  dfixu.o(x$fpl$dfixu)
    __aeabi_ui2d                             0x080065fb   Thumb Code     0  dflt_clz.o(x$fpl$dfltu)
    _dfltu                                   0x080065fb   Thumb Code    38  dflt_clz.o(x$fpl$dfltu)
    __aeabi_cdcmple                          0x08006621   Thumb Code     0  dleqf.o(x$fpl$dleqf)
    _dcmple                                  0x08006621   Thumb Code   120  dleqf.o(x$fpl$dleqf)
    __fpl_dcmple_InfNaN                      0x08006683   Thumb Code     0  dleqf.o(x$fpl$dleqf)
    __aeabi_dmul                             0x08006699   Thumb Code     0  dmul.o(x$fpl$dmul)
    _dmul                                    0x08006699   Thumb Code   332  dmul.o(x$fpl$dmul)
    __fpl_dnaninf                            0x080067ed   Thumb Code   156  dnaninf.o(x$fpl$dnaninf)
    __fpl_dretinf                            0x08006889   Thumb Code    12  dretinf.o(x$fpl$dretinf)
    __aeabi_cdrcmple                         0x08006895   Thumb Code     0  drleqf.o(x$fpl$drleqf)
    _drcmple                                 0x08006895   Thumb Code   108  drleqf.o(x$fpl$drleqf)
    __aeabi_dsub                             0x08006901   Thumb Code     0  daddsub_clz.o(x$fpl$dsub)
    _dsub                                    0x08006901   Thumb Code   464  daddsub_clz.o(x$fpl$dsub)
    __aeabi_f2d                              0x08006ad5   Thumb Code     0  f2d.o(x$fpl$f2d)
    _f2d                                     0x08006ad5   Thumb Code    86  f2d.o(x$fpl$f2d)
    __fpl_fnaninf                            0x08006b2b   Thumb Code   140  fnaninf.o(x$fpl$fnaninf)
    _fp_init                                 0x08006bb7   Thumb Code    10  fpinit.o(x$fpl$fpinit)
    __fplib_config_fpu_vfp                   0x08006bbf   Thumb Code     0  fpinit.o(x$fpl$fpinit)
    __fplib_config_pureend_doubles           0x08006bbf   Thumb Code     0  fpinit.o(x$fpl$fpinit)
    __fpl_fretinf                            0x08006bc1   Thumb Code    10  fretinf.o(x$fpl$fretinf)
    __I$use$fp                               0x08006bca   Number         0  usenofp.o(x$fpl$usenofp)
    OV5640_jpeg_reg_tbl                      0x08006bf0   Data         164  ov5640.o(.constdata)
    ov5640_rgb565_reg_tbl                    0x08006c94   Data         180  ov5640.o(.constdata)
    ov5640_rgb565_reg_tbl_cif                0x08006d48   Data          60  ov5640.o(.constdata)
    ov5640_rgb565_reg_tbl90                  0x08006d84   Data         980  ov5640.o(.constdata)
    ov5640_rgb565_reg_tbl60                  0x08007158   Data         180  ov5640.o(.constdata)
    ov5640_init_reg_tbl                      0x0800720c   Data         828  ov5640.o(.constdata)
    OV5640_AF_Config                         0x08007548   Data        4077  ov5640.o(.constdata)
    Region$$Table$$Base                      0x080088bc   Number         0  anon$$obj.o(Region$$Table)
    Region$$Table$$Limit                     0x080088dc   Number         0  anon$$obj.o(Region$$Table)
    mem3base                                 0x10000000   Data       61440  malloc.o(.ARM.__AT_0x10000000)
    mem3mapbase                              0x1000f000   Data        3840  malloc.o(.ARM.__AT_0x1000F000)
    MAX_BRIGHT                               0x20000000   Data           1  main.o(.data)
    max_num                                  0x20000002   Data           2  main.o(.data)
    flow_q                                   0x20000004   Data           1  main.o(.data)
    jpg_q                                    0x20000008   Data           4  main.o(.data)
    en_lcd                                   0x2000000c   Data           1  main.o(.data)
    en_flow                                  0x2000000d   Data           1  main.o(.data)
    en_jpg                                   0x2000000e   Data           1  main.o(.data)
    t_flow                                   0x20000010   Data           4  main.o(.data)
    ovx_mode                                 0x20000014   Data           1  main.o(.data)
    offsetx                                  0x20000018   Data           4  main.o(.data)
    offsety                                  0x2000001c   Data           4  main.o(.data)
    jpeg_data_len                            0x20000020   Data           4  main.o(.data)
    jpeg_data_ok                             0x20000024   Data           1  main.o(.data)
    get_one                                  0x20000025   Data           1  main.o(.data)
    off_pix1                                 0x20000026   Data           2  main.o(.data)
    en_guass                                 0x20000028   Data           1  main.o(.data)
    ga_nav                                   0x2000002c   Data           4  main.o(.data)
    gwa_nav                                  0x20000030   Data           4  main.o(.data)
    g_pos_flow                               0x20000034   Data           4  main.o(.data)
    g_spd_flow                               0x20000038   Data           4  main.o(.data)
    en_camera                                0x2000003c   Data           1  main.o(.data)
    en_imu                                   0x2000003d   Data           1  main.o(.data)
    ALT_POS_SONAR                            0x20000040   Data           4  main.o(.data)
    k_px                                     0x20000044   Data           4  main.o(.data)
    K_spd_flow                               0x20000048   Data           4  main.o(.data)
    Shape                                    0x2000004c   Data           1  main.o(.data)
    Contract                                 0x2000004d   Data           1  main.o(.data)
    Effect                                   0x2000004e   Data           1  main.o(.data)
    ov_frame                                 0x20000063   Data           1  dcmi.o(.data)
    ov_frame_rx                              0x20000064   Data           1  timer.o(.data)
    K_acc_flt                                0x20000068   Data           4  timer.o(.data)
    t_mems                                   0x2000006c   Data           4  timer.o(.data)
    bmp_rx                                   0x20000070   Data           1  timer.o(.data)
    PARAM_BOTTOM_FLOW_FEATURE_THRESHOLD      0x20000080   Data           2  flow.o(.data)
    PARAM_BOTTOM_FLOW_VALUE_THRESHOLD        0x20000082   Data           2  flow.o(.data)
    PARAM_GYRO_COMPENSATION_THRESHOLD        0x20000084   Data           4  flow.o(.data)
    CORNER_THRE                              0x20000088   Data           4  flow.o(.data)
    SAD_THRE                                 0x2000008c   Data           4  flow.o(.data)
    SEARCH_SIZE1                             0x20000090   Data           4  flow.o(.data)
    NUM_BLOCKS1                              0x20000094   Data           4  flow.o(.data)
    meancount_set                            0x20000098   Data           1  flow.o(.data)
    en_hist_filter                           0x20000099   Data           1  flow.o(.data)
    en_gro_filter                            0x2000009a   Data           1  flow.o(.data)
    meancount_set_klt                        0x2000009b   Data           1  flow.o(.data)
    max_iter                                 0x2000009c   Data           1  flow.o(.data)
    gray_scal                                0x2000009d   Data           1  flow.o(.data)
    off_pix                                  0x2000009e   Data           1  flow.o(.data)
    meancount_view                           0x200000a0   Data           2  flow.o(.data)
    y_rate_view                              0x200000a4   Data           4  flow.o(.data)
    meancount_v_klt                          0x200000a8   Data           1  flow.o(.data)
    flow_fps                                 0x200000a9   Data           1  flow.o(.data)
    pixel_flow_x                             0x200000b0   Data           8  flow.o(.data)
    pixel_flow_y                             0x200000b8   Data           8  flow.o(.data)
    pixel_flow_x_klt                         0x200000c0   Data           8  flow.o(.data)
    pixel_flow_y_klt                         0x200000c8   Data           8  flow.o(.data)
    pixel_flow_x_sad                         0x200000d0   Data           8  flow.o(.data)
    pixel_flow_y_sad                         0x200000d8   Data           8  flow.o(.data)
    pixel_flow_x_sadt                        0x200000e0   Data           8  flow.o(.data)
    pixel_flow_y_sadt                        0x200000e8   Data           8  flow.o(.data)
    px_x                                     0x200000f0   Data           4  flow.o(.data)
    px_y                                     0x200000f4   Data           4  flow.o(.data)
    new_x                                    0x200000f8   Data           4  flow.o(.data)
    new_y                                    0x200000fc   Data           4  flow.o(.data)
    en_klt                                   0x20000100   Data           1  flow.o(.data)
    qual                                     0x20000101   Data           2  flow.o(.data)
    k_sad                                    0x20000104   Data           4  flow.o(.data)
    sysTickUptime                            0x20000138   Data           4  delay.o(.data)
    __stdout                                 0x2000013c   Data           4  usart.o(.data)
    sonar_fc                                 0x20000140   Data           4  usart.o(.data)
    fc_connect                               0x20000144   Data           1  usart.o(.data)
    fc_connect_loss                          0x20000146   Data           2  usart.o(.data)
    RxState_app                              0x20000148   Data           1  usart.o(.data)
    RxBufferNum_app                          0x20000149   Data           1  usart.o(.data)
    RxBufferCnt_app                          0x2000014a   Data           1  usart.o(.data)
    RxLen_app                                0x2000014b   Data           1  usart.o(.data)
    SendBuff2_cnt                            0x2000014e   Data           2  usart.o(.data)
    SendBuff1_cnt                            0x20000150   Data           2  usart.o(.data)
    ACC_HIGHPASS_TAU                         0x20000164   Data           4  filter.o(.data)
    ACC_LOWPASS_TAU                          0x20000168   Data           4  filter.o(.data)
    ACC_LOWPASS_SAMPLE_TIME                  0x2000016c   Data           4  filter.o(.data)
    ACC_LOWPASS_A                            0x20000170   Data           4  filter.o(.data)
    ACC_LOWPASS_GX1                          0x20000174   Data           4  filter.o(.data)
    ACC_LOWPASS_GX2                          0x20000178   Data           4  filter.o(.data)
    ACC_LOWPASS_GX3                          0x2000017c   Data           4  filter.o(.data)
    BARO_LOWPASS_TAU                         0x20000180   Data           4  filter.o(.data)
    BARO_LOWPASS_SAMPLE_TIME                 0x20000184   Data           4  filter.o(.data)
    BARO_LOWPASS_A                           0x20000188   Data           4  filter.o(.data)
    BARO_LOWPASS_GX1                         0x2000018c   Data           4  filter.o(.data)
    BARO_LOWPASS_GX2                         0x20000190   Data           4  filter.o(.data)
    BARO_LOWPASS_GX3                         0x20000194   Data           4  filter.o(.data)
    FLOW_LOWPASS_TAU                         0x20000198   Data           4  filter.o(.data)
    FLOW_LOWPASS_SAMPLE_TIME                 0x2000019c   Data           4  filter.o(.data)
    FLOW_LOWPASS_A                           0x200001a0   Data           4  filter.o(.data)
    FLOW_LOWPASS_GX1                         0x200001a4   Data           4  filter.o(.data)
    FLOW_LOWPASS_GX2                         0x200001a8   Data           4  filter.o(.data)
    FLOW_LOWPASS_GX3                         0x200001ac   Data           4  filter.o(.data)
    pt_buf                                   0x200001c8   Data           4  jpg_code.o(.data)
    image_buffer_8bit_2                      0x200081d0   Data        4096  main.o(.bss)
    image_buffer_8bit_1                      0x200091d0   Data        4096  main.o(.bss)
    image_buffer_8bit_2_t                    0x2000a1d0   Data        4096  main.o(.bss)
    image_buffer_8bit_1_t                    0x2000b1d0   Data        4096  main.o(.bss)
    fHistogram                               0x2000c1d0   Data        1024  main.o(.bss)
    fHistogram1                              0x2000c5d0   Data        1024  main.o(.bss)
    lut                                      0x2000c9d0   Data         256  main.o(.bss)
    X_KF_NAV                                 0x2000cad0   Data          48  main.o(.bss)
    P_KF_NAV                                 0x2000cb00   Data         144  main.o(.bss)
    flow                                     0x2000cb90   Data          80  main.o(.bss)
    DCMI_InitStructure                       0x2000cbe0   Data          14  dcmi.o(.bss)
    Cycle_T                                  0x2000cbf0   Data         240  delay.o(.bss)
    Rx_Buf_app                               0x2000cce0   Data         256  usart.o(.bss)
    RxBuffer_app                             0x2000cde0   Data          50  usart.o(.bss)
    SendBuff2                                0x2000ce12   Data       16384  usart.o(.bss)
    SendBuff1                                0x20010e12   Data       16384  usart.o(.bss)
    BLE_DEBUG                                0x20014e12   Data          32  usart.o(.bss)
    med_filter_tmp                           0x20014e34   Data        6000  filter.o(.bss)
    med_filter_out                           0x200165a4   Data         120  filter.o(.bss)
    med_fil_cnt                              0x2001661c   Data          30  filter.o(.bss)
    firstOrderFilters                        0x2001663c   Data         400  filter.o(.bss)
    temp_dct1                                0x200167cc   Data         256  dct.o(.bss)
    dcttab                                   0x200168cc   Data        1536  jcapi.o(.bss)
    inbuf_buf                                0x20016ecc   Data       11468  jcapi.o(.bss)
    JPG_enc_buf                              0x20019f98   Data       11468  jpg_code.o(.bss)
    info1                                    0x2001cc64   Data         260  jpg_code.o(.bss)
    JQUANT_TBL_2                             0x2001cd68   Data         256  jpg_code.o(.bss)
    JHUFF_TBL_4                              0x2001ce68   Data        5192  jpg_code.o(.bss)
    __libspace_start                         0x2001e2b0   Data          96  libspace.o(.bss)
    __temporary_stack_top$libspace           0x2001e310   Data           0  libspace.o(.bss)
    mem2base                                 0x68000000   Data       983040  malloc.o(.ARM.__AT_0x68000000)
    mem2mapbase                              0x680f0000   Data       61440  malloc.o(.ARM.__AT_0x680F0000)



==============================================================================

Memory Map of the image

  Image Entry point : 0x08000189

  Load Region LR_IROM1 (Base: 0x08000000, Size: 0x00008aa8, Max: 0x00100000, ABSOLUTE, COMPRESSED[0x00008954])

    Execution Region ER_IROM1 (Base: 0x08000000, Size: 0x000088dc, Max: 0x00100000, ABSOLUTE)

    Base Addr    Size         Type   Attr      Idx    E Section Name        Object

    0x08000000   0x00000188   Data   RO         1147    RESET               startup_stm32f40_41xxx.o
    0x08000188   0x00000008   Code   RO         3687  * !!!main             c_w.l(__main.o)
    0x08000190   0x00000034   Code   RO         3903    !!!scatter          c_w.l(__scatter.o)
    0x080001c4   0x0000005a   Code   RO         3901    !!dczerorl2         c_w.l(__dczerorl2.o)
    0x0800021e   0x00000002   PAD
    0x08000220   0x0000001c   Code   RO         3905    !!handler_zi        c_w.l(__scatter_zi.o)
    0x0800023c   0x00000002   Code   RO         3775    .ARM.Collect$$libinit$$00000000  c_w.l(libinit.o)
    0x0800023e   0x00000004   Code   RO         3781    .ARM.Collect$$libinit$$00000001  c_w.l(libinit2.o)
    0x08000242   0x00000000   Code   RO         3784    .ARM.Collect$$libinit$$00000004  c_w.l(libinit2.o)
    0x08000242   0x00000000   Code   RO         3787    .ARM.Collect$$libinit$$0000000A  c_w.l(libinit2.o)
    0x08000242   0x00000000   Code   RO         3789    .ARM.Collect$$libinit$$0000000C  c_w.l(libinit2.o)
    0x08000242   0x00000000   Code   RO         3791    .ARM.Collect$$libinit$$0000000E  c_w.l(libinit2.o)
    0x08000242   0x00000000   Code   RO         3794    .ARM.Collect$$libinit$$00000011  c_w.l(libinit2.o)
    0x08000242   0x00000000   Code   RO         3796    .ARM.Collect$$libinit$$00000013  c_w.l(libinit2.o)
    0x08000242   0x00000000   Code   RO         3798    .ARM.Collect$$libinit$$00000015  c_w.l(libinit2.o)
    0x08000242   0x00000000   Code   RO         3800    .ARM.Collect$$libinit$$00000017  c_w.l(libinit2.o)
    0x08000242   0x00000000   Code   RO         3802    .ARM.Collect$$libinit$$00000019  c_w.l(libinit2.o)
    0x08000242   0x00000000   Code   RO         3804    .ARM.Collect$$libinit$$0000001B  c_w.l(libinit2.o)
    0x08000242   0x00000000   Code   RO         3806    .ARM.Collect$$libinit$$0000001D  c_w.l(libinit2.o)
    0x08000242   0x00000000   Code   RO         3808    .ARM.Collect$$libinit$$0000001F  c_w.l(libinit2.o)
    0x08000242   0x00000000   Code   RO         3810    .ARM.Collect$$libinit$$00000021  c_w.l(libinit2.o)
    0x08000242   0x00000000   Code   RO         3812    .ARM.Collect$$libinit$$00000023  c_w.l(libinit2.o)
    0x08000242   0x00000000   Code   RO         3814    .ARM.Collect$$libinit$$00000025  c_w.l(libinit2.o)
    0x08000242   0x00000000   Code   RO         3818    .ARM.Collect$$libinit$$0000002C  c_w.l(libinit2.o)
    0x08000242   0x00000000   Code   RO         3820    .ARM.Collect$$libinit$$0000002E  c_w.l(libinit2.o)
    0x08000242   0x00000000   Code   RO         3822    .ARM.Collect$$libinit$$00000030  c_w.l(libinit2.o)
    0x08000242   0x00000000   Code   RO         3824    .ARM.Collect$$libinit$$00000032  c_w.l(libinit2.o)
    0x08000242   0x00000002   Code   RO         3825    .ARM.Collect$$libinit$$00000033  c_w.l(libinit2.o)
    0x08000244   0x00000002   Code   RO         3843    .ARM.Collect$$libshutdown$$00000000  c_w.l(libshutdown.o)
    0x08000246   0x00000000   Code   RO         3853    .ARM.Collect$$libshutdown$$00000002  c_w.l(libshutdown2.o)
    0x08000246   0x00000000   Code   RO         3855    .ARM.Collect$$libshutdown$$00000004  c_w.l(libshutdown2.o)
    0x08000246   0x00000000   Code   RO         3858    .ARM.Collect$$libshutdown$$00000007  c_w.l(libshutdown2.o)
    0x08000246   0x00000000   Code   RO         3861    .ARM.Collect$$libshutdown$$0000000A  c_w.l(libshutdown2.o)
    0x08000246   0x00000000   Code   RO         3863    .ARM.Collect$$libshutdown$$0000000C  c_w.l(libshutdown2.o)
    0x08000246   0x00000000   Code   RO         3866    .ARM.Collect$$libshutdown$$0000000F  c_w.l(libshutdown2.o)
    0x08000246   0x00000002   Code   RO         3867    .ARM.Collect$$libshutdown$$00000010  c_w.l(libshutdown2.o)
    0x08000248   0x00000000   Code   RO         3739    .ARM.Collect$$rtentry$$00000000  c_w.l(__rtentry.o)
    0x08000248   0x00000000   Code   RO         3752    .ARM.Collect$$rtentry$$00000002  c_w.l(__rtentry2.o)
    0x08000248   0x00000006   Code   RO         3764    .ARM.Collect$$rtentry$$00000004  c_w.l(__rtentry4.o)
    0x0800024e   0x00000000   Code   RO         3754    .ARM.Collect$$rtentry$$00000009  c_w.l(__rtentry2.o)
    0x0800024e   0x00000004   Code   RO         3755    .ARM.Collect$$rtentry$$0000000A  c_w.l(__rtentry2.o)
    0x08000252   0x00000000   Code   RO         3757    .ARM.Collect$$rtentry$$0000000C  c_w.l(__rtentry2.o)
    0x08000252   0x00000008   Code   RO         3758    .ARM.Collect$$rtentry$$0000000D  c_w.l(__rtentry2.o)
    0x0800025a   0x00000002   Code   RO         3779    .ARM.Collect$$rtexit$$00000000  c_w.l(rtexit.o)
    0x0800025c   0x00000000   Code   RO         3827    .ARM.Collect$$rtexit$$00000002  c_w.l(rtexit2.o)
    0x0800025c   0x00000004   Code   RO         3828    .ARM.Collect$$rtexit$$00000003  c_w.l(rtexit2.o)
    0x08000260   0x00000006   Code   RO         3829    .ARM.Collect$$rtexit$$00000004  c_w.l(rtexit2.o)
    0x08000266   0x00000002   PAD
    0x08000268   0x00000040   Code   RO         1148    .text               startup_stm32f40_41xxx.o
    0x080002a8   0x00000002   Code   RO         3675    .text               c_w.l(use_no_semi_2.o)
    0x080002aa   0x0000008a   Code   RO         3677    .text               c_w.l(rt_memcpy_v6.o)
    0x08000334   0x00000064   Code   RO         3679    .text               c_w.l(rt_memcpy_w.o)
    0x08000398   0x00000044   Code   RO         3681    .text               c_w.l(rt_memclr.o)
    0x080003dc   0x0000004e   Code   RO         3683    .text               c_w.l(rt_memclr_w.o)
    0x0800042a   0x00000006   Code   RO         3685    .text               c_w.l(heapauxi.o)
    0x08000430   0x00000002   Code   RO         3737    .text               c_w.l(use_no_semi.o)
    0x08000432   0x0000004a   Code   RO         3766    .text               c_w.l(sys_stackheap_outer.o)
    0x0800047c   0x00000012   Code   RO         3768    .text               c_w.l(exit.o)
    0x0800048e   0x00000002   PAD
    0x08000490   0x00000008   Code   RO         3776    .text               c_w.l(libspace.o)
    0x08000498   0x00000004   Code   RO          263    i.BusFault_Handler  stm32f4xx_it.o
    0x0800049c   0x0000006c   Code   RO         3529    i.Compression       jpg_code.o
    0x08000508   0x00000016   Code   RO          888    i.Cycle_Time_Init   delay.o
    0x0800051e   0x00000002   PAD
    0x08000520   0x00000024   Code   RO         1200    i.DCMI_CaptureCmd   stm32f4xx_dcmi.o
    0x08000544   0x0000000c   Code   RO         1202    i.DCMI_ClearITPendingBit  stm32f4xx_dcmi.o
    0x08000550   0x00000024   Code   RO         1203    i.DCMI_Cmd          stm32f4xx_dcmi.o
    0x08000574   0x00000068   Code   RO          449    i.DCMI_DMA_Init     dcmi.o
    0x080005dc   0x0000001c   Code   RO         1204    i.DCMI_DeInit       stm32f4xx_dcmi.o
    0x080005f8   0x0000001c   Code   RO         1206    i.DCMI_GetITStatus  stm32f4xx_dcmi.o
    0x08000614   0x0000003c   Code   RO          450    i.DCMI_IRQHandler   dcmi.o
    0x08000650   0x00000024   Code   RO         1207    i.DCMI_ITConfig     stm32f4xx_dcmi.o
    0x08000674   0x00000040   Code   RO         1208    i.DCMI_Init         stm32f4xx_dcmi.o
    0x080006b4   0x00000018   Code   RO          452    i.DCMI_Start        dcmi.o
    0x080006cc   0x00000028   Code   RO          453    i.DCMI_Stop         dcmi.o
    0x080006f4   0x00000034   Code   RO         1302    i.DMA_ClearFlag     stm32f4xx_dma.o
    0x08000728   0x00000016   Code   RO         1304    i.DMA_Cmd           stm32f4xx_dma.o
    0x0800073e   0x00000002   PAD
    0x08000740   0x00000158   Code   RO         1305    i.DMA_DeInit        stm32f4xx_dma.o
    0x08000898   0x00000014   Code   RO         1309    i.DMA_GetCmdStatus  stm32f4xx_dma.o
    0x080008ac   0x00000008   Code   RO         1310    i.DMA_GetCurrDataCounter  stm32f4xx_dma.o
    0x080008b4   0x00000044   Code   RO         1313    i.DMA_GetFlagStatus  stm32f4xx_dma.o
    0x080008f8   0x00000058   Code   RO         1316    i.DMA_Init          stm32f4xx_dma.o
    0x08000950   0x00000004   Code   RO         1319    i.DMA_SetCurrDataCounter  stm32f4xx_dma.o
    0x08000954   0x000000a4   Code   RO          988    i.Data_app          usart.o
    0x080009f8   0x00000002   Code   RO          264    i.DebugMon_Handler  stm32f4xx_it.o
    0x080009fa   0x00000090   Code   RO         1562    i.GPIO_Init         stm32f4xx_gpio.o
    0x08000a8a   0x00000046   Code   RO         1563    i.GPIO_PinAFConfig  stm32f4xx_gpio.o
    0x08000ad0   0x00000004   Code   RO         1570    i.GPIO_SetBits      stm32f4xx_gpio.o
    0x08000ad4   0x00000018   Code   RO          799    i.GRAY_RGB          flow.o
    0x08000aec   0x0000007c   Code   RO          890    i.Get_Cycle_T       delay.o
    0x08000b68   0x00000004   Code   RO          265    i.HardFault_Handler  stm32f4xx_it.o
    0x08000b6c   0x0000018c   Code   RO            4    i.HistNormolize     main.o
    0x08000cf8   0x00000010   Code   RO         2907    i.IWDG_Enable       stm32f4xx_iwdg.o
    0x08000d08   0x00000008   Code   RO         1121    i.IWDG_Feed         dog.o
    0x08000d10   0x00000024   Code   RO         1122    i.IWDG_Init         dog.o
    0x08000d34   0x00000010   Code   RO         2909    i.IWDG_ReloadCounter  stm32f4xx_iwdg.o
    0x08000d44   0x0000000c   Code   RO         2910    i.IWDG_SetPrescaler  stm32f4xx_iwdg.o
    0x08000d50   0x0000000c   Code   RO         2911    i.IWDG_SetReload    stm32f4xx_iwdg.o
    0x08000d5c   0x0000000c   Code   RO         2912    i.IWDG_WriteAccessCmd  stm32f4xx_iwdg.o
    0x08000d68   0x0000004c   Code   RO          891    i.Initial_Timer5    delay.o
    0x08000db4   0x00000044   Code   RO          421    i.KEY_Init          key.o
    0x08000df8   0x0000003c   Code   RO          397    i.LED_Init          led.o
    0x08000e34   0x000000bc   Code   RO         1095    i.MYDMA_Config      dma.o
    0x08000ef0   0x0000002c   Code   RO         1096    i.MYDMA_Enable      dma.o
    0x08000f1c   0x00000004   Code   RO          266    i.MemManage_Handler  stm32f4xx_it.o
    0x08000f20   0x00000130   Code   RO          454    i.My_DCMI_Init      dcmi.o
    0x08001050   0x00000002   Code   RO          267    i.NMI_Handler       stm32f4xx_it.o
    0x08001052   0x00000002   PAD
    0x08001054   0x00000078   Code   RO         1154    i.NVIC_Init         misc.o
    0x080010cc   0x00000014   Code   RO         1155    i.NVIC_PriorityGroupConfig  misc.o
    0x080010e0   0x0000005a   Code   RO          508    i.OV5640_Brightness  ov5640.o
    0x0800113a   0x00000002   PAD
    0x0800113c   0x0000007c   Code   RO          509    i.OV5640_Color_Saturation  ov5640.o
    0x080011b8   0x00000078   Code   RO          510    i.OV5640_Contrast   ov5640.o
    0x08001230   0x000000a0   Code   RO          511    i.OV5640_Exposure   ov5640.o
    0x080012d0   0x000000b8   Code   RO          514    i.OV5640_Focus_Init  ov5640.o
    0x08001388   0x0000003c   Code   RO          515    i.OV5640_Focus_Single  ov5640.o
    0x080013c4   0x00000108   Code   RO          517    i.OV5640_Init       ov5640.o
    0x080014cc   0x00000048   Code   RO          519    i.OV5640_Light_Mode  ov5640.o
    0x08001514   0x00000080   Code   RO          520    i.OV5640_OutSize_Set  ov5640.o
    0x08001594   0x0000003c   Code   RO          521    i.OV5640_RD_Reg     ov5640.o
    0x080015d0   0x00000028   Code   RO          522    i.OV5640_RGB565_Mode  ov5640.o
    0x080015f8   0x0000007a   Code   RO          523    i.OV5640_Sharpness  ov5640.o
    0x08001672   0x00000002   PAD
    0x08001674   0x00000068   Code   RO          524    i.OV5640_Special_Effects  ov5640.o
    0x080016dc   0x0000003c   Code   RO          526    i.OV5640_WR_Reg     ov5640.o
    0x08001718   0x00000002   Code   RO          268    i.PendSV_Handler    stm32f4xx_it.o
    0x0800171a   0x00000002   PAD
    0x0800171c   0x00000020   Code   RO         1659    i.RCC_AHB1PeriphClockCmd  stm32f4xx_rcc.o
    0x0800173c   0x00000020   Code   RO         1662    i.RCC_AHB2PeriphClockCmd  stm32f4xx_rcc.o
    0x0800175c   0x00000020   Code   RO         1668    i.RCC_APB1PeriphClockCmd  stm32f4xx_rcc.o
    0x0800177c   0x00000020   Code   RO         1671    i.RCC_APB2PeriphClockCmd  stm32f4xx_rcc.o
    0x0800179c   0x000000e8   Code   RO         1680    i.RCC_GetClocksFreq  stm32f4xx_rcc.o
    0x08001884   0x00000050   Code   RO         3530    i.RGB565TORGB24     jpg_code.o
    0x080018d4   0x00000048   Code   RO          801    i.RGB_GRAY_16       flow.o
    0x0800191c   0x00000054   Code   RO          645    i.SCCB_Init         sccb.o
    0x08001970   0x00000040   Code   RO          646    i.SCCB_No_Ack       sccb.o
    0x080019b0   0x00000070   Code   RO          647    i.SCCB_RD_Byte      sccb.o
    0x08001a20   0x00000034   Code   RO          649    i.SCCB_Start        sccb.o
    0x08001a54   0x00000034   Code   RO          650    i.SCCB_Stop         sccb.o
    0x08001a88   0x000000a8   Code   RO          651    i.SCCB_WR_Byte      sccb.o
    0x08001b30   0x00000002   Code   RO          269    i.SVC_Handler       stm32f4xx_it.o
    0x08001b32   0x00000002   PAD
    0x08001b34   0x00000134   Code   RO          992    i.Send_FLOW         usart.o
    0x08001c68   0x000000ec   Code   RO          360    i.SetSysClock       system_stm32f4xx.o
    0x08001d54   0x00000028   Code   RO         1158    i.SysTick_CLKSourceConfig  misc.o
    0x08001d7c   0x00000002   Code   RO          270    i.SysTick_Handler   stm32f4xx_it.o
    0x08001d7e   0x00000002   PAD
    0x08001d80   0x00000068   Code   RO          362    i.SystemInit        system_stm32f4xx.o
    0x08001de8   0x0000006c   Code   RO          727    i.TIM3_IRQHandler   timer.o
    0x08001e54   0x0000005c   Code   RO          728    i.TIM3_Int_Init     timer.o
    0x08001eb0   0x00000006   Code   RO         2004    i.TIM_ClearITPendingBit  stm32f4xx_tim.o
    0x08001eb6   0x00000018   Code   RO         2009    i.TIM_Cmd           stm32f4xx_tim.o
    0x08001ece   0x00000022   Code   RO         2030    i.TIM_GetITStatus   stm32f4xx_tim.o
    0x08001ef0   0x00000012   Code   RO         2034    i.TIM_ITConfig      stm32f4xx_tim.o
    0x08001f02   0x00000002   PAD
    0x08001f04   0x00000084   Code   RO         2081    i.TIM_TimeBaseInit  stm32f4xx_tim.o
    0x08001f88   0x00000134   Code   RO          993    i.USART1_IRQHandler  usart.o
    0x080020bc   0x0000001e   Code   RO         2556    i.USART_ClearITPendingBit  stm32f4xx_usart.o
    0x080020da   0x00000018   Code   RO         2559    i.USART_Cmd         stm32f4xx_usart.o
    0x080020f2   0x00000012   Code   RO         2560    i.USART_DMACmd      stm32f4xx_usart.o
    0x08002104   0x00000054   Code   RO         2563    i.USART_GetITStatus  stm32f4xx_usart.o
    0x08002158   0x0000004a   Code   RO         2565    i.USART_ITConfig    stm32f4xx_usart.o
    0x080021a2   0x00000002   PAD
    0x080021a4   0x000000d4   Code   RO         2566    i.USART_Init        stm32f4xx_usart.o
    0x08002278   0x00000004   Code   RO          271    i.UsageFault_Handler  stm32f4xx_it.o
    0x0800227c   0x00000006   Code   RO          996    i._sys_exit         usart.o
    0x08002282   0x00000026   Code   RO         3299    i.bit_num           jchuff.o
    0x080022a8   0x000001ac   Code   RO          802    i.compute_diff      flow.o
    0x08002454   0x000009e8   Code   RO          803    i.compute_flow      flow.o
    0x08002e3c   0x00000224   Code   RO          805    i.compute_sad_8x8   flow.o
    0x08003060   0x00000354   Code   RO          806    i.compute_subpixel  flow.o
    0x080033b4   0x000007a4   Code   RO          997    i.data_per_uart1    usart.o
    0x08003b58   0x0000003c   Code   RO          893    i.delay_init        delay.o
    0x08003b94   0x00000038   Code   RO          894    i.delay_ms          delay.o
    0x08003bcc   0x0000004c   Code   RO          895    i.delay_us          delay.o
    0x08003c18   0x0000004c   Code   RO          896    i.delay_xms         delay.o
    0x08003c64   0x00000668   Code   RO         3278    i.dsp_fdct_8x8      dct.o
    0x080042cc   0x00000060   Code   RO         3188    i.firstOrderFilter  filter.o
    0x0800432c   0x0000019c   Code   RO          807    i.flow_task         flow.o
    0x080044c8   0x00000094   Code   RO            6    i.gaussianFilter    main.o
    0x0800455c   0x0000026c   Code   RO         3189    i.initFirstOrderFilter  filter.o
    0x080047c8   0x000000c8   Code   RO         3300    i.jhuff_encode_one_block  jchuff.o
    0x08004890   0x00000080   Code   RO         3301    i.jhuff_flush_buffer  jchuff.o
    0x08004910   0x00000084   Code   RO         3302    i.jhuff_write_bits  jchuff.o
    0x08004994   0x000000a4   Code   RO         3408    i.jint_add_huff_table  jcint.o
    0x08004a38   0x00000080   Code   RO         3409    i.jint_add_quant_table  jcint.o
    0x08004ab8   0x000000b4   Code   RO         3410    i.jint_calc_huff_tbl  jcint.o
    0x08004b6c   0x0000016c   Code   RO         3411    i.jint_process_mcu  jcint.o
    0x08004cd8   0x00000140   Code   RO         3412    i.jint_process_rows  jcint.o
    0x08004e18   0x00000068   Code   RO         3413    i.jint_std_huff_tables  jcint.o
    0x08004e80   0x00000048   Code   RO         3414    i.jint_std_quant_tables  jcint.o
    0x08004ec8   0x0000000c   Code   RO         3461    i.jmkr_write_end    jcmarker.o
    0x08004ed4   0x000000dc   Code   RO         3462    i.jmkr_write_frame_head  jcmarker.o
    0x08004fb0   0x00000142   Code   RO         3463    i.jmkr_write_huff_table  jcmarker.o
    0x080050f2   0x00000016   Code   RO         3464    i.jmkr_write_image_end  jcmarker.o
    0x08005108   0x00000016   Code   RO         3465    i.jmkr_write_image_start  jcmarker.o
    0x0800511e   0x00000002   PAD
    0x08005120   0x00000020   Code   RO         3466    i.jmkr_write_jfif   jcmarker.o
    0x08005140   0x00000068   Code   RO         3467    i.jmkr_write_quant_table  jcmarker.o
    0x080051a8   0x000000aa   Code   RO         3468    i.jmkr_write_scan_head  jcmarker.o
    0x08005252   0x0000002a   Code   RO         3469    i.jmkr_write_start  jcmarker.o
    0x0800527c   0x00000118   Code   RO         3333    i.jpeg_calc_value   jcapi.o
    0x08005394   0x0000001c   Code   RO         3334    i.jpeg_create_compress  jcapi.o
    0x080053b0   0x00000184   Code   RO            8    i.jpeg_data_process  main.o
    0x08005534   0x00000082   Code   RO         3336    i.jpeg_finish_compress  jcapi.o
    0x080055b6   0x00000076   Code   RO         3337    i.jpeg_set_default  jcapi.o
    0x0800562c   0x00000040   Code   RO         3338    i.jpeg_start_compress  jcapi.o
    0x0800566c   0x000000b4   Code   RO         3339    i.jpeg_write_scanline  jcapi.o
    0x08005720   0x000000e8   Code   RO         3561    i.jutl_cc_rgb2ycc   jutility.o
    0x08005808   0x00000024   Code   RO         3562    i.jutl_write_byte   jutility.o
    0x0800582c   0x00000030   Code   RO         3563    i.jutl_zigzag_sort  jutility.o
    0x0800585c   0x00000068   Code   RO            9    i.main              main.o
    0x080058c4   0x0000000c   Code   RO          897    i.micros            delay.o
    0x080058d0   0x00000088   Code   RO          808    i.read_xy_rgb       flow.o
    0x08005958   0x00000638   Code   RO           10    i.rgb565_test       main.o
    0x08005f90   0x000000b0   Code   RO          999    i.uart_init         usart.o
    0x08006040   0x00000084   Code   RO         1000    i.uart_init2        usart.o
    0x080060c4   0x00000062   Code   RO         3691    x$fpl$d2f           fz_wm.l(d2f.o)
    0x08006126   0x00000002   PAD
    0x08006128   0x00000150   Code   RO         3693    x$fpl$dadd          fz_wm.l(daddsub_clz.o)
    0x08006278   0x00000018   Code   RO         3740    x$fpl$dcmpinf       fz_wm.l(dcmpi.o)
    0x08006290   0x000002b0   Code   RO         3700    x$fpl$ddiv          fz_wm.l(ddiv.o)
    0x08006540   0x0000005e   Code   RO         3703    x$fpl$dfix          fz_wm.l(dfix.o)
    0x0800659e   0x00000002   PAD
    0x080065a0   0x0000005a   Code   RO         3707    x$fpl$dfixu         fz_wm.l(dfixu.o)
    0x080065fa   0x00000026   Code   RO         3711    x$fpl$dfltu         fz_wm.l(dflt_clz.o)
    0x08006620   0x00000078   Code   RO         3717    x$fpl$dleqf         fz_wm.l(dleqf.o)
    0x08006698   0x00000154   Code   RO         3719    x$fpl$dmul          fz_wm.l(dmul.o)
    0x080067ec   0x0000009c   Code   RO         3742    x$fpl$dnaninf       fz_wm.l(dnaninf.o)
    0x08006888   0x0000000c   Code   RO         3744    x$fpl$dretinf       fz_wm.l(dretinf.o)
    0x08006894   0x0000006c   Code   RO         3721    x$fpl$drleqf        fz_wm.l(drleqf.o)
    0x08006900   0x000001d4   Code   RO         3695    x$fpl$dsub          fz_wm.l(daddsub_clz.o)
    0x08006ad4   0x00000056   Code   RO         3723    x$fpl$f2d           fz_wm.l(f2d.o)
    0x08006b2a   0x0000008c   Code   RO         3746    x$fpl$fnaninf       fz_wm.l(fnaninf.o)
    0x08006bb6   0x0000000a   Code   RO         3835    x$fpl$fpinit        fz_wm.l(fpinit.o)
    0x08006bc0   0x0000000a   Code   RO         3748    x$fpl$fretinf       fz_wm.l(fretinf.o)
    0x08006bca   0x00000000   Code   RO         3750    x$fpl$usenofp       fz_wm.l(usenofp.o)
    0x08006bca   0x00000002   PAD
    0x08006bcc   0x00000024   Data   RO           12    .constdata          main.o
    0x08006bf0   0x000019d1   Data   RO          527    .constdata          ov5640.o
    0x080085c1   0x00000003   PAD
    0x080085c4   0x000002a0   Data   RO         3416    .constdata          jcint.o
    0x08008864   0x00000018   Data   RO         3470    .constdata          jcmarker.o
    0x0800887c   0x00000040   Data   RO         3564    .constdata          jutility.o
    0x080088bc   0x00000020   Data   RO         3899    Region$$Table       anon$$obj.o


    Execution Region RW_IRAM1 (Base: 0x20000000, Size: 0x0001e910, Max: 0x00020000, ABSOLUTE, COMPRESSED[0x00000078])

    Base Addr    Size         Type   Attr      Idx    E Section Name        Object

    0x20000000   0x00000063   Data   RW           13    .data               main.o
    0x20000063   0x00000001   Data   RW          456    .data               dcmi.o
    0x20000064   0x00000018   Data   RW          730    .data               timer.o
    0x2000007c   0x00000004   PAD
    0x20000080   0x000000b4   Data   RW          810    .data               flow.o
    0x20000134   0x00000008   Data   RW          899    .data               delay.o
    0x2000013c   0x00000016   Data   RW         1002    .data               usart.o
    0x20000152   0x00000010   Data   RW         1712    .data               stm32f4xx_rcc.o
    0x20000162   0x00000002   PAD
    0x20000164   0x00000059   Data   RW         3192    .data               filter.o
    0x200001bd   0x00000003   PAD
    0x200001c0   0x00000008   Data   RW         3303    .data               jchuff.o
    0x200001c8   0x00000004   Data   RW         3532    .data               jpg_code.o
    0x200001cc   0x00000004   PAD
    0x200001d0   0x0000ca10   Zero   RW           11    .bss                main.o
    0x2000cbe0   0x0000000e   Zero   RW          455    .bss                dcmi.o
    0x2000cbee   0x00000002   PAD
    0x2000cbf0   0x000000f0   Zero   RW          898    .bss                delay.o
    0x2000cce0   0x00008152   Zero   RW         1001    .bss                usart.o
    0x20014e32   0x00000002   PAD
    0x20014e34   0x00001998   Zero   RW         3191    .bss                filter.o
    0x200167cc   0x00000100   Zero   RW         3280    .bss                dct.o
    0x200168cc   0x000032cc   Zero   RW         3340    .bss                jcapi.o
    0x20019b98   0x00000400   Zero   RW         3415    .bss                jcint.o
    0x20019f98   0x00004318   Zero   RW         3531    .bss                jpg_code.o
    0x2001e2b0   0x00000060   Zero   RW         3777    .bss                c_w.l(libspace.o)
    0x2001e310   0x00000200   Zero   RW         1146    HEAP                startup_stm32f40_41xxx.o
    0x2001e510   0x00000400   Zero   RW         1145    STACK               startup_stm32f40_41xxx.o



  Load Region LR$$.ARM.__AT_0x10000000 (Base: 0x10000000, Size: 0x00000000, Max: 0x0000f000, ABSOLUTE)

    Execution Region ER$$.ARM.__AT_0x10000000 (Base: 0x10000000, Size: 0x0000f000, Max: 0x0000f000, ABSOLUTE, UNINIT)

    Base Addr    Size         Type   Attr      Idx    E Section Name        Object

    0x10000000   0x0000f000   Zero   RW         3604    .ARM.__AT_0x10000000  malloc.o



  Load Region LR$$.ARM.__AT_0x1000F000 (Base: 0x1000f000, Size: 0x00000000, Max: 0x00000f00, ABSOLUTE)

    Execution Region ER$$.ARM.__AT_0x1000F000 (Base: 0x1000f000, Size: 0x00000f00, Max: 0x00000f00, ABSOLUTE, UNINIT)

    Base Addr    Size         Type   Attr      Idx    E Section Name        Object

    0x1000f000   0x00000f00   Zero   RW         3605    .ARM.__AT_0x1000F000  malloc.o



  Load Region LR$$.ARM.__AT_0x68000000 (Base: 0x68000000, Size: 0x00000000, Max: 0x000f0000, ABSOLUTE)

    Execution Region ER$$.ARM.__AT_0x68000000 (Base: 0x68000000, Size: 0x000f0000, Max: 0x000f0000, ABSOLUTE, UNINIT)

    Base Addr    Size         Type   Attr      Idx    E Section Name        Object

    0x68000000   0x000f0000   Zero   RW         3606    .ARM.__AT_0x68000000  malloc.o



  Load Region LR$$.ARM.__AT_0x680F0000 (Base: 0x680f0000, Size: 0x00000000, Max: 0x0000f000, ABSOLUTE)

    Execution Region ER$$.ARM.__AT_0x680F0000 (Base: 0x680f0000, Size: 0x0000f000, Max: 0x0000f000, ABSOLUTE, UNINIT)

    Base Addr    Size         Type   Attr      Idx    E Section Name        Object

    0x680f0000   0x0000f000   Zero   RW         3607    .ARM.__AT_0x680F0000  malloc.o


==============================================================================

Image component sizes


      Code (inc. data)   RO Data    RW Data    ZI Data      Debug   Object Name

       532         56          0          1         14       3260   dcmi.o
      1640          4          0          0        256       4463   dct.o
       502         36          0          8        240       5033   delay.o
       232          4          0          0          0       1790   dma.o
        44          0          0          0          0       1048   dog.o
       716         84          0         89       6552       4585   filter.o
      5008        124          0        180          0      16378   flow.o
       800         14          0          0      13004       5386   jcapi.o
       498         18          0          8          0       3647   jchuff.o
      1332         76        672          0       1024       7197   jcint.o
       946          6         24          0          0       7059   jcmarker.o
       188         18          0          4      17176       2358   jpg_code.o
       316         42         64          0          0       2528   jutility.o
        68          8          0          0          0        523   key.o
        60          4          0          0          0       5984   led.o
      2628        312         36         99      51728     309112   main.o
         0          0          0          0    1109760       1762   malloc.o
       180         24          0          0          0       2017   misc.o
      1588         60       6609          0          0      10971   ov5640.o
       532         60          0          0          0       3337   sccb.o
        64         26        392          0       1536        828   startup_stm32f40_41xxx.o
       240         36          0          0          0       4039   stm32f4xx_dcmi.o
       606         54          0          0          0       6079   stm32f4xx_dma.o
       218          0          0          0          0       2262   stm32f4xx_gpio.o
        26          0          0          0          0       3938   stm32f4xx_it.o
        68         30          0          0          0       2490   stm32f4xx_iwdg.o
       360         42          0         16          0       5112   stm32f4xx_rcc.o
       214         28          0          0          0       3582   stm32f4xx_tim.o
       442          8          0          0          0       4859   stm32f4xx_usart.o
       340         32          0          0          0       1429   system_stm32f4xx.o
       200         24          0         24          0       2237   timer.o
      3050        104          0         22      33106       8383   usart.o

    ----------------------------------------------------------------------
     23660       1334       7832        460    1234404     443676   Object Totals
         0          0         32          0          0          0   (incl. Generated)
        22          0          3          9          8          0   (incl. Padding)

    ----------------------------------------------------------------------

      Code (inc. data)   RO Data    RW Data    ZI Data      Debug   Library Member Name

        90          0          0          0          0          0   __dczerorl2.o
         8          0          0          0          0         68   __main.o
         0          0          0          0          0          0   __rtentry.o
        12          0          0          0          0          0   __rtentry2.o
         6          0          0          0          0          0   __rtentry4.o
        52          8          0          0          0          0   __scatter.o
        28          0          0          0          0          0   __scatter_zi.o
        18          0          0          0          0         80   exit.o
         6          0          0          0          0        152   heapauxi.o
         2          0          0          0          0          0   libinit.o
         6          0          0          0          0          0   libinit2.o
         2          0          0          0          0          0   libshutdown.o
         2          0          0          0          0          0   libshutdown2.o
         8          4          0          0         96         68   libspace.o
        68          0          0          0          0         68   rt_memclr.o
        78          0          0          0          0         80   rt_memclr_w.o
       138          0          0          0          0         68   rt_memcpy_v6.o
       100          0          0          0          0         80   rt_memcpy_w.o
         2          0          0          0          0          0   rtexit.o
        10          0          0          0          0          0   rtexit2.o
        74          0          0          0          0         80   sys_stackheap_outer.o
         2          0          0          0          0         68   use_no_semi.o
         2          0          0          0          0         68   use_no_semi_2.o
        98          4          0          0          0        140   d2f.o
       804         16          0          0          0        368   daddsub_clz.o
        24          0          0          0          0        116   dcmpi.o
       688        140          0          0          0        256   ddiv.o
        94          4          0          0          0        140   dfix.o
        90          4          0          0          0        140   dfixu.o
        38          0          0          0          0        116   dflt_clz.o
       120          4          0          0          0        140   dleqf.o
       340         12          0          0          0        152   dmul.o
       156          4          0          0          0        140   dnaninf.o
        12          0          0          0          0        116   dretinf.o
       108          0          0          0          0        128   drleqf.o
        86          4          0          0          0        132   f2d.o
       140          4          0          0          0        132   fnaninf.o
        10          0          0          0          0        116   fpinit.o
        10          0          0          0          0        116   fretinf.o
         0          0          0          0          0          0   usenofp.o

    ----------------------------------------------------------------------
      3544        208          0          0         96       3328   Library Totals
        12          0          0          0          0          0   (incl. Padding)

    ----------------------------------------------------------------------

      Code (inc. data)   RO Data    RW Data    ZI Data      Debug   Library Name

       714         12          0          0         96        880   c_w.l
      2818        196          0          0          0       2448   fz_wm.l

    ----------------------------------------------------------------------
      3544        208          0          0         96       3328   Library Totals

    ----------------------------------------------------------------------

==============================================================================


      Code (inc. data)   RO Data    RW Data    ZI Data      Debug   

     27204       1542       7832        460    1234500     431240   Grand Totals
     27204       1542       7832        120    1234500     431240   ELF Image Totals (compressed)
     27204       1542       7832        120          0          0   ROM Totals

==============================================================================

    Total RO  Size (Code + RO Data)                35036 (  34.21kB)
    Total RW  Size (RW Data + ZI Data)           1234960 (1206.02kB)
    Total ROM Size (Code + RO Data + RW Data)      35156 (  34.33kB)

==============================================================================

