Component: ARM Compiler 5.06 update 2 (build 183) Tool: armlink [4d35b7]

==============================================================================

Section Cross References

    main.o(i.SetPB9) refers to stm32f10x_gpio.o(i.GPIO_Init) for GPIO_Init
    main.o(i.SetPB9) refers to stm32f10x_gpio.o(i.GPIO_SetBits) for GPIO_SetBits
    main.o(i.SetPB9) refers to stm32f10x_gpio.o(i.GPIO_ResetBits) for GPIO_ResetBits
    main.o(i.SetPB9) refers to main.o(.data) for StartFlag
    main.o(i.main) refers to stm32f10x_rcc.o(i.RCC_DeInit) for RCC_DeInit
    main.o(i.main) refers to stm32f10x_rcc.o(i.RCC_HSEConfig) for RCC_HSEConfig
    main.o(i.main) refers to stm32f10x_rcc.o(i.RCC_WaitForHSEStartUp) for RCC_WaitForHSEStartUp
    main.o(i.main) refers to stm32f10x_rcc.o(i.RCC_HCLKConfig) for RCC_HCLKConfig
    main.o(i.main) refers to stm32f10x_rcc.o(i.RCC_PCLK1Config) for RCC_PCLK1Config
    main.o(i.main) refers to stm32f10x_rcc.o(i.RCC_PCLK2Config) for RCC_PCLK2Config
    main.o(i.main) refers to stm32f10x_rcc.o(i.RCC_PLLConfig) for RCC_PLLConfig
    main.o(i.main) refers to stm32f10x_rcc.o(i.RCC_PLLCmd) for RCC_PLLCmd
    main.o(i.main) refers to stm32f10x_rcc.o(i.RCC_GetFlagStatus) for RCC_GetFlagStatus
    main.o(i.main) refers to stm32f10x_rcc.o(i.RCC_SYSCLKConfig) for RCC_SYSCLKConfig
    main.o(i.main) refers to stm32f10x_rcc.o(i.RCC_GetSYSCLKSource) for RCC_GetSYSCLKSource
    main.o(i.main) refers to stm32f10x_rcc.o(i.RCC_HSICmd) for RCC_HSICmd
    main.o(i.main) refers to stm32f10x_rcc.o(i.RCC_APB2PeriphClockCmd) for RCC_APB2PeriphClockCmd
    main.o(i.main) refers to misc.o(i.NVIC_PriorityGroupConfig) for NVIC_PriorityGroupConfig
    main.o(i.main) refers to delay.o(i.delay_init) for delay_init
    main.o(i.main) refers to delay.o(i.TIM5_Config) for TIM5_Config
    main.o(i.main) refers to delay.o(i.Cycle_Time_Init) for Cycle_Time_Init
    main.o(i.main) refers to mpu6050.o(i.MPU6050_Init) for MPU6050_Init
    main.o(i.main) refers to usart.o(i.UART_PI_CONFIG) for UART_PI_CONFIG
    main.o(i.main) refers to usart.o(i.UART_FLOW_CONFIG) for UART_FLOW_CONFIG
    main.o(i.main) refers to usart.o(i.UART_UP_CONFIG) for UART_UP_CONFIG
    main.o(i.main) refers to dma.o(i.MYDMA_Config) for MYDMA_Config
    main.o(i.main) refers to stm32f10x_usart.o(i.USART_DMACmd) for USART_DMACmd
    main.o(i.main) refers to dma.o(i.MYDMA_Enable) for MYDMA_Enable
    main.o(i.main) refers to main.o(i.SetPB9) for SetPB9
    main.o(i.main) refers to delay.o(i.Get_Cycle_T) for Get_Cycle_T
    main.o(i.main) refers to fflt_clz.o(x$fpl$ffltu) for __aeabi_ui2f
    main.o(i.main) refers to f2d.o(x$fpl$f2d) for __aeabi_f2d
    main.o(i.main) refers to ddiv.o(x$fpl$ddiv) for __aeabi_ddiv
    main.o(i.main) refers to d2f.o(x$fpl$d2f) for __aeabi_d2f
    main.o(i.main) refers to mpu6050.o(i.MPU6050_Read) for MPU6050_Read
    main.o(i.main) refers to mpu6050.o(i.MPU6050_Data_Prepare) for MPU6050_Data_Prepare
    main.o(i.main) refers to fmul.o(x$fpl$fmul) for __aeabi_fmul
    main.o(i.main) refers to imu.o(i.IMUupdate) for IMUupdate
    main.o(i.main) refers to faddsub_clz.o(x$fpl$fsub) for __aeabi_fsub
    main.o(i.main) refers to faddsub_clz.o(x$fpl$fadd) for __aeabi_fadd
    main.o(i.main) refers to dmul.o(x$fpl$dmul) for __aeabi_dmul
    main.o(i.main) refers to filter.o(i.firstOrderFilter) for firstOrderFilter
    main.o(i.main) refers to stm32f10x_dma.o(i.DMA_GetFlagStatus) for DMA_GetFlagStatus
    main.o(i.main) refers to stm32f10x_dma.o(i.DMA_ClearFlag) for DMA_ClearFlag
    main.o(i.main) refers to dfix.o(x$fpl$dfix) for __aeabi_d2iz
    main.o(i.main) refers to ffix.o(x$fpl$ffix) for __aeabi_f2iz
    main.o(i.main) refers to usart.o(i.data_per_uart) for data_per_uart
    main.o(i.main) refers to delay.o(i.Delay_ms) for Delay_ms
    main.o(i.main) refers to usart.o(.bss) for SendBuff
    main.o(i.main) refers to main.o(.data) for dt_mems
    main.o(i.main) refers to main.o(.bss) for cnt
    main.o(i.main) refers to imu.o(.data) for Yaw
    main.o(i.main) refers to mpu6050.o(.bss) for mpu6050_fc
    main.o(i.main) refers to imu.o(.bss) for reference_v
    main.o(i.main) refers to filter.o(.bss) for firstOrderFilters
    main.o(i.main) refers to usart.o(.data) for SendBuff_cnt
    delay.o(i.Cycle_Time_Init) refers to delay.o(i.Get_Cycle_T) for Get_Cycle_T
    delay.o(i.Delay_ms) refers to delay.o(.data) for fac_ms
    delay.o(i.Delay_us) refers to delay.o(.data) for fac_us
    delay.o(i.Get_Cycle_T) refers to fflt_clz.o(x$fpl$ffltu) for __aeabi_ui2f
    delay.o(i.Get_Cycle_T) refers to frleqf.o(x$fpl$frleqf) for __aeabi_cfrcmple
    delay.o(i.Get_Cycle_T) refers to faddsub_clz.o(x$fpl$fsub) for __aeabi_fsub
    delay.o(i.Get_Cycle_T) refers to faddsub_clz.o(x$fpl$fadd) for __aeabi_fadd
    delay.o(i.Get_Cycle_T) refers to ffixu.o(x$fpl$ffixu) for __aeabi_f2uiz
    delay.o(i.Get_Cycle_T) refers to delay.o(.bss) for Cycle_T
    delay.o(i.TIM5_Config) refers to stm32f10x_rcc.o(i.RCC_APB1PeriphClockCmd) for RCC_APB1PeriphClockCmd
[...]
    .ARM.Collect$$rtentry$$00000002          0x080001a8   Section        0  __rtentry2.o(.ARM.Collect$$rtentry$$00000002)
    .ARM.Collect$$rtentry$$00000004          0x080001a8   Section        6  __rtentry4.o(.ARM.Collect$$rtentry$$00000004)
    .ARM.Collect$$rtentry$$00000009          0x080001ae   Section        0  __rtentry2.o(.ARM.Collect$$rtentry$$00000009)
    .ARM.Collect$$rtentry$$0000000A          0x080001ae   Section        4  __rtentry2.o(.ARM.Collect$$rtentry$$0000000A)
    .ARM.Collect$$rtentry$$0000000C          0x080001b2   Section        0  __rtentry2.o(.ARM.Collect$$rtentry$$0000000C)
    .ARM.Collect$$rtentry$$0000000D          0x080001b2   Section        8  __rtentry2.o(.ARM.Collect$$rtentry$$0000000D)
    .ARM.Collect$$rtexit$$00000000           0x080001ba   Section        2  rtexit.o(.ARM.Collect$$rtexit$$00000000)
    .ARM.Collect$$rtexit$$00000002           0x080001bc   Section        0  rtexit2.o(.ARM.Collect$$rtexit$$00000002)
    .ARM.Collect$$rtexit$$00000003           0x080001bc   Section        4  rtexit2.o(.ARM.Collect$$rtexit$$00000003)
    .ARM.Collect$$rtexit$$00000004           0x080001c0   Section        6  rtexit2.o(.ARM.Collect$$rtexit$$00000004)
    .text                                    0x080001c8   Section       64  startup_stm32f10x_md.o(.text)
    .text                                    0x08000208   Section       78  rt_memclr_w.o(.text)
    .text                                    0x08000256   Section        0  heapauxi.o(.text)
    .text                                    0x0800025c   Section        0  _rserrno.o(.text)
    .text                                    0x08000274   Section        8  rt_errno_addr_intlibspace.o(.text)
    .text                                    0x0800027c   Section        8  libspace.o(.text)
    .text                                    0x08000284   Section       74  sys_stackheap_outer.o(.text)
    .text                                    0x080002ce   Section        0  exit.o(.text)
    .text                                    0x080002e0   Section        0  sys_exit.o(.text)
    .text                                    0x080002ec   Section        2  use_no_semi.o(.text)
    .text                                    0x080002ee   Section        0  indicate_semi.o(.text)
    i.BusFault_Handler                       0x080002ee   Section        0  stm32f10x_it.o(i.BusFault_Handler)
    i.Cycle_Time_Init                        0x080002f2   Section        0  delay.o(i.Cycle_Time_Init)
    i.DMA_ClearFlag                          0x08000308   Section        0  stm32f10x_dma.o(i.DMA_ClearFlag)
    i.DMA_Cmd                                0x08000324   Section        0  stm32f10x_dma.o(i.DMA_Cmd)
    i.DMA_DeInit                             0x0800033c   Section        0  stm32f10x_dma.o(i.DMA_DeInit)
    i.DMA_GetFlagStatus                      0x08000488   Section        0  stm32f10x_dma.o(i.DMA_GetFlagStatus)
    i.DMA_Init                               0x080004b4   Section        0  stm32f10x_dma.o(i.DMA_Init)
    i.DMA_SetCurrDataCounter                 0x080004f0   Section        0  stm32f10x_dma.o(i.DMA_SetCurrDataCounter)
    i.Data_Receive_Anl1                      0x080004f4   Section        0  usart.o(i.Data_Receive_Anl1)
    i.Data_Receive_Anl2                      0x08000828   Section        0  usart.o(i.Data_Receive_Anl2)
    i.DebugMon_Handler                       0x080008d8   Section        0  stm32f10x_it.o(i.DebugMon_Handler)
    i.Delay_ms                               0x080008dc   Section        0  delay.o(i.Delay_ms)
    i.GPIO_Init                              0x08000918   Section        0  stm32f10x_gpio.o(i.GPIO_Init)
    i.GPIO_ResetBits                         0x08000a2e   Section        0  stm32f10x_gpio.o(i.GPIO_ResetBits)
    i.GPIO_SetBits                           0x08000a32   Section        0  stm32f10x_gpio.o(i.GPIO_SetBits)
    i.Get_Cycle_T                            0x08000a38   Section        0  delay.o(i.Get_Cycle_T)
    i.HardFault_Handler                      0x08000af4   Section        0  stm32f10x_it.o(i.HardFault_Handler)
    i.I2c_Soft_Ask                           0x08000af8   Section        0  i2c_soft.o(i.I2c_Soft_Ask)
    i.I2c_Soft_Init                          0x08000b2c   Section        0  i2c_soft.o(i.I2c_Soft_Init)
    i.I2c_Soft_NoAsk                         0x08000b70   Section        0  i2c_soft.o(i.I2c_Soft_NoAsk)
    i.I2c_Soft_ReadByte                      0x08000ba4   Section        0  i2c_soft.o(i.I2c_Soft_ReadByte)
    i.I2c_Soft_SendByte                      0x08000c04   Section        0  i2c_soft.o(i.I2c_Soft_SendByte)
    i.I2c_Soft_Start                         0x08000c58   Section        0  i2c_soft.o(i.I2c_Soft_Start)
    i.I2c_Soft_Stop                          0x08000cb0   Section        0  i2c_soft.o(i.I2c_Soft_Stop)
    i.I2c_Soft_WaitAsk                       0x08000ce4   Section        0  i2c_soft.o(i.I2c_Soft_WaitAsk)
    i.I2c_Soft_delay                         0x08000d3c   Section        0  i2c_soft.o(i.I2c_Soft_delay)
    i.IIC_Read_nByte                         0x08000d6c   Section        0  i2c_soft.o(i.IIC_Read_nByte)
    i.IIC_Write_1Byte                        0x08000dd8   Section        0  i2c_soft.o(i.IIC_Write_1Byte)
    i.IICwriteBit                            0x08000e18   Section        0  mpu6050.o(i.IICwriteBit)
    i.IICwriteBits                           0x08000e6c   Section        0  mpu6050.o(i.IICwriteBits)
    i.IMUupdate                              0x08000ed4   Section        0  imu.o(i.IMUupdate)
    i.MPU6050_Data_Offset                    0x08001c18   Section        0  mpu6050.o(i.MPU6050_Data_Offset)
    i.MPU6050_Data_Prepare                   0x08001e88   Section        0  mpu6050.o(i.MPU6050_Data_Prepare)
    i.MPU6050_INT_Config                     0x080024a4   Section        0  mpu6050.o(i.MPU6050_INT_Config)
    i.MPU6050_Init                           0x080024a8   Section        0  mpu6050.o(i.MPU6050_Init)
    i.MPU6050_Read                           0x0800259c   Section        0  mpu6050.o(i.MPU6050_Read)
    i.MPU6050_setClockSource                 0x080025bc   Section        0  mpu6050.o(i.MPU6050_setClockSource)
    i.MPU6050_setDLPF                        0x080025d0   Section        0  mpu6050.o(i.MPU6050_setDLPF)
    i.MPU6050_setFullScaleAccelRange         0x080025e4   Section        0  mpu6050.o(i.MPU6050_setFullScaleAccelRange)
    i.MPU6050_setFullScaleGyroRange          0x08002608   Section        0  mpu6050.o(i.MPU6050_setFullScaleGyroRange)
    i.MPU6050_setI2CBypassEnabled            0x0800262c   Section        0  mpu6050.o(i.MPU6050_setI2CBypassEnabled)
    i.MPU6050_setI2CMasterModeEnabled        0x0800263e   Section        0  mpu6050.o(i.MPU6050_setI2CMasterModeEnabled)
    i.MPU6050_setSleepEnabled                0x08002650   Section        0  mpu6050.o(i.MPU6050_setSleepEnabled)
    i.MPU6050_set_SMPLRT_DIV                 0x08002662   Section        0  mpu6050.o(i.MPU6050_set_SMPLRT_DIV)
    i.MYDMA_Config                           0x08002680   Section        0  dma.o(i.MYDMA_Config)
    i.MYDMA_Enable                           0x080026dc   Section        0  dma.o(i.MYDMA_Enable)
    i.MemManage_Handler                      0x08002700   Section        0  stm32f10x_it.o(i.MemManage_Handler)
    i.NMI_Handler                            0x08002704   Section        0  stm32f10x_it.o(i.NMI_Handler)
    i.NVIC_Init                              0x08002708   Section        0  misc.o(i.NVIC_Init)
    i.NVIC_PriorityGroupConfig               0x08002778   Section        0  misc.o(i.NVIC_PriorityGroupConfig)
    i.PendSV_Handler                         0x0800278c   Section        0  stm32f10x_it.o(i.PendSV_Handler)
    i.RCC_AHBPeriphClockCmd                  0x08002790   Section        0  stm32f10x_rcc.o(i.RCC_AHBPeriphClockCmd)
    i.RCC_APB1PeriphClockCmd                 0x080027b0   Section        0  stm32f10x_rcc.o(i.RCC_APB1PeriphClockCmd)
    i.RCC_APB1PeriphResetCmd                 0x080027d0   Section        0  stm32f10x_rcc.o(i.RCC_APB1PeriphResetCmd)
    i.RCC_APB2PeriphClockCmd                 0x080027f0   Section        0  stm32f10x_rcc.o(i.RCC_APB2PeriphClockCmd)
    i.RCC_APB2PeriphResetCmd                 0x08002810   Section        0  stm32f10x_rcc.o(i.RCC_APB2PeriphResetCmd)
    i.RCC_DeInit                             0x08002830   Section        0  stm32f10x_rcc.o(i.RCC_DeInit)
    i.RCC_GetClocksFreq                      0x0800287c   Section        0  stm32f10x_rcc.o(i.RCC_GetClocksFreq)
    i.RCC_GetFlagStatus                      0x08002950   Section        0  stm32f10x_rcc.o(i.RCC_GetFlagStatus)
    i.RCC_GetSYSCLKSource                    0x0800298c   Section        0  stm32f10x_rcc.o(i.RCC_GetSYSCLKSource)
    i.RCC_HCLKConfig                         0x0800299c   Section        0  stm32f10x_rcc.o(i.RCC_HCLKConfig)
    i.RCC_HSEConfig                          0x080029b4   Section        0  stm32f10x_rcc.o(i.RCC_HSEConfig)
    i.RCC_HSICmd                             0x08002a00   Section        0  stm32f10x_rcc.o(i.RCC_HSICmd)
    i.RCC_PCLK1Config                        0x08002a0c   Section        0  stm32f10x_rcc.o(i.RCC_PCLK1Config)
    i.RCC_PCLK2Config                        0x08002a24   Section        0  stm32f10x_rcc.o(i.RCC_PCLK2Config)
    i.RCC_PLLCmd                             0x08002a3c   Section        0  stm32f10x_rcc.o(i.RCC_PLLCmd)
    i.RCC_PLLConfig                          0x08002a48   Section        0  stm32f10x_rcc.o(i.RCC_PLLConfig)
    i.RCC_SYSCLKConfig                       0x08002a64   Section        0  stm32f10x_rcc.o(i.RCC_SYSCLKConfig)
    i.RCC_WaitForHSEStartUp                  0x08002a7c   Section        0  stm32f10x_rcc.o(i.RCC_WaitForHSEStartUp)
    i.SVC_Handler                            0x08002ab4   Section        0  stm32f10x_it.o(i.SVC_Handler)
    i.SetPB9                                 0x08002ab8   Section        0  main.o(i.SetPB9)
    i.SetSysClock                            0x08002b04   Section        0  system_stm32f10x.o(i.SetSysClock)
    SetSysClock                              0x08002b05   Thumb Code     8  system_stm32f10x.o(i.SetSysClock)
    i.SetSysClockTo72                        0x08002b0c   Section        0  system_stm32f10x.o(i.SetSysClockTo72)
    SetSysClockTo72                          0x08002b0d   Thumb Code   214  system_stm32f10x.o(i.SetSysClockTo72)
    i.SysTick_Handler                        0x08002bec   Section        0  stm32f10x_it.o(i.SysTick_Handler)
    i.SystemInit                             0x08002bf0   Section        0  system_stm32f10x.o(i.SystemInit)
    i.TIM5_Config                            0x08002c50   Section        0  delay.o(i.TIM5_Config)
    i.TIM_Cmd                                0x08002c94   Section        0  stm32f10x_tim.o(i.TIM_Cmd)
    i.TIM_DeInit                             0x08002cac   Section        0  stm32f10x_tim.o(i.TIM_DeInit)
    i.TIM_TimeBaseInit                       0x08002e94   Section        0  stm32f10x_tim.o(i.TIM_TimeBaseInit)
    i.To_180_degrees                         0x08002f38   Section        0  mymath.o(i.To_180_degrees)
    i.Transform                              0x08002f74   Section        0  mpu6050.o(i.Transform)
    i.UART_FLOW_CONFIG                       0x08002f84   Section        0  usart.o(i.UART_FLOW_CONFIG)
    i.UART_PI_CONFIG                         0x08003020   Section        0  usart.o(i.UART_PI_CONFIG)
    i.UART_UP_CONFIG                         0x080030c4   Section        0  usart.o(i.UART_UP_CONFIG)
    i.USART1_IRQHandler                      0x0800316c   Section        0  usart.o(i.USART1_IRQHandler)
    i.USART2_IRQHandler                      0x08003284   Section        0  usart.o(i.USART2_IRQHandler)
    i.USART3_IRQHandler                      0x0800339c   Section        0  usart.o(i.USART3_IRQHandler)
    i.USART_Cmd                              0x080033b8   Section        0  stm32f10x_usart.o(i.USART_Cmd)
    i.USART_DMACmd                           0x080033d0   Section        0  stm32f10x_usart.o(i.USART_DMACmd)
    i.USART_GetITStatus                      0x080033e2   Section        0  stm32f10x_usart.o(i.USART_GetITStatus)
    i.USART_ITConfig                         0x08003436   Section        0  stm32f10x_usart.o(i.USART_ITConfig)
    i.USART_Init                             0x08003480   Section        0  stm32f10x_usart.o(i.USART_Init)
    i.USART_ReceiveData                      0x08003558   Section        0  stm32f10x_usart.o(i.USART_ReceiveData)
    i.UsageFault_Handler                     0x08003562   Section        0  stm32f10x_it.o(i.UsageFault_Handler)
    i.__ARM_fpclassify                       0x08003566   Section        0  fpclassify.o(i.__ARM_fpclassify)
    i.__kernel_poly                          0x0800358e   Section        0  poly.o(i.__kernel_poly)
    i.__mathlib_dbl_infnan                   0x08003638   Section        0  dunder.o(i.__mathlib_dbl_infnan)
    i.__mathlib_dbl_invalid                  0x0800363e   Section        0  dunder.o(i.__mathlib_dbl_invalid)
    i.__mathlib_dbl_underflow                0x0800364c   Section        0  dunder.o(i.__mathlib_dbl_underflow)
    i.asin                                   0x0800365c   Section        0  asin.o(i.asin)
    i.data_per_uart                          0x080038cc   Section        0  usart.o(i.data_per_uart)
    i.delay_init                             0x0800400c   Section        0  delay.o(i.delay_init)
    i.fast_atan2                             0x0800404c   Section        0  mymath.o(i.fast_atan2)
    i.firstOrderFilter                       0x080041b8   Section        0  filter.o(i.firstOrderFilter)
    i.initFirstOrderFilter                   0x08004218   Section        0  filter.o(i.initFirstOrderFilter)
    i.main                                   0x08004444   Section        0  main.o(i.main)
    i.my_abs                                 0x08004934   Section        0  mymath.o(i.my_abs)
    i.my_sqrt                                0x0800494c   Section        0  mymath.o(i.my_sqrt)
    i.simple_3d_trans                        0x080049c4   Section        0  filter.o(i.simple_3d_trans)
    i.sqrt                                   0x08004acc   Section        0  sqrt.o(i.sqrt)
    x$fpl$d2f                                0x08004b18   Section       98  d2f.o(x$fpl$d2f)
    x$fpl$dadd                               0x08004b7c   Section      336  daddsub_clz.o(x$fpl$dadd)
    _dadd1                                   0x08004b8d   Thumb Code     0  daddsub_clz.o(x$fpl$dadd)
    x$fpl$dcheck1                            0x08004ccc   Section       16  dcheck1.o(x$fpl$dcheck1)
    x$fpl$dcmpinf                            0x08004cdc   Section       24  dcmpi.o(x$fpl$dcmpinf)
    x$fpl$ddiv                               0x08004cf4   Section      688  ddiv.o(x$fpl$ddiv)
    ddiv_entry                               0x08004cfb   Thumb Code     0  ddiv.o(x$fpl$ddiv)
    x$fpl$dfix                               0x08004fa4   Section       94  dfix.o(x$fpl$dfix)
    x$fpl$dleqf                              0x08005004   Section      120  dleqf.o(x$fpl$dleqf)
    x$fpl$dmul                               0x0800507c   Section      340  dmul.o(x$fpl$dmul)
    x$fpl$dnaninf                            0x080051d0   Section      156  dnaninf.o(x$fpl$dnaninf)
    x$fpl$dretinf                            0x0800526c   Section       12  dretinf.o(x$fpl$dretinf)
    x$fpl$drleqf                             0x08005278   Section      108  drleqf.o(x$fpl$drleqf)
    x$fpl$drsb                               0x080052e4   Section       22  daddsub_clz.o(x$fpl$drsb)
    x$fpl$dsqrt                              0x080052fc   Section      460  dsqrt_noumaal.o(x$fpl$dsqrt)
    x$fpl$dsub                               0x080054c8   Section      468  daddsub_clz.o(x$fpl$dsub)
    _dsub1                                   0x080054d9   Thumb Code     0  daddsub_clz.o(x$fpl$dsub)
    x$fpl$f2d                                0x0800569c   Section       86  f2d.o(x$fpl$f2d)
    x$fpl$fadd                               0x080056f4   Section      196  faddsub_clz.o(x$fpl$fadd)
    _fadd1                                   0x08005703   Thumb Code     0  faddsub_clz.o(x$fpl$fadd)
    x$fpl$fcmpinf                            0x080057b8   Section       24  fcmpi.o(x$fpl$fcmpinf)
    x$fpl$fdiv                               0x080057d0   Section      388  fdiv.o(x$fpl$fdiv)
    _fdiv1                                   0x080057d1   Thumb Code     0  fdiv.o(x$fpl$fdiv)
    x$fpl$feqf                               0x08005954   Section      104  feqf.o(x$fpl$feqf)
    x$fpl$ffix                               0x080059bc   Section       54  ffix.o(x$fpl$ffix)
    x$fpl$ffixu                              0x080059f4   Section       62  ffixu.o(x$fpl$ffixu)
    x$fpl$fflt                               0x08005a34   Section       48  fflt_clz.o(x$fpl$fflt)
    x$fpl$ffltu                              0x08005a64   Section       38  fflt_clz.o(x$fpl$ffltu)
    x$fpl$fleqf                              0x08005a8c   Section      104  fleqf.o(x$fpl$fleqf)
    x$fpl$fmul                               0x08005af4   Section      258  fmul.o(x$fpl$fmul)
    x$fpl$fnaninf                            0x08005bf6   Section      140  fnaninf.o(x$fpl$fnaninf)
    x$fpl$fretinf                            0x08005c82   Section       10  fretinf.o(x$fpl$fretinf)
    x$fpl$frleqf                             0x08005c8c   Section       98  frleqf.o(x$fpl$frleqf)
    x$fpl$frsb                               0x08005cee   Section       20  faddsub_clz.o(x$fpl$frsb)
    x$fpl$fsub                               0x08005d04   Section      234  faddsub_clz.o(x$fpl$fsub)
    _fsub1                                   0x08005d13   Thumb Code     0  faddsub_clz.o(x$fpl$fsub)
    x$fpl$retnan                             0x08005dee   Section      100  retnan.o(x$fpl$retnan)
    x$fpl$scalbn                             0x08005e52   Section       92  scalbn.o(x$fpl$scalbn)
    x$fpl$trapveneer                         0x08005eae   Section       48  trapv.o(x$fpl$trapveneer)
    x$fpl$usenofp                            0x08005ede   Section        0  usenofp.o(x$fpl$usenofp)
    .constdata                               0x08005ee0   Section       80  asin.o(.constdata)
    pS                                       0x08005ee0   Data          48  asin.o(.constdata)
    qS                                       0x08005f10   Data          32  asin.o(.constdata)
    .data                                    0x20000000   Section       17  main.o(.data)
    StartFlag                                0x20000010   Data           1  main.o(.data)
    .data                                    0x20000012   Section        4  delay.o(.data)
    fac_us                                   0x20000012   Data           1  delay.o(.data)
    fac_ms                                   0x20000014   Data           2  delay.o(.data)
    .data                                    0x20000018   Section       33  usart.o(.data)
    _data_len1                               0x20000024   Data           1  usart.o(.data)
    _data_cnt1                               0x20000025   Data           1  usart.o(.data)
    _data_len                                0x20000034   Data           1  usart.o(.data)
    _data_cnt                                0x20000035   Data           1  usart.o(.data)
    led                                      0x20000038   Data           1  usart.o(.data)
    .data                                    0x2000003a   Section        2  dma.o(.data)
    .data                                    0x2000003c   Section       20  stm32f10x_rcc.o(.data)
    APBAHBPrescTable                         0x2000003c   Data          16  stm32f10x_rcc.o(.data)
    ADCPrescTable                            0x2000004c   Data           4  stm32f10x_rcc.o(.data)
    .data                                    0x20000050   Section       44  mpu6050.o(.data)
    .data                                    0x2000007c   Section        1  i2c_soft.o(.data)
    .data                                    0x20000080   Section     1028  mymath.o(.data)
    .data                                    0x20000484   Section       88  imu.o(.data)
    init                                     0x200004d4   Data           1  imu.o(.data)
    yaw_correct                              0x200004d8   Data           4  imu.o(.data)
    .data                                    0x200004dc   Section       89  filter.o(.data)
    pn                                       0x20000528   Data           1  filter.o(.data)
    h_tmp_x                                  0x2000052c   Data           4  filter.o(.data)
    h_tmp_y                                  0x20000530   Data           4  filter.o(.data)
    init                                     0x20000534   Data           1  filter.o(.data)
    .bss                                     0x20000538   Section       60  main.o(.bss)
    cnt                                      0x20000544   Data          10  main.o(.bss)
    a_br                                     0x20000550   Data          12  main.o(.bss)
    acc_temp                                 0x2000055c   Data          12  main.o(.bss)
    acc_neo_temp                             0x20000568   Data          12  main.o(.bss)
    .bss                                     0x20000574   Section      120  delay.o(.bss)
    .bss                                     0x200005ec   Section      492  usart.o(.bss)
    .bss                                     0x200007d8   Section       44  dma.o(.bss)
    .bss                                     0x20000804   Section      508  mpu6050.o(.bss)
    .bss                                     0x20000a00   Section      164  imu.o(.bss)
    mag_tmp                                  0x20000a98   Data          12  imu.o(.bss)
    .bss                                     0x20000aa4   Section      400  filter.o(.bss)
    .bss                                     0x20000c34   Section       96  libspace.o(.bss)
    HEAP                                     0x20000c98   Section      512  startup_stm32f10x_md.o(HEAP)
    Heap_Mem                                 0x20000c98   Data         512  startup_stm32f10x_md.o(HEAP)
    STACK                                    0x20000e98   Section     1024  startup_stm32f10x_md.o(STACK)
    Stack_Mem                                0x20000e98   Data        1024  startup_stm32f10x_md.o(STACK)
    __initial_sp                             0x20001298   Data           0  startup_stm32f10x_md.o(STACK)

    Global Symbols

    Symbol Name                              Value     Ov Type        Size  Object(Section)

    BuildAttributes$$THM_ISAv4$P$D$K$B$S$PE$A:L22UL41UL21$X:L11$S22US41US21$IEEE1$IW$USESV6$~STKCKD$USESV7$~SHL$OTIME$ROPI$IEEEX$EBA8$UX$STANDARDLIB$REQ8$PRES8$EABIv2 0x00000000   Number         0  anon$$obj.o ABSOLUTE
    __ARM_use_no_argv                        0x00000000   Number         0  main.o ABSOLUTE
    __ARM_exceptions_init                     - Undefined Weak Reference
    __alloca_initialize                       - Undefined Weak Reference
    __arm_preinit_                            - Undefined Weak Reference
    __cpp_initialize__aeabi_                  - Undefined Weak Reference
    __cxa_finalize                            - Undefined Weak Reference
    __rt_locale                               - Undefined Weak Reference
    __sigvec_lookup                           - Undefined Weak Reference
    _atexit_init                              - Undefined Weak Reference
    _call_atexit_fns                          - Undefined Weak Reference
    _clock_init                               - Undefined Weak Reference
    _fp_trap_init                             - Undefined Weak Reference
    _fp_trap_shutdown                         - Undefined Weak Reference
    _get_lc_collate                           - Undefined Weak Reference
    _get_lc_ctype                             - Undefined Weak Reference
    _get_lc_monetary                          - Undefined Weak Reference
    _get_lc_numeric                           - Undefined Weak Reference
    _get_lc_time                              - Undefined Weak Reference
    _getenv_init                              - Undefined Weak Reference
    _handle_redirection                       - Undefined Weak Reference
    _init_alloc                               - Undefined Weak Reference
    _init_user_alloc                          - Undefined Weak Reference
    _initio                                   - Undefined Weak Reference
    _rand_init                                - Undefined Weak Reference
    _signal_finish                            - Undefined Weak Reference
    _signal_init                              - Undefined Weak Reference
    _terminate_alloc                          - Undefined Weak Reference
    _terminate_user_alloc                     - Undefined Weak Reference
    _terminateio                              - Undefined Weak Reference
    __Vectors_Size                           0x000000ec   Number         0  startup_stm32f10x_md.o ABSOLUTE
    __Vectors                                0x08000000   Data           4  startup_stm32f10x_md.o(RESET)
    __Vectors_End                            0x080000ec   Data           0  startup_stm32f10x_md.o(RESET)
    __main                                   0x080000ed   Thumb Code     8  __main.o(!!!main)
    __scatterload                            0x080000f5   Thumb Code     0  __scatter.o(!!!scatter)
    __scatterload_rt2                        0x080000f5   Thumb Code    44  __scatter.o(!!!scatter)
    __scatterload_rt2_thumb_only             0x080000f5   Thumb Code     0  __scatter.o(!!!scatter)
    __scatterload_null                       0x08000103   Thumb Code     0  __scatter.o(!!!scatter)
    __decompress                             0x08000129   Thumb Code    90  __dczerorl2.o(!!dczerorl2)
    __decompress1                            0x08000129   Thumb Code     0  __dczerorl2.o(!!dczerorl2)
    __scatterload_zeroinit                   0x08000185   Thumb Code    28  __scatter_zi.o(!!handler_zi)
    __rt_lib_init                            0x080001a1   Thumb Code     0  libinit.o(.ARM.Collect$$libinit$$00000000)
    __rt_lib_init_alloca_1                   0x080001a3   Thumb Code     0  libinit2.o(.ARM.Collect$$libinit$$0000002E)
    __rt_lib_init_argv_1                     0x080001a3   Thumb Code     0  libinit2.o(.ARM.Collect$$libinit$$0000002C)
    __rt_lib_init_atexit_1                   0x080001a3   Thumb Code     0  libinit2.o(.ARM.Collect$$libinit$$0000001B)
    __rt_lib_init_clock_1                    0x080001a3   Thumb Code     0  libinit2.o(.ARM.Collect$$libinit$$00000021)
    __rt_lib_init_cpp_1                      0x080001a3   Thumb Code     0  libinit2.o(.ARM.Collect$$libinit$$00000032)
    __rt_lib_init_exceptions_1               0x080001a3   Thumb Code     0  libinit2.o(.ARM.Collect$$libinit$$00000030)
    __rt_lib_init_fp_1                       0x080001a3   Thumb Code     0  libinit2.o(.ARM.Collect$$libinit$$00000002)
    __rt_lib_init_fp_trap_1                  0x080001a3   Thumb Code     0  libinit2.o(.ARM.Collect$$libinit$$0000001F)
    __rt_lib_init_getenv_1                   0x080001a3   Thumb Code     0  libinit2.o(.ARM.Collect$$libinit$$00000023)
    __rt_lib_init_heap_1                     0x080001a3   Thumb Code     0  libinit2.o(.ARM.Collect$$libinit$$0000000A)
    __rt_lib_init_lc_collate_1               0x080001a3   Thumb Code     0  libinit2.o(.ARM.Collect$$libinit$$00000011)
    __rt_lib_init_lc_ctype_1                 0x080001a3   Thumb Code     0  libinit2.o(.ARM.Collect$$libinit$$00000013)
    __rt_lib_init_lc_monetary_1              0x080001a3   Thumb Code     0  libinit2.o(.ARM.Collect$$libinit$$00000015)
    __rt_lib_init_lc_numeric_1               0x080001a3   Thumb Code     0  libinit2.o(.ARM.Collect$$libinit$$00000017)
    __rt_lib_init_lc_time_1                  0x080001a3   Thumb Code     0  libinit2.o(.ARM.Collect$$libinit$$00000019)
    __rt_lib_init_preinit_1                  0x080001a3   Thumb Code     0  libinit2.o(.ARM.Collect$$libinit$$00000004)
    __rt_lib_init_rand_1                     0x080001a3   Thumb Code     0  libinit2.o(.ARM.Collect$$libinit$$0000000E)
    __rt_lib_init_return                     0x080001a3   Thumb Code     0  libinit2.o(.ARM.Collect$$libinit$$00000033)
    __rt_lib_init_signal_1                   0x080001a3   Thumb Code     0  libinit2.o(.ARM.Collect$$libinit$$0000001D)
    __rt_lib_init_stdio_1                    0x080001a3   Thumb Code     0  libinit2.o(.ARM.Collect$$libinit$$00000025)
    __rt_lib_init_user_alloc_1               0x080001a3   Thumb Code     0  libinit2.o(.ARM.Collect$$libinit$$0000000C)
    __rt_lib_shutdown                        0x080001a5   Thumb Code     0  libshutdown.o(.ARM.Collect$$libshutdown$$00000000)
    __rt_lib_shutdown_cpp_1                  0x080001a7   Thumb Code     0  libshutdown2.o(.ARM.Collect$$libshutdown$$00000002)
    __rt_lib_shutdown_fp_trap_1              0x080001a7   Thumb Code     0  libshutdown2.o(.ARM.Collect$$libshutdown$$00000007)
    __rt_lib_shutdown_heap_1                 0x080001a7   Thumb Code     0  libshutdown2.o(.ARM.Collect$$libshutdown$$0000000F)
    __rt_lib_shutdown_return                 0x080001a7   Thumb Code     0  libshutdown2.o(.ARM.Collect$$libshutdown$$00000010)
    __rt_lib_shutdown_signal_1               0x080001a7   Thumb Code     0  libshutdown2.o(.ARM.Collect$$libshutdown$$0000000A)
    __rt_lib_shutdown_stdio_1                0x080001a7   Thumb Code     0  libshutdown2.o(.ARM.Collect$$libshutdown$$00000004)
    __rt_lib_shutdown_user_alloc_1           0x080001a7   Thumb Code     0  libshutdown2.o(.ARM.Collect$$libshutdown$$0000000C)
    __rt_entry                               0x080001a9   Thumb Code     0  __rtentry.o(.ARM.Collect$$rtentry$$00000000)
    __rt_entry_presh_1                       0x080001a9   Thumb Code     0  __rtentry2.o(.ARM.Collect$$rtentry$$00000002)
    __rt_entry_sh                            0x080001a9   Thumb Code     0  __rtentry4.o(.ARM.Collect$$rtentry$$00000004)
    __rt_entry_li                            0x080001af   Thumb Code     0  __rtentry2.o(.ARM.Collect$$rtentry$$0000000A)
    __rt_entry_postsh_1                      0x080001af   Thumb Code     0  __rtentry2.o(.ARM.Collect$$rtentry$$00000009)
    __rt_entry_main                          0x080001b3   Thumb Code     0  __rtentry2.o(.ARM.Collect$$rtentry$$0000000D)
    __rt_entry_postli_1                      0x080001b3   Thumb Code     0  __rtentry2.o(.ARM.Collect$$rtentry$$0000000C)
    __rt_exit                                0x080001bb   Thumb Code     0  rtexit.o(.ARM.Collect$$rtexit$$00000000)
    __rt_exit_ls                             0x080001bd   Thumb Code     0  rtexit2.o(.ARM.Collect$$rtexit$$00000003)
    __rt_exit_prels_1                        0x080001bd   Thumb Code     0  rtexit2.o(.ARM.Collect$$rtexit$$00000002)
    __rt_exit_exit                           0x080001c1   Thumb Code     0  rtexit2.o(.ARM.Collect$$rtexit$$00000004)
    Reset_Handler                            0x080001c9   Thumb Code     8  startup_stm32f10x_md.o(.text)
    ADC1_2_IRQHandler                        0x080001e3   Thumb Code     0  startup_stm32f10x_md.o(.text)
    CAN1_RX1_IRQHandler                      0x080001e3   Thumb Code     0  startup_stm32f10x_md.o(.text)
    CAN1_SCE_IRQHandler                      0x080001e3   Thumb Code     0  startup_stm32f10x_md.o(.text)
    DMA1_Channel1_IRQHandler                 0x080001e3   Thumb Code     0  startup_stm32f10x_md.o(.text)
    DMA1_Channel2_IRQHandler                 0x080001e3   Thumb Code     0  startup_stm32f10x_md.o(.text)
    DMA1_Channel3_IRQHandler                 0x080001e3   Thumb Code     0  startup_stm32f10x_md.o(.text)
    DMA1_Channel4_IRQHandler                 0x080001e3   Thumb Code     0  startup_stm32f10x_md.o(.text)
    DMA1_Channel5_IRQHandler                 0x080001e3   Thumb Code     0  startup_stm32f10x_md.o(.text)
    DMA1_Channel6_IRQHandler                 0x080001e3   Thumb Code     0  startup_stm32f10x_md.o(.text)
    DMA1_Channel7_IRQHandler                 0x080001e3   Thumb Code     0  startup_stm32f10x_md.o(.text)
    EXTI0_IRQHandler                         0x080001e3   Thumb Code     0  startup_stm32f10x_md.o(.text)
    EXTI15_10_IRQHandler                     0x080001e3   Thumb Code     0  startup_stm32f10x_md.o(.text)
    EXTI1_IRQHandler                         0x080001e3   Thumb Code     0  startup_stm32f10x_md.o(.text)
    EXTI2_IRQHandler                         0x080001e3   Thumb Code     0  startup_stm32f10x_md.o(.text)
    EXTI3_IRQHandler                         0x080001e3   Thumb Code     0  startup_stm32f10x_md.o(.text)
    EXTI4_IRQHandler                         0x080001e3   Thumb Code     0  startup_stm32f10x_md.o(.text)
    EXTI9_5_IRQHandler                       0x080001e3   Thumb Code     0  startup_stm32f10x_md.o(.text)
    FLASH_IRQHandler                         0x080001e3   Thumb Code     0  startup_stm32f10x_md.o(.text)
    I2C1_ER_IRQHandler                       0x080001e3   Thumb Code     0  startup_stm32f10x_md.o(.text)
    I2C1_EV_IRQHandler                       0x080001e3   Thumb Code     0  startup_stm32f10x_md.o(.text)
    I2C2_ER_IRQHandler                       0x080001e3   Thumb Code     0  startup_stm32f10x_md.o(.text)
    I2C2_EV_IRQHandler                       0x080001e3   Thumb Code     0  startup_stm32f10x_md.o(.text)
    PVD_IRQHandler                           0x080001e3   Thumb Code     0  startup_stm32f10x_md.o(.text)
    RCC_IRQHandler                           0x080001e3   Thumb Code     0  startup_stm32f10x_md.o(.text)
    RTCAlarm_IRQHandler                      0x080001e3   Thumb Code     0  startup_stm32f10x_md.o(.text)
    RTC_IRQHandler                           0x080001e3   Thumb Code     0  startup_stm32f10x_md.o(.text)
    SPI1_IRQHandler                          0x080001e3   Thumb Code     0  startup_stm32f10x_md.o(.text)
    SPI2_IRQHandler                          0x080001e3   Thumb Code     0  startup_stm32f10x_md.o(.text)
    TAMPER_IRQHandler                        0x080001e3   Thumb Code     0  startup_stm32f10x_md.o(.text)
    TIM1_BRK_IRQHandler                      0x080001e3   Thumb Code     0  startup_stm32f10x_md.o(.text)
    TIM1_CC_IRQHandler                       0x080001e3   Thumb Code     0  startup_stm32f10x_md.o(.text)
    TIM1_TRG_COM_IRQHandler                  0x080001e3   Thumb Code     0  startup_stm32f10x_md.o(.text)
    TIM1_UP_IRQHandler                       0x080001e3   Thumb Code     0  startup_stm32f10x_md.o(.text)
    TIM2_IRQHandler                          0x080001e3   Thumb Code     0  startup_stm32f10x_md.o(.text)
    TIM3_IRQHandler                          0x080001e3   Thumb Code     0  startup_stm32f10x_md.o(.text)
    TIM4_IRQHandler                          0x080001e3   Thumb Code     0  startup_stm32f10x_md.o(.text)
    USBWakeUp_IRQHandler                     0x080001e3   Thumb Code     0  startup_stm32f10x_md.o(.text)
    USB_HP_CAN1_TX_IRQHandler                0x080001e3   Thumb Code     0  startup_stm32f10x_md.o(.text)
    USB_LP_CAN1_RX0_IRQHandler               0x080001e3   Thumb Code     0  startup_stm32f10x_md.o(.text)
    WWDG_IRQHandler                          0x080001e3   Thumb Code     0  startup_stm32f10x_md.o(.text)
    __user_initial_stackheap                 0x080001e5   Thumb Code     0  startup_stm32f10x_md.o(.text)
    __aeabi_memclr4                          0x08000209   Thumb Code     0  rt_memclr_w.o(.text)
    __aeabi_memclr8                          0x08000209   Thumb Code     0  rt_memclr_w.o(.text)
    __rt_memclr_w                            0x08000209   Thumb Code    78  rt_memclr_w.o(.text)
    _memset_w                                0x0800020d   Thumb Code     0  rt_memclr_w.o(.text)
    __use_two_region_memory                  0x08000257   Thumb Code     2  heapauxi.o(.text)
    __rt_heap_escrow$2region                 0x08000259   Thumb Code     2  heapauxi.o(.text)
    __rt_heap_expand$2region                 0x0800025b   Thumb Code     2  heapauxi.o(.text)
    __read_errno                             0x0800025d   Thumb Code    10  _rserrno.o(.text)
    __set_errno                              0x08000267   Thumb Code    12  _rserrno.o(.text)
    __aeabi_errno_addr                       0x08000275   Thumb Code     8  rt_errno_addr_intlibspace.o(.text)
    __errno$intlibspace                      0x08000275   Thumb Code     0  rt_errno_addr_intlibspace.o(.text)
    __rt_errno_addr$intlibspace              0x08000275   Thumb Code     0  rt_errno_addr_intlibspace.o(.text)
    __user_libspace                          0x0800027d   Thumb Code     8  libspace.o(.text)
    __user_perproc_libspace                  0x0800027d   Thumb Code     0  libspace.o(.text)
    __user_perthread_libspace                0x0800027d   Thumb Code     0  libspace.o(.text)
    __user_setup_stackheap                   0x08000285   Thumb Code    74  sys_stackheap_outer.o(.text)
    exit                                     0x080002cf   Thumb Code    18  exit.o(.text)
    _sys_exit                                0x080002e1   Thumb Code     8  sys_exit.o(.text)
    __I$use$semihosting                      0x080002ed   Thumb Code     0  use_no_semi.o(.text)
    __use_no_semihosting_swi                 0x080002ed   Thumb Code     2  use_no_semi.o(.text)
    BusFault_Handler                         0x080002ef   Thumb Code     4  stm32f10x_it.o(i.BusFault_Handler)
    __semihosting_library_function           0x080002ef   Thumb Code     0  indicate_semi.o(.text)
    Cycle_Time_Init                          0x080002f3   Thumb Code    22  delay.o(i.Cycle_Time_Init)
    DMA_ClearFlag                            0x08000309   Thumb Code    18  stm32f10x_dma.o(i.DMA_ClearFlag)
    DMA_Cmd                                  0x08000325   Thumb Code    24  stm32f10x_dma.o(i.DMA_Cmd)
    DMA_DeInit                               0x0800033d   Thumb Code   324  stm32f10x_dma.o(i.DMA_DeInit)
    DMA_GetFlagStatus                        0x08000489   Thumb Code    36  stm32f10x_dma.o(i.DMA_GetFlagStatus)
    DMA_Init                                 0x080004b5   Thumb Code    60  stm32f10x_dma.o(i.DMA_Init)
    DMA_SetCurrDataCounter                   0x080004f1   Thumb Code     4  stm32f10x_dma.o(i.DMA_SetCurrDataCounter)
    Data_Receive_Anl1                        0x080004f5   Thumb Code   804  usart.o(i.Data_Receive_Anl1)
    Data_Receive_Anl2                        0x08000829   Thumb Code   168  usart.o(i.Data_Receive_Anl2)
    DebugMon_Handler                         0x080008d9   Thumb Code     2  stm32f10x_it.o(i.DebugMon_Handler)
    Delay_ms                                 0x080008dd   Thumb Code    56  delay.o(i.Delay_ms)
    GPIO_Init                                0x08000919   Thumb Code   278  stm32f10x_gpio.o(i.GPIO_Init)
    GPIO_ResetBits                           0x08000a2f   Thumb Code     4  stm32f10x_gpio.o(i.GPIO_ResetBits)
    GPIO_SetBits                             0x08000a33   Thumb Code     4  stm32f10x_gpio.o(i.GPIO_SetBits)
    Get_Cycle_T                              0x08000a39   Thumb Code   174  delay.o(i.Get_Cycle_T)
    HardFault_Handler                        0x08000af5   Thumb Code     4  stm32f10x_it.o(i.HardFault_Handler)
    I2c_Soft_Ask                             0x08000af9   Thumb Code    46  i2c_soft.o(i.I2c_Soft_Ask)
    I2c_Soft_Init                            0x08000b2d   Thumb Code    64  i2c_soft.o(i.I2c_Soft_Init)
    I2c_Soft_NoAsk                           0x08000b71   Thumb Code    48  i2c_soft.o(i.I2c_Soft_NoAsk)
    I2c_Soft_ReadByte                        0x08000ba5   Thumb Code    92  i2c_soft.o(i.I2c_Soft_ReadByte)
    I2c_Soft_SendByte                        0x08000c05   Thumb Code    78  i2c_soft.o(i.I2c_Soft_SendByte)
    I2c_Soft_Start                           0x08000c59   Thumb Code    84  i2c_soft.o(i.I2c_Soft_Start)
    I2c_Soft_Stop                            0x08000cb1   Thumb Code    48  i2c_soft.o(i.I2c_Soft_Stop)
    I2c_Soft_WaitAsk                         0x08000ce5   Thumb Code    84  i2c_soft.o(i.I2c_Soft_WaitAsk)
    I2c_Soft_delay                           0x08000d3d   Thumb Code    42  i2c_soft.o(i.I2c_Soft_delay)
    IIC_Read_nByte                           0x08000d6d   Thumb Code   108  i2c_soft.o(i.IIC_Read_nByte)
    IIC_Write_1Byte                          0x08000dd9   Thumb Code    62  i2c_soft.o(i.IIC_Write_1Byte)
    IICwriteBit                              0x08000e19   Thumb Code    78  mpu6050.o(i.IICwriteBit)
    IICwriteBits                             0x08000e6d   Thumb Code   102  mpu6050.o(i.IICwriteBits)
    IMUupdate                                0x08000ed5   Thumb Code  3388  imu.o(i.IMUupdate)
    MPU6050_Data_Offset                      0x08001c19   Thumb Code   582  mpu6050.o(i.MPU6050_Data_Offset)
    MPU6050_Data_Prepare                     0x08001e89   Thumb Code  1536  mpu6050.o(i.MPU6050_Data_Prepare)
    MPU6050_INT_Config                       0x080024a5   Thumb Code     2  mpu6050.o(i.MPU6050_INT_Config)
    MPU6050_Init                             0x080024a9   Thumb Code   216  mpu6050.o(i.MPU6050_Init)
    MPU6050_Read                             0x0800259d   Thumb Code    22  mpu6050.o(i.MPU6050_Read)
    MPU6050_setClockSource                   0x080025bd   Thumb Code    20  mpu6050.o(i.MPU6050_setClockSource)
    MPU6050_setDLPF                          0x080025d1   Thumb Code    20  mpu6050.o(i.MPU6050_setDLPF)
    MPU6050_setFullScaleAccelRange           0x080025e5   Thumb Code    36  mpu6050.o(i.MPU6050_setFullScaleAccelRange)
    MPU6050_setFullScaleGyroRange            0x08002609   Thumb Code    36  mpu6050.o(i.MPU6050_setFullScaleGyroRange)
    MPU6050_setI2CBypassEnabled              0x0800262d   Thumb Code    18  mpu6050.o(i.MPU6050_setI2CBypassEnabled)
    MPU6050_setI2CMasterModeEnabled          0x0800263f   Thumb Code    18  mpu6050.o(i.MPU6050_setI2CMasterModeEnabled)
    MPU6050_setSleepEnabled                  0x08002651   Thumb Code    18  mpu6050.o(i.MPU6050_setSleepEnabled)
    MPU6050_set_SMPLRT_DIV                   0x08002663   Thumb Code    28  mpu6050.o(i.MPU6050_set_SMPLRT_DIV)
    MYDMA_Config                             0x08002681   Thumb Code    82  dma.o(i.MYDMA_Config)
    MYDMA_Enable                             0x080026dd   Thumb Code    32  dma.o(i.MYDMA_Enable)
    MemManage_Handler                        0x08002701   Thumb Code     4  stm32f10x_it.o(i.MemManage_Handler)
    NMI_Handler                              0x08002705   Thumb Code     2  stm32f10x_it.o(i.NMI_Handler)
    NVIC_Init                                0x08002709   Thumb Code   100  misc.o(i.NVIC_Init)
    NVIC_PriorityGroupConfig                 0x08002779   Thumb Code    10  misc.o(i.NVIC_PriorityGroupConfig)
    PendSV_Handler                           0x0800278d   Thumb Code     2  stm32f10x_it.o(i.PendSV_Handler)
    RCC_AHBPeriphClockCmd                    0x08002791   Thumb Code    26  stm32f10x_rcc.o(i.RCC_AHBPeriphClockCmd)
    RCC_APB1PeriphClockCmd                   0x080027b1   Thumb Code    26  stm32f10x_rcc.o(i.RCC_APB1PeriphClockCmd)
    RCC_APB1PeriphResetCmd                   0x080027d1   Thumb Code    26  stm32f10x_rcc.o(i.RCC_APB1PeriphResetCmd)
    RCC_APB2PeriphClockCmd                   0x080027f1   Thumb Code    26  stm32f10x_rcc.o(i.RCC_APB2PeriphClockCmd)
    RCC_APB2PeriphResetCmd                   0x08002811   Thumb Code    26  stm32f10x_rcc.o(i.RCC_APB2PeriphResetCmd)
    RCC_DeInit                               0x08002831   Thumb Code    64  stm32f10x_rcc.o(i.RCC_DeInit)
    RCC_GetClocksFreq                        0x0800287d   Thumb Code   192  stm32f10x_rcc.o(i.RCC_GetClocksFreq)
    RCC_GetFlagStatus                        0x08002951   Thumb Code    56  stm32f10x_rcc.o(i.RCC_GetFlagStatus)
    RCC_GetSYSCLKSource                      0x0800298d   Thumb Code    10  stm32f10x_rcc.o(i.RCC_GetSYSCLKSource)
    RCC_HCLKConfig                           0x0800299d   Thumb Code    18  stm32f10x_rcc.o(i.RCC_HCLKConfig)
    RCC_HSEConfig                            0x080029b5   Thumb Code    70  stm32f10x_rcc.o(i.RCC_HSEConfig)
    RCC_HSICmd                               0x08002a01   Thumb Code     6  stm32f10x_rcc.o(i.RCC_HSICmd)
    RCC_PCLK1Config                          0x08002a0d   Thumb Code    18  stm32f10x_rcc.o(i.RCC_PCLK1Config)
    RCC_PCLK2Config                          0x08002a25   Thumb Code    20  stm32f10x_rcc.o(i.RCC_PCLK2Config)
    RCC_PLLCmd                               0x08002a3d   Thumb Code     6  stm32f10x_rcc.o(i.RCC_PLLCmd)
    RCC_PLLConfig                            0x08002a49   Thumb Code    24  stm32f10x_rcc.o(i.RCC_PLLConfig)
    RCC_SYSCLKConfig                         0x08002a65   Thumb Code    18  stm32f10x_rcc.o(i.RCC_SYSCLKConfig)
    RCC_WaitForHSEStartUp                    0x08002a7d   Thumb Code    56  stm32f10x_rcc.o(i.RCC_WaitForHSEStartUp)
    SVC_Handler                              0x08002ab5   Thumb Code     2  stm32f10x_it.o(i.SVC_Handler)
    SetPB9                                   0x08002ab9   Thumb Code    66  main.o(i.SetPB9)
    SysTick_Handler                          0x08002bed   Thumb Code     2  stm32f10x_it.o(i.SysTick_Handler)
    SystemInit                               0x08002bf1   Thumb Code    78  system_stm32f10x.o(i.SystemInit)
    TIM5_Config                              0x08002c51   Thumb Code    62  delay.o(i.TIM5_Config)
    TIM_Cmd                                  0x08002c95   Thumb Code    24  stm32f10x_tim.o(i.TIM_Cmd)
    TIM_DeInit                               0x08002cad   Thumb Code   424  stm32f10x_tim.o(i.TIM_DeInit)
    TIM_TimeBaseInit                         0x08002e95   Thumb Code   122  stm32f10x_tim.o(i.TIM_TimeBaseInit)
    To_180_degrees                           0x08002f39   Thumb Code    48  mymath.o(i.To_180_degrees)
    Transform                                0x08002f75   Thumb Code    14  mpu6050.o(i.Transform)
    UART_FLOW_CONFIG                         0x08002f85   Thumb Code   146  usart.o(i.UART_FLOW_CONFIG)
    UART_PI_CONFIG                           0x08003021   Thumb Code   154  usart.o(i.UART_PI_CONFIG)
    UART_UP_CONFIG                           0x080030c5   Thumb Code   158  usart.o(i.UART_UP_CONFIG)
    USART1_IRQHandler                        0x0800316d   Thumb Code   258  usart.o(i.USART1_IRQHandler)
    USART2_IRQHandler                        0x08003285   Thumb Code   258  usart.o(i.USART2_IRQHandler)
    USART3_IRQHandler                        0x0800339d   Thumb Code    24  usart.o(i.USART3_IRQHandler)
    USART_Cmd                                0x080033b9   Thumb Code    24  stm32f10x_usart.o(i.USART_Cmd)
    USART_DMACmd                             0x080033d1   Thumb Code    18  stm32f10x_usart.o(i.USART_DMACmd)
    USART_GetITStatus                        0x080033e3   Thumb Code    84  stm32f10x_usart.o(i.USART_GetITStatus)
    USART_ITConfig                           0x08003437   Thumb Code    74  stm32f10x_usart.o(i.USART_ITConfig)
    USART_Init                               0x08003481   Thumb Code   210  stm32f10x_usart.o(i.USART_Init)
    USART_ReceiveData                        0x08003559   Thumb Code    10  stm32f10x_usart.o(i.USART_ReceiveData)
    UsageFault_Handler                       0x08003563   Thumb Code     4  stm32f10x_it.o(i.UsageFault_Handler)
    __ARM_fpclassify                         0x08003567   Thumb Code    40  fpclassify.o(i.__ARM_fpclassify)
    __kernel_poly                            0x0800358f   Thumb Code   170  poly.o(i.__kernel_poly)
    __mathlib_dbl_infnan                     0x08003639   Thumb Code     6  dunder.o(i.__mathlib_dbl_infnan)
    __mathlib_dbl_invalid                    0x0800363f   Thumb Code    12  dunder.o(i.__mathlib_dbl_invalid)
    __mathlib_dbl_underflow                  0x0800364d   Thumb Code    10  dunder.o(i.__mathlib_dbl_underflow)
    asin                                     0x0800365d   Thumb Code   572  asin.o(i.asin)
    data_per_uart                            0x080038cd   Thumb Code  1846  usart.o(i.data_per_uart)
    delay_init                               0x0800400d   Thumb Code    56  delay.o(i.delay_init)
    fast_atan2                               0x0800404d   Thumb Code   344  mymath.o(i.fast_atan2)
    firstOrderFilter                         0x080041b9   Thumb Code    90  filter.o(i.firstOrderFilter)
    initFirstOrderFilter                     0x08004219   Thumb Code   480  filter.o(i.initFirstOrderFilter)
    main                                     0x08004445   Thumb Code  1264  main.o(i.main)
    my_abs                                   0x08004935   Thumb Code    24  mymath.o(i.my_abs)
    my_sqrt                                  0x0800494d   Thumb Code   114  mymath.o(i.my_sqrt)
    simple_3d_trans                          0x080049c5   Thumb Code   252  filter.o(i.simple_3d_trans)
    sqrt                                     0x08004acd   Thumb Code    76  sqrt.o(i.sqrt)
    __aeabi_d2f                              0x08004b19   Thumb Code     0  d2f.o(x$fpl$d2f)
    _d2f                                     0x08004b19   Thumb Code    98  d2f.o(x$fpl$d2f)
    __aeabi_dadd                             0x08004b7d   Thumb Code     0  daddsub_clz.o(x$fpl$dadd)
    _dadd                                    0x08004b7d   Thumb Code   332  daddsub_clz.o(x$fpl$dadd)
    __fpl_dcheck_NaN1                        0x08004ccd   Thumb Code    10  dcheck1.o(x$fpl$dcheck1)
    __fpl_dcmp_Inf                           0x08004cdd   Thumb Code    24  dcmpi.o(x$fpl$dcmpinf)
    __aeabi_ddiv                             0x08004cf5   Thumb Code     0  ddiv.o(x$fpl$ddiv)
    _ddiv                                    0x08004cf5   Thumb Code   552  ddiv.o(x$fpl$ddiv)
    __aeabi_d2iz                             0x08004fa5   Thumb Code     0  dfix.o(x$fpl$dfix)
    _dfix                                    0x08004fa5   Thumb Code    94  dfix.o(x$fpl$dfix)
    __aeabi_cdcmple                          0x08005005   Thumb Code     0  dleqf.o(x$fpl$dleqf)
    _dcmple                                  0x08005005   Thumb Code   120  dleqf.o(x$fpl$dleqf)
    __fpl_dcmple_InfNaN                      0x08005067   Thumb Code     0  dleqf.o(x$fpl$dleqf)
    __aeabi_dmul                             0x0800507d   Thumb Code     0  dmul.o(x$fpl$dmul)
    _dmul                                    0x0800507d   Thumb Code   332  dmul.o(x$fpl$dmul)
    __fpl_dnaninf                            0x080051d1   Thumb Code   156  dnaninf.o(x$fpl$dnaninf)
    __fpl_dretinf                            0x0800526d   Thumb Code    12  dretinf.o(x$fpl$dretinf)
    __aeabi_cdrcmple                         0x08005279   Thumb Code     0  drleqf.o(x$fpl$drleqf)
    _drcmple                                 0x08005279   Thumb Code   108  drleqf.o(x$fpl$drleqf)
    __aeabi_drsub                            0x080052e5   Thumb Code     0  daddsub_clz.o(x$fpl$drsb)
    _drsb                                    0x080052e5   Thumb Code    22  daddsub_clz.o(x$fpl$drsb)
    _dsqrt                                   0x080052fd   Thumb Code   456  dsqrt_noumaal.o(x$fpl$dsqrt)
    __aeabi_dsub                             0x080054c9   Thumb Code     0  daddsub_clz.o(x$fpl$dsub)
    _dsub                                    0x080054c9   Thumb Code   464  daddsub_clz.o(x$fpl$dsub)
    __aeabi_f2d                              0x0800569d   Thumb Code     0  f2d.o(x$fpl$f2d)
    _f2d                                     0x0800569d   Thumb Code    86  f2d.o(x$fpl$f2d)
    __aeabi_fadd                             0x080056f5   Thumb Code     0  faddsub_clz.o(x$fpl$fadd)
    _fadd                                    0x080056f5   Thumb Code   196  faddsub_clz.o(x$fpl$fadd)
    __fpl_fcmp_Inf                           0x080057b9   Thumb Code    24  fcmpi.o(x$fpl$fcmpinf)
    __aeabi_fdiv                             0x080057d1   Thumb Code     0  fdiv.o(x$fpl$fdiv)
    _fdiv                                    0x080057d1   Thumb Code   384  fdiv.o(x$fpl$fdiv)
    __aeabi_cfcmpeq                          0x08005955   Thumb Code     0  feqf.o(x$fpl$feqf)
    _fcmpeq                                  0x08005955   Thumb Code   104  feqf.o(x$fpl$feqf)
    __aeabi_f2iz                             0x080059bd   Thumb Code     0  ffix.o(x$fpl$ffix)
    _ffix                                    0x080059bd   Thumb Code    54  ffix.o(x$fpl$ffix)
    __aeabi_f2uiz                            0x080059f5   Thumb Code     0  ffixu.o(x$fpl$ffixu)
    _ffixu                                   0x080059f5   Thumb Code    62  ffixu.o(x$fpl$ffixu)
    __aeabi_i2f                              0x08005a35   Thumb Code     0  fflt_clz.o(x$fpl$fflt)
    _fflt                                    0x08005a35   Thumb Code    48  fflt_clz.o(x$fpl$fflt)
    __aeabi_ui2f                             0x08005a65   Thumb Code     0  fflt_clz.o(x$fpl$ffltu)
    _ffltu                                   0x08005a65   Thumb Code    38  fflt_clz.o(x$fpl$ffltu)
    __aeabi_cfcmple                          0x08005a8d   Thumb Code     0  fleqf.o(x$fpl$fleqf)
    _fcmple                                  0x08005a8d   Thumb Code   104  fleqf.o(x$fpl$fleqf)
    __fpl_fcmple_InfNaN                      0x08005adf   Thumb Code     0  fleqf.o(x$fpl$fleqf)
    __aeabi_fmul                             0x08005af5   Thumb Code     0  fmul.o(x$fpl$fmul)
    _fmul                                    0x08005af5   Thumb Code   258  fmul.o(x$fpl$fmul)
    __fpl_fnaninf                            0x08005bf7   Thumb Code   140  fnaninf.o(x$fpl$fnaninf)
    __fpl_fretinf                            0x08005c83   Thumb Code    10  fretinf.o(x$fpl$fretinf)
    __aeabi_cfrcmple                         0x08005c8d   Thumb Code     0  frleqf.o(x$fpl$frleqf)
    _frcmple                                 0x08005c8d   Thumb Code    98  frleqf.o(x$fpl$frleqf)
    __aeabi_frsub                            0x08005cef   Thumb Code     0  faddsub_clz.o(x$fpl$frsb)
    _frsb                                    0x08005cef   Thumb Code    20  faddsub_clz.o(x$fpl$frsb)
    __aeabi_fsub                             0x08005d05   Thumb Code     0  faddsub_clz.o(x$fpl$fsub)
    _fsub                                    0x08005d05   Thumb Code   234  faddsub_clz.o(x$fpl$fsub)
    __fpl_return_NaN                         0x08005def   Thumb Code   100  retnan.o(x$fpl$retnan)
    __ARM_scalbn                             0x08005e53   Thumb Code    92  scalbn.o(x$fpl$scalbn)
    __fpl_cmpreturn                          0x08005eaf   Thumb Code    48  trapv.o(x$fpl$trapveneer)
    __I$use$fp                               0x08005ede   Number         0  usenofp.o(x$fpl$usenofp)
    Region$$Table$$Base                      0x08005f30   Number         0  anon$$obj.o(Region$$Table)
    Region$$Table$$Limit                     0x08005f50   Number         0  anon$$obj.o(Region$$Table)
    dt_mems                                  0x20000000   Data           4  main.o(.data)
    dt_imu                                   0x20000004   Data           4  main.o(.data)
    dt_fushion                               0x20000008   Data           4  main.o(.data)
    dt_uart                                  0x2000000c   Data           4  main.o(.data)
    flow_origin_pi                           0x20000018   Data           8  usart.o(.data)
    RxState1                                 0x20000020   Data           1  usart.o(.data)
    RxBufferNum1                             0x20000021   Data           1  usart.o(.data)
    RxBufferCnt1                             0x20000022   Data           1  usart.o(.data)
    RxLen1                                   0x20000023   Data           1  usart.o(.data)
    flow_origin                              0x20000028   Data           8  usart.o(.data)
    RxState                                  0x20000030   Data           1  usart.o(.data)
    RxBufferNum                              0x20000031   Data           1  usart.o(.data)
    RxBufferCnt                              0x20000032   Data           1  usart.o(.data)
    RxLen                                    0x20000033   Data           1  usart.o(.data)
    SendBuff_cnt                             0x20000036   Data           2  usart.o(.data)
    DMA1_MEM_LEN                             0x2000003a   Data           2  dma.o(.data)
    need_init_mems                           0x20000050   Data           1  mpu6050.o(.data)
    mpu6050_ok                               0x20000051   Data           1  mpu6050.o(.data)
    sum_temp_att                             0x20000054   Data           8  mpu6050.o(.data)
    acc_sum_cnt                              0x2000005c   Data           2  mpu6050.o(.data)
    acc_sum_cnt_3d                           0x2000005e   Data           2  mpu6050.o(.data)
    acc_smple_cnt_3d                         0x20000060   Data           2  mpu6050.o(.data)
    gyro_sum_cnt                             0x20000062   Data           2  mpu6050.o(.data)
    filter_cnt                               0x20000064   Data           1  mpu6050.o(.data)
    filter_cnt_old                           0x20000065   Data           1  mpu6050.o(.data)
    test_ang                                 0x20000068   Data           4  mpu6050.o(.data)
    test_ang_old                             0x2000006c   Data           4  mpu6050.o(.data)
    test_ang_d                               0x20000070   Data           4  mpu6050.o(.data)
    test_fli_a                               0x20000074   Data           4  mpu6050.o(.data)
    test_i                                   0x20000078   Data           4  mpu6050.o(.data)
    I2C_FastMode                             0x2000007c   Data           1  i2c_soft.o(.data)
    fast_atan_table                          0x20000080   Data        1028  mymath.o(.data)
    Roll                                     0x20000484   Data           4  imu.o(.data)
    Pitch                                    0x20000488   Data           4  imu.o(.data)
    Yaw                                      0x2000048c   Data           4  imu.o(.data)
    Roll_mid_down                            0x20000490   Data           4  imu.o(.data)
    Pitch_mid_down                           0x20000494   Data           4  imu.o(.data)
    Yaw_mid_down                             0x20000498   Data           4  imu.o(.data)
    Rol_fc                                   0x2000049c   Data           4  imu.o(.data)
    Pit_fc                                   0x200004a0   Data           4  imu.o(.data)
    Yaw_fc                                   0x200004a4   Data           4  imu.o(.data)
    ref_q                                    0x200004a8   Data          16  imu.o(.data)
    norm_acc                                 0x200004b8   Data           4  imu.o(.data)
    norm_q                                   0x200004bc   Data           4  imu.o(.data)
    norm_acc_lpf                             0x200004c0   Data           4  imu.o(.data)
    mag_norm                                 0x200004c4   Data           4  imu.o(.data)
    mag_norm_xyz                             0x200004c8   Data           4  imu.o(.data)
    acc_ng_cali                              0x200004cc   Data           1  imu.o(.data)
    fly_ready                                0x200004cd   Data           1  imu.o(.data)
    yaw_mag                                  0x200004d0   Data           4  imu.o(.data)
    ACC_HIGHPASS_TAU                         0x200004dc   Data           4  filter.o(.data)
    ACC_LOWPASS_TAU                          0x200004e0   Data           4  filter.o(.data)
    ACC_LOWPASS_SAMPLE_TIME                  0x200004e4   Data           4  filter.o(.data)
    ACC_LOWPASS_A                            0x200004e8   Data           4  filter.o(.data)
    ACC_LOWPASS_GX1                          0x200004ec   Data           4  filter.o(.data)
    ACC_LOWPASS_GX2                          0x200004f0   Data           4  filter.o(.data)
    ACC_LOWPASS_GX3                          0x200004f4   Data           4  filter.o(.data)
    BARO_LOWPASS_TAU                         0x200004f8   Data           4  filter.o(.data)
    BARO_LOWPASS_SAMPLE_TIME                 0x200004fc   Data           4  filter.o(.data)
    BARO_LOWPASS_A                           0x20000500   Data           4  filter.o(.data)
    BARO_LOWPASS_GX1                         0x20000504   Data           4  filter.o(.data)
    BARO_LOWPASS_GX2                         0x20000508   Data           4  filter.o(.data)
    BARO_LOWPASS_GX3                         0x2000050c   Data           4  filter.o(.data)
    FLOW_LOWPASS_TAU                         0x20000510   Data           4  filter.o(.data)
    FLOW_LOWPASS_SAMPLE_TIME                 0x20000514   Data           4  filter.o(.data)
    FLOW_LOWPASS_A                           0x20000518   Data           4  filter.o(.data)
    FLOW_LOWPASS_GX1                         0x2000051c   Data           4  filter.o(.data)
    FLOW_LOWPASS_GX2                         0x20000520   Data           4  filter.o(.data)
    FLOW_LOWPASS_GX3                         0x20000524   Data           4  filter.o(.data)
    acc_flt                                  0x20000538   Data          12  main.o(.bss)
    Cycle_T                                  0x20000574   Data         120  delay.o(.bss)
    circle                                   0x200005ec   Data          92  usart.o(.bss)
    mark_map                                 0x20000648   Data         200  usart.o(.bss)
    RxBuffer1                                0x20000710   Data          50  usart.o(.bss)
    RxBuffer                                 0x20000742   Data          50  usart.o(.bss)
    SendBuff                                 0x20000774   Data         100  usart.o(.bss)
    DMA_InitStructure                        0x200007d8   Data          44  dma.o(.bss)
    sensor_setup                             0x20000804   Data          64  mpu6050.o(.bss)
    mpu6050_fc                               0x20000844   Data         160  mpu6050.o(.bss)
    mpu6050_buffer                           0x200008e4   Data          14  mpu6050.o(.bss)
    sum_temp                                 0x200008f4   Data          28  mpu6050.o(.bss)
    sum_temp_3d                              0x20000910   Data          28  mpu6050.o(.bss)
    FILT_BUF                                 0x2000092c   Data         154  mpu6050.o(.bss)
    mpu6050_tmp                              0x200009c8   Data          28  mpu6050.o(.bss)
    mpu_fil_tmp                              0x200009e4   Data          28  mpu6050.o(.bss)
    reference_v                              0x20000a00   Data          12  imu.o(.bss)
    ref                                      0x20000a0c   Data          60  imu.o(.bss)
    q_nav                                    0x20000a48   Data          16  imu.o(.bss)
    ref_q_imd_down                           0x20000a58   Data          16  imu.o(.bss)
    mag_sim_3d                               0x20000a68   Data          12  imu.o(.bss)
    acc_3d_hg                                0x20000a74   Data          12  imu.o(.bss)
    acc_ng                                   0x20000a80   Data          12  imu.o(.bss)
    acc_ng_offset                            0x20000a8c   Data          12  imu.o(.bss)
    firstOrderFilters                        0x20000aa4   Data         400  filter.o(.bss)
    __libspace_start                         0x20000c34   Data          96  libspace.o(.bss)
    __temporary_stack_top$libspace           0x20000c94   Data           0  libspace.o(.bss)



==============================================================================

Memory Map of the image

  Image Entry point : 0x080000ed

  Load Region LR_IROM1 (Base: 0x08000000, Size: 0x00006488, Max: 0x00010000, ABSOLUTE, COMPRESSED[0x00006394])

    Execution Region ER_IROM1 (Base: 0x08000000, Size: 0x00005f50, Max: 0x00010000, ABSOLUTE)

    Base Addr    Size         Type   Attr      Idx    E Section Name        Object

    0x08000000   0x000000ec   Data   RO         1790    RESET               startup_stm32f10x_md.o
    0x080000ec   0x00000008   Code   RO         2363  * !!!main             c_w.l(__main.o)
    0x080000f4   0x00000034   Code   RO         2669    !!!scatter          c_w.l(__scatter.o)
    0x08000128   0x0000005a   Code   RO         2667    !!dczerorl2         c_w.l(__dczerorl2.o)
    0x08000182   0x00000002   PAD
    0x08000184   0x0000001c   Code   RO         2671    !!handler_zi        c_w.l(__scatter_zi.o)
    0x080001a0   0x00000002   Code   RO         2536    .ARM.Collect$$libinit$$00000000  c_w.l(libinit.o)
    0x080001a2   0x00000000   Code   RO         2542    .ARM.Collect$$libinit$$00000002  c_w.l(libinit2.o)
    0x080001a2   0x00000000   Code   RO         2544    .ARM.Collect$$libinit$$00000004  c_w.l(libinit2.o)
    0x080001a2   0x00000000   Code   RO         2547    .ARM.Collect$$libinit$$0000000A  c_w.l(libinit2.o)
    0x080001a2   0x00000000   Code   RO         2549    .ARM.Collect$$libinit$$0000000C  c_w.l(libinit2.o)
    0x080001a2   0x00000000   Code   RO         2551    .ARM.Collect$$libinit$$0000000E  c_w.l(libinit2.o)
    0x080001a2   0x00000000   Code   RO         2554    .ARM.Collect$$libinit$$00000011  c_w.l(libinit2.o)
    0x080001a2   0x00000000   Code   RO         2556    .ARM.Collect$$libinit$$00000013  c_w.l(libinit2.o)
    0x080001a2   0x00000000   Code   RO         2558    .ARM.Collect$$libinit$$00000015  c_w.l(libinit2.o)
    0x080001a2   0x00000000   Code   RO         2560    .ARM.Collect$$libinit$$00000017  c_w.l(libinit2.o)
    0x080001a2   0x00000000   Code   RO         2562    .ARM.Collect$$libinit$$00000019  c_w.l(libinit2.o)
    0x080001a2   0x00000000   Code   RO         2564    .ARM.Collect$$libinit$$0000001B  c_w.l(libinit2.o)
    0x080001a2   0x00000000   Code   RO         2566    .ARM.Collect$$libinit$$0000001D  c_w.l(libinit2.o)
    0x080001a2   0x00000000   Code   RO         2568    .ARM.Collect$$libinit$$0000001F  c_w.l(libinit2.o)
    0x080001a2   0x00000000   Code   RO         2570    .ARM.Collect$$libinit$$00000021  c_w.l(libinit2.o)
    0x080001a2   0x00000000   Code   RO         2572    .ARM.Collect$$libinit$$00000023  c_w.l(libinit2.o)
    0x080001a2   0x00000000   Code   RO         2574    .ARM.Collect$$libinit$$00000025  c_w.l(libinit2.o)
    0x080001a2   0x00000000   Code   RO         2578    .ARM.Collect$$libinit$$0000002C  c_w.l(libinit2.o)
    0x080001a2   0x00000000   Code   RO         2580    .ARM.Collect$$libinit$$0000002E  c_w.l(libinit2.o)
    0x080001a2   0x00000000   Code   RO         2582    .ARM.Collect$$libinit$$00000030  c_w.l(libinit2.o)
    0x080001a2   0x00000000   Code   RO         2584    .ARM.Collect$$libinit$$00000032  c_w.l(libinit2.o)
    0x080001a2   0x00000002   Code   RO         2585    .ARM.Collect$$libinit$$00000033  c_w.l(libinit2.o)
    0x080001a4   0x00000002   Code   RO         2607    .ARM.Collect$$libshutdown$$00000000  c_w.l(libshutdown.o)
    0x080001a6   0x00000000   Code   RO         2620    .ARM.Collect$$libshutdown$$00000002  c_w.l(libshutdown2.o)
    0x080001a6   0x00000000   Code   RO         2622    .ARM.Collect$$libshutdown$$00000004  c_w.l(libshutdown2.o)
    0x080001a6   0x00000000   Code   RO         2625    .ARM.Collect$$libshutdown$$00000007  c_w.l(libshutdown2.o)
    0x080001a6   0x00000000   Code   RO         2628    .ARM.Collect$$libshutdown$$0000000A  c_w.l(libshutdown2.o)
    0x080001a6   0x00000000   Code   RO         2630    .ARM.Collect$$libshutdown$$0000000C  c_w.l(libshutdown2.o)
    0x080001a6   0x00000000   Code   RO         2633    .ARM.Collect$$libshutdown$$0000000F  c_w.l(libshutdown2.o)
    0x080001a6   0x00000002   Code   RO         2634    .ARM.Collect$$libshutdown$$00000010  c_w.l(libshutdown2.o)
    0x080001a8   0x00000000   Code   RO         2461    .ARM.Collect$$rtentry$$00000000  c_w.l(__rtentry.o)
    0x080001a8   0x00000000   Code   RO         2503    .ARM.Collect$$rtentry$$00000002  c_w.l(__rtentry2.o)
    0x080001a8   0x00000006   Code   RO         2515    .ARM.Collect$$rtentry$$00000004  c_w.l(__rtentry4.o)
    0x080001ae   0x00000000   Code   RO         2505    .ARM.Collect$$rtentry$$00000009  c_w.l(__rtentry2.o)
    0x080001ae   0x00000004   Code   RO         2506    .ARM.Collect$$rtentry$$0000000A  c_w.l(__rtentry2.o)
    0x080001b2   0x00000000   Code   RO         2508    .ARM.Collect$$rtentry$$0000000C  c_w.l(__rtentry2.o)
    0x080001b2   0x00000008   Code   RO         2509    .ARM.Collect$$rtentry$$0000000D  c_w.l(__rtentry2.o)
    0x080001ba   0x00000002   Code   RO         2539    .ARM.Collect$$rtexit$$00000000  c_w.l(rtexit.o)
    0x080001bc   0x00000000   Code   RO         2589    .ARM.Collect$$rtexit$$00000002  c_w.l(rtexit2.o)
    0x080001bc   0x00000004   Code   RO         2590    .ARM.Collect$$rtexit$$00000003  c_w.l(rtexit2.o)
    0x080001c0   0x00000006   Code   RO         2591    .ARM.Collect$$rtexit$$00000004  c_w.l(rtexit2.o)
    0x080001c6   0x00000002   PAD
    0x080001c8   0x00000040   Code   RO         1791    .text               startup_stm32f10x_md.o
    0x08000208   0x0000004e   Code   RO         2359    .text               c_w.l(rt_memclr_w.o)
    0x08000256   0x00000006   Code   RO         2361    .text               c_w.l(heapauxi.o)
    0x0800025c   0x00000016   Code   RO         2462    .text               c_w.l(_rserrno.o)
    0x08000272   0x00000002   PAD
    0x08000274   0x00000008   Code   RO         2520    .text               c_w.l(rt_errno_addr_intlibspace.o)
    0x0800027c   0x00000008   Code   RO         2524    .text               c_w.l(libspace.o)
    0x08000284   0x0000004a   Code   RO         2527    .text               c_w.l(sys_stackheap_outer.o)
    0x080002ce   0x00000012   Code   RO         2529    .text               c_w.l(exit.o)
    0x080002e0   0x0000000c   Code   RO         2599    .text               c_w.l(sys_exit.o)
    0x080002ec   0x00000002   Code   RO         2610    .text               c_w.l(use_no_semi.o)
    0x080002ee   0x00000000   Code   RO         2612    .text               c_w.l(indicate_semi.o)
    0x080002ee   0x00000004   Code   RO         1680    i.BusFault_Handler  stm32f10x_it.o
    0x080002f2   0x00000016   Code   RO          111    i.Cycle_Time_Init   delay.o
    0x08000308   0x0000001c   Code   RO         1434    i.DMA_ClearFlag     stm32f10x_dma.o
    0x08000324   0x00000018   Code   RO         1436    i.DMA_Cmd           stm32f10x_dma.o
    0x0800033c   0x0000014c   Code   RO         1437    i.DMA_DeInit        stm32f10x_dma.o
    0x08000488   0x0000002c   Code   RO         1439    i.DMA_GetFlagStatus  stm32f10x_dma.o
    0x080004b4   0x0000003c   Code   RO         1442    i.DMA_Init          stm32f10x_dma.o
    0x080004f0   0x00000004   Code   RO         1443    i.DMA_SetCurrDataCounter  stm32f10x_dma.o
    0x080004f4   0x00000334   Code   RO          192    i.Data_Receive_Anl1  usart.o
    0x08000828   0x000000b0   Code   RO          193    i.Data_Receive_Anl2  usart.o
    0x080008d8   0x00000002   Code   RO         1681    i.DebugMon_Handler  stm32f10x_it.o
    0x080008da   0x00000002   PAD
    0x080008dc   0x0000003c   Code   RO          113    i.Delay_ms          delay.o
    0x08000918   0x00000116   Code   RO          362    i.GPIO_Init         stm32f10x_gpio.o
    0x08000a2e   0x00000004   Code   RO          369    i.GPIO_ResetBits    stm32f10x_gpio.o
    0x08000a32   0x00000004   Code   RO          370    i.GPIO_SetBits      stm32f10x_gpio.o
    0x08000a36   0x00000002   PAD
    0x08000a38   0x000000bc   Code   RO          115    i.Get_Cycle_T       delay.o
    0x08000af4   0x00000004   Code   RO         1682    i.HardFault_Handler  stm32f10x_it.o
    0x08000af8   0x00000034   Code   RO         1929    i.I2c_Soft_Ask      i2c_soft.o
    0x08000b2c   0x00000044   Code   RO         1930    i.I2c_Soft_Init     i2c_soft.o
    0x08000b70   0x00000034   Code   RO         1931    i.I2c_Soft_NoAsk    i2c_soft.o
    0x08000ba4   0x00000060   Code   RO         1932    i.I2c_Soft_ReadByte  i2c_soft.o
    0x08000c04   0x00000054   Code   RO         1933    i.I2c_Soft_SendByte  i2c_soft.o
    0x08000c58   0x00000058   Code   RO         1934    i.I2c_Soft_Start    i2c_soft.o
    0x08000cb0   0x00000034   Code   RO         1935    i.I2c_Soft_Stop     i2c_soft.o
    0x08000ce4   0x00000058   Code   RO         1936    i.I2c_Soft_WaitAsk  i2c_soft.o
    0x08000d3c   0x00000030   Code   RO         1937    i.I2c_Soft_delay    i2c_soft.o
    0x08000d6c   0x0000006c   Code   RO         1939    i.IIC_Read_nByte    i2c_soft.o
    0x08000dd8   0x0000003e   Code   RO         1940    i.IIC_Write_1Byte   i2c_soft.o
    0x08000e16   0x00000002   PAD
    0x08000e18   0x00000054   Code   RO         1795    i.IICwriteBit       mpu6050.o
    0x08000e6c   0x00000066   Code   RO         1796    i.IICwriteBits      mpu6050.o
    0x08000ed2   0x00000002   PAD
    0x08000ed4   0x00000d44   Code   RO         2139    i.IMUupdate         imu.o
    0x08001c18   0x00000270   Code   RO         1797    i.MPU6050_Data_Offset  mpu6050.o
    0x08001e88   0x0000061c   Code   RO         1798    i.MPU6050_Data_Prepare  mpu6050.o
    0x080024a4   0x00000002   Code   RO         1799    i.MPU6050_INT_Config  mpu6050.o
    0x080024a6   0x00000002   PAD
    0x080024a8   0x000000f4   Code   RO         1800    i.MPU6050_Init      mpu6050.o
    0x0800259c   0x00000020   Code   RO         1801    i.MPU6050_Read      mpu6050.o
    0x080025bc   0x00000014   Code   RO         1802    i.MPU6050_setClockSource  mpu6050.o
    0x080025d0   0x00000014   Code   RO         1803    i.MPU6050_setDLPF   mpu6050.o
    0x080025e4   0x00000024   Code   RO         1804    i.MPU6050_setFullScaleAccelRange  mpu6050.o
    0x08002608   0x00000024   Code   RO         1805    i.MPU6050_setFullScaleGyroRange  mpu6050.o
    0x0800262c   0x00000012   Code   RO         1806    i.MPU6050_setI2CBypassEnabled  mpu6050.o
    0x0800263e   0x00000012   Code   RO         1807    i.MPU6050_setI2CMasterModeEnabled  mpu6050.o
    0x08002650   0x00000012   Code   RO         1808    i.MPU6050_setSleepEnabled  mpu6050.o
    0x08002662   0x0000001c   Code   RO         1809    i.MPU6050_set_SMPLRT_DIV  mpu6050.o
    0x0800267e   0x00000002   PAD
    0x08002680   0x0000005c   Code   RO          292    i.MYDMA_Config      dma.o
    0x080026dc   0x00000024   Code   RO          293    i.MYDMA_Enable      dma.o
    0x08002700   0x00000004   Code   RO         1683    i.MemManage_Handler  stm32f10x_it.o
    0x08002704   0x00000002   Code   RO         1684    i.NMI_Handler       stm32f10x_it.o
    0x08002706   0x00000002   PAD
    0x08002708   0x00000070   Code   RO          670    i.NVIC_Init         misc.o
    0x08002778   0x00000014   Code   RO          671    i.NVIC_PriorityGroupConfig  misc.o
    0x0800278c   0x00000002   Code   RO         1685    i.PendSV_Handler    stm32f10x_it.o
    0x0800278e   0x00000002   PAD
    0x08002790   0x00000020   Code   RO          471    i.RCC_AHBPeriphClockCmd  stm32f10x_rcc.o
    0x080027b0   0x00000020   Code   RO          472    i.RCC_APB1PeriphClockCmd  stm32f10x_rcc.o
    0x080027d0   0x00000020   Code   RO          473    i.RCC_APB1PeriphResetCmd  stm32f10x_rcc.o
    0x080027f0   0x00000020   Code   RO          474    i.RCC_APB2PeriphClockCmd  stm32f10x_rcc.o
    0x08002810   0x00000020   Code   RO          475    i.RCC_APB2PeriphResetCmd  stm32f10x_rcc.o
    0x08002830   0x0000004c   Code   RO          481    i.RCC_DeInit        stm32f10x_rcc.o
    0x0800287c   0x000000d4   Code   RO          482    i.RCC_GetClocksFreq  stm32f10x_rcc.o
    0x08002950   0x0000003c   Code   RO          483    i.RCC_GetFlagStatus  stm32f10x_rcc.o
    0x0800298c   0x00000010   Code   RO          485    i.RCC_GetSYSCLKSource  stm32f10x_rcc.o
    0x0800299c   0x00000018   Code   RO          486    i.RCC_HCLKConfig    stm32f10x_rcc.o
    0x080029b4   0x0000004c   Code   RO          487    i.RCC_HSEConfig     stm32f10x_rcc.o
    0x08002a00   0x0000000c   Code   RO          488    i.RCC_HSICmd        stm32f10x_rcc.o
    0x08002a0c   0x00000018   Code   RO          493    i.RCC_PCLK1Config   stm32f10x_rcc.o
    0x08002a24   0x00000018   Code   RO          494    i.RCC_PCLK2Config   stm32f10x_rcc.o
    0x08002a3c   0x0000000c   Code   RO          495    i.RCC_PLLCmd        stm32f10x_rcc.o
    0x08002a48   0x0000001c   Code   RO          496    i.RCC_PLLConfig     stm32f10x_rcc.o
    0x08002a64   0x00000018   Code   RO          499    i.RCC_SYSCLKConfig  stm32f10x_rcc.o
    0x08002a7c   0x00000038   Code   RO          501    i.RCC_WaitForHSEStartUp  stm32f10x_rcc.o
    0x08002ab4   0x00000002   Code   RO         1686    i.SVC_Handler       stm32f10x_it.o
    0x08002ab6   0x00000002   PAD
    0x08002ab8   0x0000004c   Code   RO            1    i.SetPB9            main.o
    0x08002b04   0x00000008   Code   RO         1743    i.SetSysClock       system_stm32f10x.o
    0x08002b0c   0x000000e0   Code   RO         1744    i.SetSysClockTo72   system_stm32f10x.o
    0x08002bec   0x00000002   Code   RO         1687    i.SysTick_Handler   stm32f10x_it.o
    0x08002bee   0x00000002   PAD
    0x08002bf0   0x00000060   Code   RO         1746    i.SystemInit        system_stm32f10x.o
    0x08002c50   0x00000044   Code   RO          116    i.TIM5_Config       delay.o
    0x08002c94   0x00000018   Code   RO          902    i.TIM_Cmd           stm32f10x_tim.o
    0x08002cac   0x000001e8   Code   RO          907    i.TIM_DeInit        stm32f10x_tim.o
    0x08002e94   0x000000a4   Code   RO          973    i.TIM_TimeBaseInit  stm32f10x_tim.o
    0x08002f38   0x0000003c   Code   RO         2023    i.To_180_degrees    mymath.o
    0x08002f74   0x0000000e   Code   RO         1810    i.Transform         mpu6050.o
    0x08002f82   0x00000002   PAD
    0x08002f84   0x0000009c   Code   RO          197    i.UART_FLOW_CONFIG  usart.o
    0x08003020   0x000000a4   Code   RO          198    i.UART_PI_CONFIG    usart.o
    0x080030c4   0x000000a8   Code   RO          199    i.UART_UP_CONFIG    usart.o
    0x0800316c   0x00000118   Code   RO          200    i.USART1_IRQHandler  usart.o
    0x08003284   0x00000118   Code   RO          201    i.USART2_IRQHandler  usart.o
    0x0800339c   0x0000001c   Code   RO          202    i.USART3_IRQHandler  usart.o
    0x080033b8   0x00000018   Code   RO          710    i.USART_Cmd         stm32f10x_usart.o
    0x080033d0   0x00000012   Code   RO          711    i.USART_DMACmd      stm32f10x_usart.o
    0x080033e2   0x00000054   Code   RO          714    i.USART_GetITStatus  stm32f10x_usart.o
    0x08003436   0x0000004a   Code   RO          716    i.USART_ITConfig    stm32f10x_usart.o
    0x08003480   0x000000d8   Code   RO          717    i.USART_Init        stm32f10x_usart.o
    0x08003558   0x0000000a   Code   RO          724    i.USART_ReceiveData  stm32f10x_usart.o
    0x08003562   0x00000004   Code   RO         1688    i.UsageFault_Handler  stm32f10x_it.o
    0x08003566   0x00000028   Code   RO         2497    i.__ARM_fpclassify  m_ws.l(fpclassify.o)
    0x0800358e   0x000000aa   Code   RO         2499    i.__kernel_poly     m_ws.l(poly.o)
    0x08003638   0x00000006   Code   RO         2484    i.__mathlib_dbl_infnan  m_ws.l(dunder.o)
    0x0800363e   0x0000000c   Code   RO         2486    i.__mathlib_dbl_invalid  m_ws.l(dunder.o)
    0x0800364a   0x00000002   PAD
    0x0800364c   0x00000010   Code   RO         2489    i.__mathlib_dbl_underflow  m_ws.l(dunder.o)
    0x0800365c   0x00000270   Code   RO         2430    i.asin              m_ws.l(asin.o)
    0x080038cc   0x00000740   Code   RO          206    i.data_per_uart     usart.o
    0x0800400c   0x00000040   Code   RO          117    i.delay_init        delay.o
    0x0800404c   0x0000016c   Code   RO         2025    i.fast_atan2        mymath.o
    0x080041b8   0x00000060   Code   RO         2169    i.firstOrderFilter  filter.o
    0x08004218   0x0000022c   Code   RO         2170    i.initFirstOrderFilter  filter.o
    0x08004444   0x000004f0   Code   RO            2    i.main              main.o
    0x08004934   0x00000018   Code   RO         2028    i.my_abs            mymath.o
    0x0800494c   0x00000078   Code   RO         2039    i.my_sqrt           mymath.o
    0x080049c4   0x00000108   Code   RO         2171    i.simple_3d_trans   filter.o
    0x08004acc   0x0000004c   Code   RO         2454    i.sqrt              m_ws.l(sqrt.o)
    0x08004b18   0x00000062   Code   RO         2365    x$fpl$d2f           fz_ws.l(d2f.o)
    0x08004b7a   0x00000002   PAD
    0x08004b7c   0x00000150   Code   RO         2367    x$fpl$dadd          fz_ws.l(daddsub_clz.o)
    0x08004ccc   0x00000010   Code   RO         2522    x$fpl$dcheck1       fz_ws.l(dcheck1.o)
    0x08004cdc   0x00000018   Code   RO         2466    x$fpl$dcmpinf       fz_ws.l(dcmpi.o)
    0x08004cf4   0x000002b0   Code   RO         2374    x$fpl$ddiv          fz_ws.l(ddiv.o)
    0x08004fa4   0x0000005e   Code   RO         2379    x$fpl$dfix          fz_ws.l(dfix.o)
    0x08005002   0x00000002   PAD
    0x08005004   0x00000078   Code   RO         2389    x$fpl$dleqf         fz_ws.l(dleqf.o)
    0x0800507c   0x00000154   Code   RO         2391    x$fpl$dmul          fz_ws.l(dmul.o)
    0x080051d0   0x0000009c   Code   RO         2468    x$fpl$dnaninf       fz_ws.l(dnaninf.o)
    0x0800526c   0x0000000c   Code   RO         2470    x$fpl$dretinf       fz_ws.l(dretinf.o)
    0x08005278   0x0000006c   Code   RO         2393    x$fpl$drleqf        fz_ws.l(drleqf.o)
    0x080052e4   0x00000016   Code   RO         2368    x$fpl$drsb          fz_ws.l(daddsub_clz.o)
    0x080052fa   0x00000002   PAD
    0x080052fc   0x000001cc   Code   RO         2472    x$fpl$dsqrt         fz_ws.l(dsqrt_noumaal.o)
    0x080054c8   0x000001d4   Code   RO         2369    x$fpl$dsub          fz_ws.l(daddsub_clz.o)
    0x0800569c   0x00000056   Code   RO         2395    x$fpl$f2d           fz_ws.l(f2d.o)
    0x080056f2   0x00000002   PAD
    0x080056f4   0x000000c4   Code   RO         2397    x$fpl$fadd          fz_ws.l(faddsub_clz.o)
    0x080057b8   0x00000018   Code   RO         2474    x$fpl$fcmpinf       fz_ws.l(fcmpi.o)
    0x080057d0   0x00000184   Code   RO         2404    x$fpl$fdiv          fz_ws.l(fdiv.o)
    0x08005954   0x00000068   Code   RO         2407    x$fpl$feqf          fz_ws.l(feqf.o)
    0x080059bc   0x00000036   Code   RO         2409    x$fpl$ffix          fz_ws.l(ffix.o)
    0x080059f2   0x00000002   PAD
    0x080059f4   0x0000003e   Code   RO         2413    x$fpl$ffixu         fz_ws.l(ffixu.o)
    0x08005a32   0x00000002   PAD
    0x08005a34   0x00000030   Code   RO         2418    x$fpl$fflt          fz_ws.l(fflt_clz.o)
    0x08005a64   0x00000026   Code   RO         2417    x$fpl$ffltu         fz_ws.l(fflt_clz.o)
    0x08005a8a   0x00000002   PAD
    0x08005a8c   0x00000068   Code   RO         2423    x$fpl$fleqf         fz_ws.l(fleqf.o)
    0x08005af4   0x00000102   Code   RO         2425    x$fpl$fmul          fz_ws.l(fmul.o)
    0x08005bf6   0x0000008c   Code   RO         2476    x$fpl$fnaninf       fz_ws.l(fnaninf.o)
    0x08005c82   0x0000000a   Code   RO         2478    x$fpl$fretinf       fz_ws.l(fretinf.o)
    0x08005c8c   0x00000062   Code   RO         2427    x$fpl$frleqf        fz_ws.l(frleqf.o)
    0x08005cee   0x00000014   Code   RO         2398    x$fpl$frsb          fz_ws.l(faddsub_clz.o)
    0x08005d02   0x00000002   PAD
    0x08005d04   0x000000ea   Code   RO         2399    x$fpl$fsub          fz_ws.l(faddsub_clz.o)
    0x08005dee   0x00000064   Code   RO         2537    x$fpl$retnan        fz_ws.l(retnan.o)
    0x08005e52   0x0000005c   Code   RO         2480    x$fpl$scalbn        fz_ws.l(scalbn.o)
    0x08005eae   0x00000030   Code   RO         2586    x$fpl$trapveneer    fz_ws.l(trapv.o)
    0x08005ede   0x00000000   Code   RO         2482    x$fpl$usenofp       fz_ws.l(usenofp.o)
    0x08005ede   0x00000002   PAD
    0x08005ee0   0x00000050   Data   RO         2431    .constdata          m_ws.l(asin.o)
    0x08005f30   0x00000020   Data   RO         2665    Region$$Table       anon$$obj.o


    Execution Region RW_IRAM1 (Base: 0x20000000, Size: 0x00001298, Max: 0x00005000, ABSOLUTE, COMPRESSED[0x00000444])

    Base Addr    Size         Type   Attr      Idx    E Section Name        Object

    0x20000000   0x00000011   Data   RW            4    .data               main.o
    0x20000011   0x00000001   PAD
    0x20000012   0x00000004   Data   RW          119    .data               delay.o
    0x20000016   0x00000002   PAD
    0x20000018   0x00000021   Data   RW          208    .data               usart.o
    0x20000039   0x00000001   PAD
    0x2000003a   0x00000002   Data   RW          295    .data               dma.o
    0x2000003c   0x00000014   Data   RW          502    .data               stm32f10x_rcc.o
    0x20000050   0x0000002c   Data   RW         1812    .data               mpu6050.o
    0x2000007c   0x00000001   Data   RW         1942    .data               i2c_soft.o
    0x2000007d   0x00000003   PAD
    0x20000080   0x00000404   Data   RW         2040    .data               mymath.o
    0x20000484   0x00000058   Data   RW         2142    .data               imu.o
    0x200004dc   0x00000059   Data   RW         2173    .data               filter.o
    0x20000535   0x00000003   PAD
    0x20000538   0x0000003c   Zero   RW            3    .bss                main.o
    0x20000574   0x00000078   Zero   RW          118    .bss                delay.o
    0x200005ec   0x000001ec   Zero   RW          207    .bss                usart.o
    0x200007d8   0x0000002c   Zero   RW          294    .bss                dma.o
    0x20000804   0x000001fc   Zero   RW         1811    .bss                mpu6050.o
    0x20000a00   0x000000a4   Zero   RW         2141    .bss                imu.o
    0x20000aa4   0x00000190   Zero   RW         2172    .bss                filter.o
    0x20000c34   0x00000060   Zero   RW         2525    .bss                c_w.l(libspace.o)
    0x20000c94   0x00000004   PAD
    0x20000c98   0x00000200   Zero   RW         1789    HEAP                startup_stm32f10x_md.o
    0x20000e98   0x00000400   Zero   RW         1788    STACK               startup_stm32f10x_md.o


==============================================================================

Image component sizes


      Code (inc. data)   RO Data    RW Data    ZI Data      Debug   Object Name

         0          0          0          0          0         32   core_cm3.o
       402         32          0          4        120     252984   delay.o
       128         14          0          2         44      11531   dma.o
       916         94          0         89        400       4239   filter.o
       798         42          0          1          0       6543   i2c_soft.o
      3396        202          0         88        164       3542   imu.o
      1340        122          0         17         60     228512   main.o
       132         22          0          0          0       1443   misc.o
      2860        158          0         44        508      22145   mpu6050.o
       568         38          0       1028          0       3191   mymath.o
        64         26        236          0       1536        788   startup_stm32f10x_md.o
       492         26          0          0          0       4887   stm32f10x_dma.o
       286          0          0          0          0       2904   stm32f10x_gpio.o
        26          0          0          0          0       3702   stm32f10x_it.o
       804        116          0         20          0      12141   stm32f10x_rcc.o
       676        106          0          0          0       2410   stm32f10x_tim.o
       426          6          0          0          0       5373   stm32f10x_usart.o
       328         28          0          0          0       2089   system_stm32f10x.o
      3928        112          0         33        492       8775   usart.o

    ----------------------------------------------------------------------
     17592       1144        268       1336       3324     577231   Object Totals
         0          0         32          0          0          0   (incl. Generated)
        22          0          0         10          0          0   (incl. Padding)

    ----------------------------------------------------------------------

      Code (inc. data)   RO Data    RW Data    ZI Data      Debug   Library Member Name

        90          0          0          0          0          0   __dczerorl2.o
         8          0          0          0          0         68   __main.o
         0          0          0          0          0          0   __rtentry.o
        12          0          0          0          0          0   __rtentry2.o
         6          0          0          0          0          0   __rtentry4.o
        52          8          0          0          0          0   __scatter.o
        28          0          0          0          0          0   __scatter_zi.o
        22          0          0          0          0        100   _rserrno.o
        18          0          0          0          0         80   exit.o
         6          0          0          0          0        152   heapauxi.o
         0          0          0          0          0          0   indicate_semi.o
         2          0          0          0          0          0   libinit.o
         2          0          0          0          0          0   libinit2.o
         2          0          0          0          0          0   libshutdown.o
         2          0          0          0          0          0   libshutdown2.o
         8          4          0          0         96         68   libspace.o
         8          4          0          0          0         68   rt_errno_addr_intlibspace.o
        78          0          0          0          0         80   rt_memclr_w.o
         2          0          0          0          0          0   rtexit.o
        10          0          0          0          0          0   rtexit2.o
        12          4          0          0          0         68   sys_exit.o
        74          0          0          0          0         80   sys_stackheap_outer.o
         2          0          0          0          0         68   use_no_semi.o
        98          4          0          0          0         92   d2f.o
       826         16          0          0          0        348   daddsub_clz.o
        16          4          0          0          0         68   dcheck1.o
        24          0          0          0          0         68   dcmpi.o
       688        140          0          0          0        208   ddiv.o
        94          4          0          0          0         92   dfix.o
       120          4          0          0          0         92   dleqf.o
       340         12          0          0          0        104   dmul.o
       156          4          0          0          0         92   dnaninf.o
        12          0          0          0          0         68   dretinf.o
       108          0          0          0          0         80   drleqf.o
       460         56          0          0          0        120   dsqrt_noumaal.o
        86          4          0          0          0         84   f2d.o
       450          8          0          0          0        236   faddsub_clz.o
        24          0          0          0          0         68   fcmpi.o
       388         76          0          0          0         96   fdiv.o
       104          4          0          0          0         84   feqf.o
        54          4          0          0          0         84   ffix.o
        62          4          0          0          0         84   ffixu.o
        86          0          0          0          0        136   fflt_clz.o
       104          4          0          0          0         84   fleqf.o
       258          4          0          0          0         84   fmul.o
       140          4          0          0          0         84   fnaninf.o
        10          0          0          0          0         68   fretinf.o
        98          0          0          0          0         68   frleqf.o
       100          0          0          0          0         68   retnan.o
        92          0          0          0          0         68   scalbn.o
        48          0          0          0          0         68   trapv.o
         0          0          0          0          0          0   usenofp.o
       624         52         80          0          0        168   asin.o
        34          6          0          0          0        204   dunder.o
        40          0          0          0          0         68   fpclassify.o
       170          0          0          0          0         96   poly.o
        76          0          0          0          0         84   sqrt.o

    ----------------------------------------------------------------------
      6460        434         80          0        100       4348   Library Totals
        26          0          0          0          4          0   (incl. Padding)

    ----------------------------------------------------------------------

      Code (inc. data)   RO Data    RW Data    ZI Data      Debug   Library Name

       444         20          0          0         96        832   c_w.l
      5046        356          0          0          0       2896   fz_ws.l
       944         58         80          0          0        620   m_ws.l

    ----------------------------------------------------------------------
      6460        434         80          0        100       4348   Library Totals

    ----------------------------------------------------------------------

==============================================================================


      Code (inc. data)   RO Data    RW Data    ZI Data      Debug   

     24052       1578        348       1336       3424     574087   Grand Totals
     24052       1578        348       1092       3424     574087   ELF Image Totals (compressed)
     24052       1578        348       1092          0          0   ROM Totals

==============================================================================

    Total RO  Size (Code + RO Data)                24400 (  23.83kB)
    Total RW  Size (RW Data + ZI Data)              4760 (   4.65kB)
    Total ROM Size (Code + RO Data + RW Data)      25492 (  24.89kB)

==============================================================================

