<html>
<body>
<pre>
<h1>礦ision Build Log</h1>
<h2>Project:</h2>
C:\Documents and Settings\tgfg\桌面\EU-STM32F103C8开发板资料\STM32F103C8开发板资料\例程\5 串口UART#\Project\STM32_DEMO.uvproj
Project File Date:  06/30/2014

<h2>Output:</h2>
Rebuild target 'Target 1'
compiling stm32f10x_it.c...
compiling main.c...
compiling core_cm3.c...
compiling system_stm32f10x.c...
compiling stm32f10x_gpio.c...
compiling stm32f10x_rcc.c...
compiling misc.c...
compiling stm32f10x_usart.c...
assembling startup_stm32f10x_md.s...
linking...
Program Size: Code=4284 RO-data=268 RW-data=44 ZI-data=1636  
FromELF: creating hex file...
"STM32_DEMO.axf" - 0 Error(s), 0 Warning(s).
Load "C:\\Documents and Settings\\tgfg\\桌面\\EU-STM32F103C8开发板资料\\STM32F103C8开发板资料\\例程\\5 串口UART#\\Project\\STM32_DEMO.AXF" 
Erase Done.
Programming Done.
Verify OK.
Application running ...
Rebuild target 'Target 1'
compiling stm32f10x_it.c...
compiling main.c...
compiling core_cm3.c...
compiling system_stm32f10x.c...
compiling stm32f10x_gpio.c...
compiling stm32f10x_rcc.c...
compiling misc.c...
compiling stm32f10x_usart.c...
assembling startup_stm32f10x_md.s...
linking...
Program Size: Code=4284 RO-data=268 RW-data=44 ZI-data=1636  
FromELF: creating hex file...
"STM32_DEMO.axf" - 0 Error(s), 0 Warning(s).
Load "C:\\Documents and Settings\\tgfg\\桌面\\EU-STM32F103C8开发板资料\\STM32F103C8开发板资料\\例程\\5 串口UART#\\Project\\STM32_DEMO.AXF" 
Erase Done.
Programming Done.
Verify OK.
Application running ...
