Component: ARM Compiler 5.06 update 2 (build 183) Tool: armlink [4d35b7]

==============================================================================

Section Cross References

    main.o(.text) refers to stm32f10x_gpio.o(.text) for GPIO_Init
    main.o(.text) refers to stm32f10x_rcc.o(.text) for RCC_DeInit
    main.o(.text) refers to misc.o(.text) for NVIC_PriorityGroupConfig
    main.o(.text) refers to delay.o(.text) for delay_init
    main.o(.text) refers to usart.o(.text) for UART_PI_CONFIG
    main.o(.text) refers to dma.o(.text) for MYDMA_Config
    main.o(.text) refers to stm32f10x_usart.o(.text) for USART_DMACmd
    main.o(.text) refers to sonar.o(.text) for Ultrasonic_Init
    main.o(.text) refers to fflt_clz.o(x$fpl$ffltu) for __aeabi_ui2f
    main.o(.text) refers to f2d.o(x$fpl$f2d) for __aeabi_f2d
    main.o(.text) refers to ddiv.o(x$fpl$ddiv) for __aeabi_ddiv
    main.o(.text) refers to d2f.o(x$fpl$d2f) for __aeabi_d2f
    main.o(.text) refers to frleqf.o(x$fpl$frleqf) for __aeabi_cfrcmple
    main.o(.text) refers to fmul.o(x$fpl$fmul) for __aeabi_fmul
    main.o(.text) refers to dmul.o(x$fpl$dmul) for __aeabi_dmul
    main.o(.text) refers to cos.o(i.cos) for cos
    main.o(.text) refers to sin.o(i.sin) for sin
    main.o(.text) refers to daddsub_clz.o(x$fpl$dadd) for __aeabi_dadd
    main.o(.text) refers to daddsub_clz.o(x$fpl$dsub) for __aeabi_dsub
    main.o(.text) refers to ukf_task.o(.text) for ukf_pos_task_qr
    main.o(.text) refers to stm32f10x_dma.o(.text) for DMA_GetFlagStatus
    main.o(.text) refers to main.o(.data) for StartFlag
    main.o(.text) refers to usart.o(.bss) for SendBuff
    main.o(.text) refers to main.o(.bss) for cnt
    main.o(.text) refers to usart.o(.data) for Yaw_fc
    main.o(.text) refers to imu.o(.data) for Yaw
    main.o(.text) refers to sonar.o(.data) for ultra_distance
    main.o(.text) refers to ukf_task.o(.bss) for X_ukf_baro
    main.o(.text) refers to dfix.o(x$fpl$dfix) for __aeabi_d2iz
    main.o(.text) refers to ffix.o(x$fpl$ffix) for __aeabi_f2iz
    main.o(.text) refers to iic_vl53.o(.text) for READ_VL53
    main.o(.text) refers to iic_vl53.o(.data) for ls53
    delay.o(.text) refers to fflt_clz.o(x$fpl$ffltu) for __aeabi_ui2f
    delay.o(.text) refers to frleqf.o(x$fpl$frleqf) for __aeabi_cfrcmple
    delay.o(.text) refers to faddsub_clz.o(x$fpl$fsub) for __aeabi_fsub
    delay.o(.text) refers to faddsub_clz.o(x$fpl$fadd) for __aeabi_fadd
    delay.o(.text) refers to ffixu.o(x$fpl$ffixu) for __aeabi_f2uiz
    delay.o(.text) refers to stm32f10x_rcc.o(.text) for RCC_APB1PeriphClockCmd
    delay.o(.text) refers to stm32f10x_tim.o(.text) for TIM_DeInit
    delay.o(.text) refers to delay.o(.data) for fac_us
    delay.o(.text) refers to delay.o(.bss) for Cycle_T
    usart.o(.text) refers to stm32f10x_rcc.o(.text) for RCC_APB2PeriphClockCmd
    usart.o(.text) refers to stm32f10x_gpio.o(.text) for GPIO_Init
    usart.o(.text) refers to misc.o(.text) for NVIC_Init
    usart.o(.text) refers to stm32f10x_usart.o(.text) for USART_Init
    usart.o(.text) refers to main.o(.text) for SetPB9
    usart.o(.text) refers to fflt_clz.o(x$fpl$fflt) for __aeabi_i2f
    usart.o(.text) refers to faddsub_clz.o(x$fpl$fsub) for __aeabi_fsub
    usart.o(.text) refers to mymath.o(.text) for To_180_degrees
    usart.o(.text) refers to fflt_clz.o(x$fpl$ffltu) for __aeabi_ui2f
    usart.o(.text) refers to usart.o(.data) for led
    usart.o(.text) refers to usart.o(.bss) for circle
    usart.o(.text) refers to f2d.o(x$fpl$f2d) for __aeabi_f2d
    usart.o(.text) refers to ddiv.o(x$fpl$ddiv) for __aeabi_ddiv
    usart.o(.text) refers to d2f.o(x$fpl$d2f) for __aeabi_d2f
    usart.o(.text) refers to ffix.o(x$fpl$ffix) for __aeabi_f2iz
    usart.o(.text) refers to imu.o(.data) for Pitch
    usart.o(.text) refers to main.o(.data) for Yaw_r
    usart.o(.text) refers to mpu6050.o(.bss) for mpu6050_fc
    usart.o(.text) refers to dmul.o(x$fpl$dmul) for __aeabi_dmul
    usart.o(.text) refers to dfix.o(x$fpl$dfix) for __aeabi_d2iz
    usart.o(.text) refers to fmul.o(x$fpl$fmul) for __aeabi_fmul
    usart.o(.text) refers to ukf_task.o(.bss) for X_ukf
    usart.o(.text) refers to ukf_task.o(.data) for ALT_POS_SONAR
    usart.o(.text) refers to sonar.o(.data) for ultra_distance
    usart.o(.text) refers to rt_memclr_w.o(.text) for __aeabi_memclr4
    dma.o(.text) refers to stm32f10x_rcc.o(.text) for RCC_AHBPeriphClockCmd
    dma.o(.text) refers to stm32f10x_dma.o(.text) for DMA_DeInit
    dma.o(.text) refers to dma.o(.data) for DMA1_MEM_LEN
    dma.o(.text) refers to dma.o(.bss) for DMA_InitStructure
    stmflash.o(.text) refers to stm32f10x_flash.o(.text) for FLASH_ErasePage
    stmflash.o(.text) refers to rt_memcpy_v6.o(.text) for __aeabi_memcpy
    stmflash.o(.text) refers to flash.o(.text) for W25QXX_Read
    stmflash.o(.text) refers to fflt_clz.o(x$fpl$fflt) for __aeabi_i2f
    stmflash.o(.text) refers to ffix.o(x$fpl$ffix) for __aeabi_f2iz
[...]

    BuildAttributes$$THM_ISAv4$P$D$K$B$S$PE$A:L22UL41UL21$X:L11$S22US41US21$IEEE1$IW$USESV6$~STKCKD$USESV7$~SHL$OTIME$ROPI$IEEEX$EBA8$UX$STANDARDLIB$REQ8$PRES8$EABIv2 0x00000000   Number         0  anon$$obj.o ABSOLUTE
    __ARM_use_no_argv                        0x00000000   Number         0  main.o ABSOLUTE
    __ARM_exceptions_init                     - Undefined Weak Reference
    __alloca_initialize                       - Undefined Weak Reference
    __arm_preinit_                            - Undefined Weak Reference
    __cpp_initialize__aeabi_                  - Undefined Weak Reference
    __cxa_finalize                            - Undefined Weak Reference
    __rt_locale                               - Undefined Weak Reference
    __sigvec_lookup                           - Undefined Weak Reference
    _atexit_init                              - Undefined Weak Reference
    _call_atexit_fns                          - Undefined Weak Reference
    _clock_init                               - Undefined Weak Reference
    _fp_trap_init                             - Undefined Weak Reference
    _fp_trap_shutdown                         - Undefined Weak Reference
    _get_lc_collate                           - Undefined Weak Reference
    _get_lc_ctype                             - Undefined Weak Reference
    _get_lc_monetary                          - Undefined Weak Reference
    _get_lc_numeric                           - Undefined Weak Reference
    _get_lc_time                              - Undefined Weak Reference
    _getenv_init                              - Undefined Weak Reference
    _handle_redirection                       - Undefined Weak Reference
    _init_alloc                               - Undefined Weak Reference
    _init_user_alloc                          - Undefined Weak Reference
    _initio                                   - Undefined Weak Reference
    _rand_init                                - Undefined Weak Reference
    _signal_finish                            - Undefined Weak Reference
    _signal_init                              - Undefined Weak Reference
    _terminate_alloc                          - Undefined Weak Reference
    _terminate_user_alloc                     - Undefined Weak Reference
    _terminateio                              - Undefined Weak Reference
    __Vectors_Size                           0x000000ec   Number         0  startup_stm32f10x_md.o ABSOLUTE
    __Vectors                                0x08000000   Data           4  startup_stm32f10x_md.o(RESET)
    __Vectors_End                            0x080000ec   Data           0  startup_stm32f10x_md.o(RESET)
    __main                                   0x080000ed   Thumb Code     8  __main.o(!!!main)
    __scatterload                            0x080000f5   Thumb Code     0  __scatter.o(!!!scatter)
    __scatterload_rt2                        0x080000f5   Thumb Code    44  __scatter.o(!!!scatter)
    __scatterload_rt2_thumb_only             0x080000f5   Thumb Code     0  __scatter.o(!!!scatter)
    __scatterload_null                       0x08000103   Thumb Code     0  __scatter.o(!!!scatter)
    __decompress                             0x08000129   Thumb Code    90  __dczerorl2.o(!!dczerorl2)
    __decompress1                            0x08000129   Thumb Code     0  __dczerorl2.o(!!dczerorl2)
    __scatterload_zeroinit                   0x08000185   Thumb Code    28  __scatter_zi.o(!!handler_zi)
    __rt_lib_init                            0x080001a1   Thumb Code     0  libinit.o(.ARM.Collect$$libinit$$00000000)
    __rt_lib_init_alloca_1                   0x080001a3   Thumb Code     0  libinit2.o(.ARM.Collect$$libinit$$0000002E)
    __rt_lib_init_argv_1                     0x080001a3   Thumb Code     0  libinit2.o(.ARM.Collect$$libinit$$0000002C)
    __rt_lib_init_atexit_1                   0x080001a3   Thumb Code     0  libinit2.o(.ARM.Collect$$libinit$$0000001B)
    __rt_lib_init_clock_1                    0x080001a3   Thumb Code     0  libinit2.o(.ARM.Collect$$libinit$$00000021)
    __rt_lib_init_cpp_1                      0x080001a3   Thumb Code     0  libinit2.o(.ARM.Collect$$libinit$$00000032)
    __rt_lib_init_exceptions_1               0x080001a3   Thumb Code     0  libinit2.o(.ARM.Collect$$libinit$$00000030)
    __rt_lib_init_fp_1                       0x080001a3   Thumb Code     0  libinit2.o(.ARM.Collect$$libinit$$00000002)
    __rt_lib_init_fp_trap_1                  0x080001a3   Thumb Code     0  libinit2.o(.ARM.Collect$$libinit$$0000001F)
    __rt_lib_init_getenv_1                   0x080001a3   Thumb Code     0  libinit2.o(.ARM.Collect$$libinit$$00000023)
    __rt_lib_init_heap_1                     0x080001a3   Thumb Code     0  libinit2.o(.ARM.Collect$$libinit$$0000000A)
    __rt_lib_init_lc_collate_1               0x080001a3   Thumb Code     0  libinit2.o(.ARM.Collect$$libinit$$00000011)
    __rt_lib_init_lc_ctype_1                 0x080001a3   Thumb Code     0  libinit2.o(.ARM.Collect$$libinit$$00000013)
    __rt_lib_init_lc_monetary_1              0x080001a3   Thumb Code     0  libinit2.o(.ARM.Collect$$libinit$$00000015)
    __rt_lib_init_lc_numeric_1               0x080001a3   Thumb Code     0  libinit2.o(.ARM.Collect$$libinit$$00000017)
    __rt_lib_init_lc_time_1                  0x080001a3   Thumb Code     0  libinit2.o(.ARM.Collect$$libinit$$00000019)
    __rt_lib_init_preinit_1                  0x080001a3   Thumb Code     0  libinit2.o(.ARM.Collect$$libinit$$00000004)
    __rt_lib_init_rand_1                     0x080001a3   Thumb Code     0  libinit2.o(.ARM.Collect$$libinit$$0000000E)
    __rt_lib_init_return                     0x080001a3   Thumb Code     0  libinit2.o(.ARM.Collect$$libinit$$00000033)
    __rt_lib_init_signal_1                   0x080001a3   Thumb Code     0  libinit2.o(.ARM.Collect$$libinit$$0000001D)
    __rt_lib_init_stdio_1                    0x080001a3   Thumb Code     0  libinit2.o(.ARM.Collect$$libinit$$00000025)
    __rt_lib_init_user_alloc_1               0x080001a3   Thumb Code     0  libinit2.o(.ARM.Collect$$libinit$$0000000C)
    __rt_lib_shutdown                        0x080001a5   Thumb Code     0  libshutdown.o(.ARM.Collect$$libshutdown$$00000000)
    __rt_lib_shutdown_cpp_1                  0x080001a7   Thumb Code     0  libshutdown2.o(.ARM.Collect$$libshutdown$$00000002)
    __rt_lib_shutdown_fp_trap_1              0x080001a7   Thumb Code     0  libshutdown2.o(.ARM.Collect$$libshutdown$$00000007)
    __rt_lib_shutdown_heap_1                 0x080001a7   Thumb Code     0  libshutdown2.o(.ARM.Collect$$libshutdown$$0000000F)
    __rt_lib_shutdown_return                 0x080001a7   Thumb Code     0  libshutdown2.o(.ARM.Collect$$libshutdown$$00000010)
    __rt_lib_shutdown_signal_1               0x080001a7   Thumb Code     0  libshutdown2.o(.ARM.Collect$$libshutdown$$0000000A)
    __rt_lib_shutdown_stdio_1                0x080001a7   Thumb Code     0  libshutdown2.o(.ARM.Collect$$libshutdown$$00000004)
    __rt_lib_shutdown_user_alloc_1           0x080001a7   Thumb Code     0  libshutdown2.o(.ARM.Collect$$libshutdown$$0000000C)
    __rt_entry                               0x080001a9   Thumb Code     0  __rtentry.o(.ARM.Collect$$rtentry$$00000000)
    __rt_entry_presh_1                       0x080001a9   Thumb Code     0  __rtentry2.o(.ARM.Collect$$rtentry$$00000002)
    __rt_entry_sh                            0x080001a9   Thumb Code     0  __rtentry4.o(.ARM.Collect$$rtentry$$00000004)
    __rt_entry_li                            0x080001af   Thumb Code     0  __rtentry2.o(.ARM.Collect$$rtentry$$0000000A)
    __rt_entry_postsh_1                      0x080001af   Thumb Code     0  __rtentry2.o(.ARM.Collect$$rtentry$$00000009)
    __rt_entry_main                          0x080001b3   Thumb Code     0  __rtentry2.o(.ARM.Collect$$rtentry$$0000000D)
    __rt_entry_postli_1                      0x080001b3   Thumb Code     0  __rtentry2.o(.ARM.Collect$$rtentry$$0000000C)
    __rt_exit                                0x080001bb   Thumb Code     0  rtexit.o(.ARM.Collect$$rtexit$$00000000)
    __rt_exit_ls                             0x080001bd   Thumb Code     0  rtexit2.o(.ARM.Collect$$rtexit$$00000003)
    __rt_exit_prels_1                        0x080001bd   Thumb Code     0  rtexit2.o(.ARM.Collect$$rtexit$$00000002)
    __rt_exit_exit                           0x080001c1   Thumb Code     0  rtexit2.o(.ARM.Collect$$rtexit$$00000004)
    SetPB9                                   0x080001c9   Thumb Code    66  main.o(.text)
    main                                     0x0800020b   Thumb Code  1650  main.o(.text)
    delay_init                               0x080008e5   Thumb Code    56  delay.o(.text)
    Delay_ms                                 0x0800091d   Thumb Code    56  delay.o(.text)
    Delay_us                                 0x08000955   Thumb Code    56  delay.o(.text)
    Delay                                    0x0800098d   Thumb Code    24  delay.o(.text)
    Get_Cycle_T                              0x080009a5   Thumb Code   174  delay.o(.text)
    Cycle_Time_Init                          0x08000a53   Thumb Code    22  delay.o(.text)
    TIM5_Config                              0x08000a69   Thumb Code    68  delay.o(.text)
    UART_PI_CONFIG                           0x08000ac1   Thumb Code   154  usart.o(.text)
    UART_FLOW_CONFIG                         0x08000b5b   Thumb Code   146  usart.o(.text)
    UART_UP_CONFIG                           0x08000bed   Thumb Code   158  usart.o(.text)
    Data_Receive_Anl1                        0x08000c8b   Thumb Code   874  usart.o(.text)
    USART1_IRQHandler                        0x08000ff5   Thumb Code   258  usart.o(.text)
    Data_Receive_Anl2                        0x080010f7   Thumb Code   282  usart.o(.text)
    USART2_IRQHandler                        0x08001211   Thumb Code   324  usart.o(.text)
    Data_Receive_Anl3                        0x08001355   Thumb Code   716  usart.o(.text)
    USART3_IRQHandler                        0x08001621   Thumb Code   258  usart.o(.text)
    UsartSend1                               0x08001723   Thumb Code   110  usart.o(.text)
    UsartSend2                               0x080017ab   Thumb Code    28  usart.o(.text)
    UsartSend3                               0x080017e1   Thumb Code    28  usart.o(.text)
    data_per_uart                            0x08001817   Thumb Code  2006  usart.o(.text)
    Send_TO_FC                               0x08001fed   Thumb Code   870  usart.o(.text)
    Send_TO_FC_DEBUG                         0x08002353   Thumb Code   248  usart.o(.text)
    Send_TO_FC_OSENSOR                       0x0800244b   Thumb Code   614  usart.o(.text)
    Send_TO_FC_OVISON                        0x080026b1   Thumb Code   502  usart.o(.text)
    Send_TO_FC_OMARK                         0x080028a7   Thumb Code   398  usart.o(.text)
    Send_TO_FLOW                             0x08002a35   Thumb Code   310  usart.o(.text)
    MYDMA_Config                             0x08002b89   Thumb Code    82  dma.o(.text)
    MYDMA_Enable                             0x08002bdb   Thumb Code    32  dma.o(.text)
    GPIO_DeInit                              0x08002c09   Thumb Code   172  stm32f10x_gpio.o(.text)
    GPIO_AFIODeInit                          0x08002cb5   Thumb Code    20  stm32f10x_gpio.o(.text)
    GPIO_Init                                0x08002cc9   Thumb Code   278  stm32f10x_gpio.o(.text)
    GPIO_StructInit                          0x08002ddf   Thumb Code    16  stm32f10x_gpio.o(.text)
    GPIO_ReadInputDataBit                    0x08002def   Thumb Code    18  stm32f10x_gpio.o(.text)
    GPIO_ReadInputData                       0x08002e01   Thumb Code     8  stm32f10x_gpio.o(.text)
    GPIO_ReadOutputDataBit                   0x08002e09   Thumb Code    18  stm32f10x_gpio.o(.text)
    GPIO_ReadOutputData                      0x08002e1b   Thumb Code     8  stm32f10x_gpio.o(.text)
    GPIO_SetBits                             0x08002e23   Thumb Code     4  stm32f10x_gpio.o(.text)
    GPIO_ResetBits                           0x08002e27   Thumb Code     4  stm32f10x_gpio.o(.text)
    GPIO_WriteBit                            0x08002e2b   Thumb Code    10  stm32f10x_gpio.o(.text)
    GPIO_Write                               0x08002e35   Thumb Code     4  stm32f10x_gpio.o(.text)
    GPIO_PinLockConfig                       0x08002e39   Thumb Code    18  stm32f10x_gpio.o(.text)
    GPIO_EventOutputConfig                   0x08002e4b   Thumb Code    26  stm32f10x_gpio.o(.text)
    GPIO_EventOutputCmd                      0x08002e65   Thumb Code     6  stm32f10x_gpio.o(.text)
    GPIO_PinRemapConfig                      0x08002e6b   Thumb Code   138  stm32f10x_gpio.o(.text)
    GPIO_EXTILineConfig                      0x08002ef5   Thumb Code    66  stm32f10x_gpio.o(.text)
    GPIO_ETH_MediaInterfaceConfig            0x08002f37   Thumb Code     8  stm32f10x_gpio.o(.text)
    RCC_DeInit                               0x08002f65   Thumb Code    64  stm32f10x_rcc.o(.text)
    RCC_HSEConfig                            0x08002fa5   Thumb Code    70  stm32f10x_rcc.o(.text)
    RCC_GetFlagStatus                        0x08002feb   Thumb Code    56  stm32f10x_rcc.o(.text)
    RCC_WaitForHSEStartUp                    0x08003023   Thumb Code    56  stm32f10x_rcc.o(.text)
    RCC_AdjustHSICalibrationValue            0x0800305b   Thumb Code    20  stm32f10x_rcc.o(.text)
    RCC_HSICmd                               0x0800306f   Thumb Code     6  stm32f10x_rcc.o(.text)
    RCC_PLLConfig                            0x08003075   Thumb Code    24  stm32f10x_rcc.o(.text)
    RCC_PLLCmd                               0x0800308d   Thumb Code     6  stm32f10x_rcc.o(.text)
    RCC_SYSCLKConfig                         0x08003093   Thumb Code    18  stm32f10x_rcc.o(.text)
    RCC_GetSYSCLKSource                      0x080030a5   Thumb Code    10  stm32f10x_rcc.o(.text)
    RCC_HCLKConfig                           0x080030af   Thumb Code    18  stm32f10x_rcc.o(.text)
    RCC_PCLK1Config                          0x080030c1   Thumb Code    18  stm32f10x_rcc.o(.text)
    RCC_PCLK2Config                          0x080030d3   Thumb Code    20  stm32f10x_rcc.o(.text)
    RCC_ITConfig                             0x080030e7   Thumb Code    26  stm32f10x_rcc.o(.text)
    RCC_USBCLKConfig                         0x08003101   Thumb Code     8  stm32f10x_rcc.o(.text)
    RCC_ADCCLKConfig                         0x08003109   Thumb Code    18  stm32f10x_rcc.o(.text)
    RCC_LSEConfig                            0x0800311b   Thumb Code    50  stm32f10x_rcc.o(.text)
    RCC_LSICmd                               0x0800314d   Thumb Code     6  stm32f10x_rcc.o(.text)
    RCC_RTCCLKConfig                         0x08003153   Thumb Code    12  stm32f10x_rcc.o(.text)
    RCC_RTCCLKCmd                            0x0800315f   Thumb Code     8  stm32f10x_rcc.o(.text)
    RCC_GetClocksFreq                        0x08003167   Thumb Code   192  stm32f10x_rcc.o(.text)
    RCC_AHBPeriphClockCmd                    0x08003227   Thumb Code    26  stm32f10x_rcc.o(.text)
    RCC_APB2PeriphClockCmd                   0x08003241   Thumb Code    26  stm32f10x_rcc.o(.text)
    RCC_APB1PeriphClockCmd                   0x0800325b   Thumb Code    26  stm32f10x_rcc.o(.text)
    RCC_APB2PeriphResetCmd                   0x08003275   Thumb Code    26  stm32f10x_rcc.o(.text)
    RCC_APB1PeriphResetCmd                   0x0800328f   Thumb Code    26  stm32f10x_rcc.o(.text)
    RCC_BackupResetCmd                       0x080032a9   Thumb Code     8  stm32f10x_rcc.o(.text)
    RCC_ClockSecuritySystemCmd               0x080032b1   Thumb Code     6  stm32f10x_rcc.o(.text)
    RCC_MCOConfig                            0x080032b7   Thumb Code     6  stm32f10x_rcc.o(.text)
    RCC_ClearFlag                            0x080032bd   Thumb Code    14  stm32f10x_rcc.o(.text)
    RCC_GetITStatus                          0x080032cb   Thumb Code    20  stm32f10x_rcc.o(.text)
    RCC_ClearITPendingBit                    0x080032df   Thumb Code     6  stm32f10x_rcc.o(.text)
    NVIC_PriorityGroupConfig                 0x08003309   Thumb Code    10  misc.o(.text)
    NVIC_Init                                0x08003313   Thumb Code   100  misc.o(.text)
    NVIC_SetVectorTable                      0x08003377   Thumb Code    14  misc.o(.text)
    NVIC_SystemLPConfig                      0x08003385   Thumb Code    34  misc.o(.text)
    SysTick_CLKSourceConfig                  0x080033a7   Thumb Code    40  misc.o(.text)
    USART_DeInit                             0x080033e5   Thumb Code   134  stm32f10x_usart.o(.text)
    USART_Init                               0x0800346b   Thumb Code   210  stm32f10x_usart.o(.text)
    USART_StructInit                         0x0800353d   Thumb Code    24  stm32f10x_usart.o(.text)
    USART_ClockInit                          0x08003555   Thumb Code    34  stm32f10x_usart.o(.text)
    USART_ClockStructInit                    0x08003577   Thumb Code    12  stm32f10x_usart.o(.text)
    USART_Cmd                                0x08003583   Thumb Code    24  stm32f10x_usart.o(.text)
    USART_ITConfig                           0x0800359b   Thumb Code    74  stm32f10x_usart.o(.text)
    USART_DMACmd                             0x080035e5   Thumb Code    18  stm32f10x_usart.o(.text)
    USART_SetAddress                         0x080035f7   Thumb Code    18  stm32f10x_usart.o(.text)
    USART_WakeUpConfig                       0x08003609   Thumb Code    18  stm32f10x_usart.o(.text)
    USART_ReceiverWakeUpCmd                  0x0800361b   Thumb Code    24  stm32f10x_usart.o(.text)
    USART_LINBreakDetectLengthConfig         0x08003633   Thumb Code    18  stm32f10x_usart.o(.text)
    USART_LINCmd                             0x08003645   Thumb Code    24  stm32f10x_usart.o(.text)
    USART_SendData                           0x0800365d   Thumb Code     8  stm32f10x_usart.o(.text)
    USART_ReceiveData                        0x08003665   Thumb Code    10  stm32f10x_usart.o(.text)
    USART_SendBreak                          0x0800366f   Thumb Code    10  stm32f10x_usart.o(.text)
    USART_SetGuardTime                       0x08003679   Thumb Code    16  stm32f10x_usart.o(.text)
    USART_SetPrescaler                       0x08003689   Thumb Code    16  stm32f10x_usart.o(.text)
    USART_SmartCardCmd                       0x08003699   Thumb Code    24  stm32f10x_usart.o(.text)
    USART_SmartCardNACKCmd                   0x080036b1   Thumb Code    24  stm32f10x_usart.o(.text)
    USART_HalfDuplexCmd                      0x080036c9   Thumb Code    24  stm32f10x_usart.o(.text)
    USART_OverSampling8Cmd                   0x080036e1   Thumb Code    22  stm32f10x_usart.o(.text)
    USART_OneBitMethodCmd                    0x080036f7   Thumb Code    24  stm32f10x_usart.o(.text)
    USART_IrDAConfig                         0x0800370f   Thumb Code    18  stm32f10x_usart.o(.text)
    USART_IrDACmd                            0x08003721   Thumb Code    24  stm32f10x_usart.o(.text)
    USART_GetFlagStatus                      0x08003739   Thumb Code    26  stm32f10x_usart.o(.text)
    USART_ClearFlag                          0x08003753   Thumb Code    18  stm32f10x_usart.o(.text)
    USART_GetITStatus                        0x08003765   Thumb Code    84  stm32f10x_usart.o(.text)
    USART_ClearITPendingBit                  0x080037b9   Thumb Code    52  stm32f10x_usart.o(.text)
    TIM_DeInit                               0x080037ed   Thumb Code   424  stm32f10x_tim.o(.text)
    TIM_TimeBaseInit                         0x08003995   Thumb Code   122  stm32f10x_tim.o(.text)
    TIM_OC1Init                              0x08003a0f   Thumb Code   132  stm32f10x_tim.o(.text)
    TIM_OC2Init                              0x08003a93   Thumb Code   154  stm32f10x_tim.o(.text)
    TIM_OC3Init                              0x08003b2d   Thumb Code   150  stm32f10x_tim.o(.text)
    TIM_OC4Init                              0x08003bc3   Thumb Code   182  stm32f10x_tim.o(.text)
    TIM_SetIC4Prescaler                      0x08003c79   Thumb Code    26  stm32f10x_tim.o(.text)
    TIM_SetIC3Prescaler                      0x08003d15   Thumb Code    18  stm32f10x_tim.o(.text)
    TIM_SetIC2Prescaler                      0x08003da1   Thumb Code    26  stm32f10x_tim.o(.text)
    TIM_SetIC1Prescaler                      0x08003e3d   Thumb Code    18  stm32f10x_tim.o(.text)
    TIM_ICInit                               0x08003ebb   Thumb Code   150  stm32f10x_tim.o(.text)
    TIM_PWMIConfig                           0x08003f51   Thumb Code   124  stm32f10x_tim.o(.text)
    TIM_BDTRConfig                           0x08003fcd   Thumb Code    32  stm32f10x_tim.o(.text)
    TIM_TimeBaseStructInit                   0x08003fed   Thumb Code    18  stm32f10x_tim.o(.text)
    TIM_OCStructInit                         0x08003fff   Thumb Code    20  stm32f10x_tim.o(.text)
    TIM_ICStructInit                         0x08004013   Thumb Code    18  stm32f10x_tim.o(.text)
    TIM_BDTRStructInit                       0x08004025   Thumb Code    40  stm32f10x_tim.o(.text)
    TIM_Cmd                                  0x0800404d   Thumb Code    24  stm32f10x_tim.o(.text)
    TIM_CtrlPWMOutputs                       0x08004065   Thumb Code    30  stm32f10x_tim.o(.text)
    TIM_ITConfig                             0x08004083   Thumb Code    18  stm32f10x_tim.o(.text)
    TIM_GenerateEvent                        0x08004095   Thumb Code     4  stm32f10x_tim.o(.text)
    TIM_DMAConfig                            0x08004099   Thumb Code    10  stm32f10x_tim.o(.text)
    TIM_DMACmd                               0x080040a3   Thumb Code    18  stm32f10x_tim.o(.text)
    TIM_InternalClockConfig                  0x080040b5   Thumb Code    12  stm32f10x_tim.o(.text)
    TIM_SelectInputTrigger                   0x080040c1   Thumb Code    18  stm32f10x_tim.o(.text)
    TIM_ITRxExternalClockConfig              0x080040d3   Thumb Code    24  stm32f10x_tim.o(.text)
    TIM_TIxExternalClockConfig               0x080040eb   Thumb Code    62  stm32f10x_tim.o(.text)
    TIM_ETRConfig                            0x08004129   Thumb Code    28  stm32f10x_tim.o(.text)
    TIM_ETRClockMode1Config                  0x08004145   Thumb Code    54  stm32f10x_tim.o(.text)
    TIM_ETRClockMode2Config                  0x0800417b   Thumb Code    32  stm32f10x_tim.o(.text)
    TIM_PrescalerConfig                      0x0800419b   Thumb Code     6  stm32f10x_tim.o(.text)
    TIM_CounterModeConfig                    0x080041a1   Thumb Code    18  stm32f10x_tim.o(.text)
    TIM_EncoderInterfaceConfig               0x080041b3   Thumb Code    66  stm32f10x_tim.o(.text)
    TIM_ForcedOC1Config                      0x080041f5   Thumb Code    18  stm32f10x_tim.o(.text)
    TIM_ForcedOC2Config                      0x08004207   Thumb Code    26  stm32f10x_tim.o(.text)
    TIM_ForcedOC3Config                      0x08004221   Thumb Code    18  stm32f10x_tim.o(.text)
    TIM_ForcedOC4Config                      0x08004233   Thumb Code    26  stm32f10x_tim.o(.text)
    TIM_ARRPreloadConfig                     0x0800424d   Thumb Code    24  stm32f10x_tim.o(.text)
    TIM_SelectCOM                            0x08004265   Thumb Code    24  stm32f10x_tim.o(.text)
    TIM_SelectCCDMA                          0x0800427d   Thumb Code    24  stm32f10x_tim.o(.text)
    TIM_CCPreloadControl                     0x08004295   Thumb Code    24  stm32f10x_tim.o(.text)
    TIM_OC1PreloadConfig                     0x080042ad   Thumb Code    18  stm32f10x_tim.o(.text)
    TIM_OC2PreloadConfig                     0x080042bf   Thumb Code    26  stm32f10x_tim.o(.text)
    TIM_OC3PreloadConfig                     0x080042d9   Thumb Code    18  stm32f10x_tim.o(.text)
    TIM_OC4PreloadConfig                     0x080042eb   Thumb Code    26  stm32f10x_tim.o(.text)
    TIM_OC1FastConfig                        0x08004305   Thumb Code    18  stm32f10x_tim.o(.text)
    TIM_OC2FastConfig                        0x08004317   Thumb Code    26  stm32f10x_tim.o(.text)
    TIM_OC3FastConfig                        0x08004331   Thumb Code    18  stm32f10x_tim.o(.text)
    TIM_OC4FastConfig                        0x08004343   Thumb Code    26  stm32f10x_tim.o(.text)
    TIM_ClearOC1Ref                          0x0800435d   Thumb Code    18  stm32f10x_tim.o(.text)
    TIM_ClearOC2Ref                          0x0800436f   Thumb Code    24  stm32f10x_tim.o(.text)
    TIM_ClearOC3Ref                          0x08004387   Thumb Code    18  stm32f10x_tim.o(.text)
    TIM_ClearOC4Ref                          0x08004399   Thumb Code    24  stm32f10x_tim.o(.text)
    TIM_OC1PolarityConfig                    0x080043b1   Thumb Code    18  stm32f10x_tim.o(.text)
    TIM_OC1NPolarityConfig                   0x080043c3   Thumb Code    18  stm32f10x_tim.o(.text)
    TIM_OC2PolarityConfig                    0x080043d5   Thumb Code    26  stm32f10x_tim.o(.text)
    TIM_OC2NPolarityConfig                   0x080043ef   Thumb Code    26  stm32f10x_tim.o(.text)
    TIM_OC3PolarityConfig                    0x08004409   Thumb Code    26  stm32f10x_tim.o(.text)
    TIM_OC3NPolarityConfig                   0x08004423   Thumb Code    26  stm32f10x_tim.o(.text)
    TIM_OC4PolarityConfig                    0x0800443d   Thumb Code    26  stm32f10x_tim.o(.text)
    TIM_CCxCmd                               0x08004457   Thumb Code    30  stm32f10x_tim.o(.text)
    TIM_CCxNCmd                              0x08004475   Thumb Code    30  stm32f10x_tim.o(.text)
    TIM_SelectOCxM                           0x08004493   Thumb Code    82  stm32f10x_tim.o(.text)
    TIM_UpdateDisableConfig                  0x080044e5   Thumb Code    24  stm32f10x_tim.o(.text)
    TIM_UpdateRequestConfig                  0x080044fd   Thumb Code    24  stm32f10x_tim.o(.text)
    TIM_SelectHallSensor                     0x08004515   Thumb Code    24  stm32f10x_tim.o(.text)
    TIM_SelectOnePulseMode                   0x0800452d   Thumb Code    18  stm32f10x_tim.o(.text)
    TIM_SelectOutputTrigger                  0x0800453f   Thumb Code    18  stm32f10x_tim.o(.text)
    TIM_SelectSlaveMode                      0x08004551   Thumb Code    18  stm32f10x_tim.o(.text)
    TIM_SelectMasterSlaveMode                0x08004563   Thumb Code    18  stm32f10x_tim.o(.text)
    TIM_SetCounter                           0x08004575   Thumb Code     4  stm32f10x_tim.o(.text)
    TIM_SetAutoreload                        0x08004579   Thumb Code     4  stm32f10x_tim.o(.text)
    TIM_SetCompare1                          0x0800457d   Thumb Code     4  stm32f10x_tim.o(.text)
    TIM_SetCompare2                          0x08004581   Thumb Code     4  stm32f10x_tim.o(.text)
    TIM_SetCompare3                          0x08004585   Thumb Code     4  stm32f10x_tim.o(.text)
    TIM_SetCompare4                          0x08004589   Thumb Code     6  stm32f10x_tim.o(.text)
    TIM_SetClockDivision                     0x0800458f   Thumb Code    18  stm32f10x_tim.o(.text)
    TIM_GetCapture1                          0x080045a1   Thumb Code     6  stm32f10x_tim.o(.text)
    TIM_GetCapture2                          0x080045a7   Thumb Code     6  stm32f10x_tim.o(.text)
    TIM_GetCapture3                          0x080045ad   Thumb Code     6  stm32f10x_tim.o(.text)
    TIM_GetCapture4                          0x080045b3   Thumb Code     8  stm32f10x_tim.o(.text)
    TIM_GetCounter                           0x080045bb   Thumb Code     6  stm32f10x_tim.o(.text)
    TIM_GetPrescaler                         0x080045c1   Thumb Code     6  stm32f10x_tim.o(.text)
    TIM_GetFlagStatus                        0x080045c7   Thumb Code    18  stm32f10x_tim.o(.text)
    TIM_ClearFlag                            0x080045d9   Thumb Code     6  stm32f10x_tim.o(.text)
    TIM_GetITStatus                          0x080045df   Thumb Code    34  stm32f10x_tim.o(.text)
    TIM_ClearITPendingBit                    0x08004601   Thumb Code     6  stm32f10x_tim.o(.text)
    DMA_DeInit                               0x08004609   Thumb Code   324  stm32f10x_dma.o(.text)
    DMA_Init                                 0x0800474d   Thumb Code    60  stm32f10x_dma.o(.text)
    DMA_StructInit                           0x08004789   Thumb Code    26  stm32f10x_dma.o(.text)
    DMA_Cmd                                  0x080047a3   Thumb Code    24  stm32f10x_dma.o(.text)
    DMA_ITConfig                             0x080047bb   Thumb Code    18  stm32f10x_dma.o(.text)
    DMA_SetCurrDataCounter                   0x080047cd   Thumb Code     4  stm32f10x_dma.o(.text)
    DMA_GetCurrDataCounter                   0x080047d1   Thumb Code     8  stm32f10x_dma.o(.text)
    DMA_GetFlagStatus                        0x080047d9   Thumb Code    40  stm32f10x_dma.o(.text)
    DMA_ClearFlag                            0x08004801   Thumb Code    22  stm32f10x_dma.o(.text)
    DMA_GetITStatus                          0x08004817   Thumb Code    40  stm32f10x_dma.o(.text)
    DMA_ClearITPendingBit                    0x0800483f   Thumb Code    22  stm32f10x_dma.o(.text)
    EXTI_DeInit                              0x0800485d   Thumb Code    28  stm32f10x_exti.o(.text)
    EXTI_Init                                0x08004879   Thumb Code   142  stm32f10x_exti.o(.text)
    EXTI_StructInit                          0x08004907   Thumb Code    16  stm32f10x_exti.o(.text)
    EXTI_GenerateSWInterrupt                 0x08004917   Thumb Code    16  stm32f10x_exti.o(.text)
    EXTI_GetFlagStatus                       0x08004927   Thumb Code    22  stm32f10x_exti.o(.text)
    EXTI_ClearFlag                           0x0800493d   Thumb Code     8  stm32f10x_exti.o(.text)
    EXTI_GetITStatus                         0x08004945   Thumb Code    34  stm32f10x_exti.o(.text)
    EXTI_ClearITPendingBit                   0x08004967   Thumb Code     8  stm32f10x_exti.o(.text)
    NMI_Handler                              0x08004979   Thumb Code     2  stm32f10x_it.o(.text)
    HardFault_Handler                        0x0800497b   Thumb Code     4  stm32f10x_it.o(.text)
    MemManage_Handler                        0x0800497f   Thumb Code     4  stm32f10x_it.o(.text)
    BusFault_Handler                         0x08004983   Thumb Code     4  stm32f10x_it.o(.text)
    UsageFault_Handler                       0x08004987   Thumb Code     4  stm32f10x_it.o(.text)
    SVC_Handler                              0x0800498b   Thumb Code     2  stm32f10x_it.o(.text)
    DebugMon_Handler                         0x0800498d   Thumb Code     2  stm32f10x_it.o(.text)
    PendSV_Handler                           0x0800498f   Thumb Code     2  stm32f10x_it.o(.text)
    SysTick_Handler                          0x08004991   Thumb Code     2  stm32f10x_it.o(.text)
    SystemInit                               0x08004a73   Thumb Code    78  system_stm32f10x.o(.text)
    SystemCoreClockUpdate                    0x08004ac1   Thumb Code   142  system_stm32f10x.o(.text)
    Reset_Handler                            0x08004b75   Thumb Code     8  startup_stm32f10x_md.o(.text)
    ADC1_2_IRQHandler                        0x08004b8f   Thumb Code     0  startup_stm32f10x_md.o(.text)
    CAN1_RX1_IRQHandler                      0x08004b8f   Thumb Code     0  startup_stm32f10x_md.o(.text)
    CAN1_SCE_IRQHandler                      0x08004b8f   Thumb Code     0  startup_stm32f10x_md.o(.text)
    DMA1_Channel1_IRQHandler                 0x08004b8f   Thumb Code     0  startup_stm32f10x_md.o(.text)
    DMA1_Channel2_IRQHandler                 0x08004b8f   Thumb Code     0  startup_stm32f10x_md.o(.text)
    DMA1_Channel3_IRQHandler                 0x08004b8f   Thumb Code     0  startup_stm32f10x_md.o(.text)
    DMA1_Channel4_IRQHandler                 0x08004b8f   Thumb Code     0  startup_stm32f10x_md.o(.text)
    DMA1_Channel5_IRQHandler                 0x08004b8f   Thumb Code     0  startup_stm32f10x_md.o(.text)
    DMA1_Channel6_IRQHandler                 0x08004b8f   Thumb Code     0  startup_stm32f10x_md.o(.text)
    DMA1_Channel7_IRQHandler                 0x08004b8f   Thumb Code     0  startup_stm32f10x_md.o(.text)
    EXTI0_IRQHandler                         0x08004b8f   Thumb Code     0  startup_stm32f10x_md.o(.text)
    EXTI15_10_IRQHandler                     0x08004b8f   Thumb Code     0  startup_stm32f10x_md.o(.text)
    EXTI2_IRQHandler                         0x08004b8f   Thumb Code     0  startup_stm32f10x_md.o(.text)
    EXTI3_IRQHandler                         0x08004b8f   Thumb Code     0  startup_stm32f10x_md.o(.text)
    EXTI4_IRQHandler                         0x08004b8f   Thumb Code     0  startup_stm32f10x_md.o(.text)
    EXTI9_5_IRQHandler                       0x08004b8f   Thumb Code     0  startup_stm32f10x_md.o(.text)
    FLASH_IRQHandler                         0x08004b8f   Thumb Code     0  startup_stm32f10x_md.o(.text)
    I2C1_ER_IRQHandler                       0x08004b8f   Thumb Code     0  startup_stm32f10x_md.o(.text)
    I2C1_EV_IRQHandler                       0x08004b8f   Thumb Code     0  startup_stm32f10x_md.o(.text)
    I2C2_ER_IRQHandler                       0x08004b8f   Thumb Code     0  startup_stm32f10x_md.o(.text)
    I2C2_EV_IRQHandler                       0x08004b8f   Thumb Code     0  startup_stm32f10x_md.o(.text)
    PVD_IRQHandler                           0x08004b8f   Thumb Code     0  startup_stm32f10x_md.o(.text)
    RCC_IRQHandler                           0x08004b8f   Thumb Code     0  startup_stm32f10x_md.o(.text)
    RTCAlarm_IRQHandler                      0x08004b8f   Thumb Code     0  startup_stm32f10x_md.o(.text)
    RTC_IRQHandler                           0x08004b8f   Thumb Code     0  startup_stm32f10x_md.o(.text)
    SPI1_IRQHandler                          0x08004b8f   Thumb Code     0  startup_stm32f10x_md.o(.text)
    SPI2_IRQHandler                          0x08004b8f   Thumb Code     0  startup_stm32f10x_md.o(.text)
    TAMPER_IRQHandler                        0x08004b8f   Thumb Code     0  startup_stm32f10x_md.o(.text)
    TIM1_BRK_IRQHandler                      0x08004b8f   Thumb Code     0  startup_stm32f10x_md.o(.text)
    TIM1_CC_IRQHandler                       0x08004b8f   Thumb Code     0  startup_stm32f10x_md.o(.text)
    TIM1_TRG_COM_IRQHandler                  0x08004b8f   Thumb Code     0  startup_stm32f10x_md.o(.text)
    TIM1_UP_IRQHandler                       0x08004b8f   Thumb Code     0  startup_stm32f10x_md.o(.text)
    TIM2_IRQHandler                          0x08004b8f   Thumb Code     0  startup_stm32f10x_md.o(.text)
    TIM3_IRQHandler                          0x08004b8f   Thumb Code     0  startup_stm32f10x_md.o(.text)
    TIM4_IRQHandler                          0x08004b8f   Thumb Code     0  startup_stm32f10x_md.o(.text)
    USBWakeUp_IRQHandler                     0x08004b8f   Thumb Code     0  startup_stm32f10x_md.o(.text)
    USB_HP_CAN1_TX_IRQHandler                0x08004b8f   Thumb Code     0  startup_stm32f10x_md.o(.text)
    USB_LP_CAN1_RX0_IRQHandler               0x08004b8f   Thumb Code     0  startup_stm32f10x_md.o(.text)
    WWDG_IRQHandler                          0x08004b8f   Thumb Code     0  startup_stm32f10x_md.o(.text)
    __user_initial_stackheap                 0x08004b91   Thumb Code     0  startup_stm32f10x_md.o(.text)
    SONAR_GPIO_Config                        0x08004bb5   Thumb Code   128  sonar.o(.text)
    GPIO_SET_SONAR                           0x08004c35   Thumb Code    14  sonar.o(.text)
    GPIO_RESET_SONAR                         0x08004c43   Thumb Code    14  sonar.o(.text)
    GPIO_READ_SONAR                          0x08004c51   Thumb Code    20  sonar.o(.text)
    Ultrasonic_Init                          0x08004c65   Thumb Code    14  sonar.o(.text)
    Ultra_Duty                               0x08004c73   Thumb Code    54  sonar.o(.text)
    EXTI1_IRQHandler                         0x08004ca9   Thumb Code   344  sonar.o(.text)
    I2c_Soft_delay_VL53                      0x08004e49   Thumb Code    42  iic_vl53.o(.text)
    makeuint16                               0x08004e73   Thumb Code    12  iic_vl53.o(.text)
    I2c_Soft_Stop_VL53                       0x08004e7f   Thumb Code    48  iic_vl53.o(.text)
    I2c_Soft_NoAsk_VL53                      0x08004eaf   Thumb Code    48  iic_vl53.o(.text)
    I2c_Soft_Ask_VL53                        0x08004edf   Thumb Code    46  iic_vl53.o(.text)
    I2c_Soft_ReadByte_VL53                   0x08004f0d   Thumb Code    92  iic_vl53.o(.text)
    I2c_Soft_WaitAsk_VL53                    0x08004f69   Thumb Code    84  iic_vl53.o(.text)
    I2c_Soft_SendByte_VL53                   0x08004fbd   Thumb Code    78  iic_vl53.o(.text)
    I2c_Soft_Start_VL53                      0x0800500b   Thumb Code    82  iic_vl53.o(.text)
    IIC_Read_nByte_VL53                      0x0800505d   Thumb Code   108  iic_vl53.o(.text)
    IIC_Read_1Byte_VL53                      0x080050c9   Thumb Code    80  iic_vl53.o(.text)
    IIC_Write_1Byte_VL53                     0x08005119   Thumb Code    62  iic_vl53.o(.text)
    READ_VL53                                0x08005157   Thumb Code   218  iic_vl53.o(.text)
    I2c_Soft_Init_VL53                       0x08005231   Thumb Code    80  iic_vl53.o(.text)
    IIC_Write_nByte_VL53                     0x08005281   Thumb Code    78  iic_vl53.o(.text)
    my_abs                                   0x080052d5   Thumb Code    24  mymath.o(.text)
    fast_atan2                               0x080052ed   Thumb Code   344  mymath.o(.text)
    my_atan                                  0x08005445   Thumb Code    16  mymath.o(.text)
    my_sqrt                                  0x08005455   Thumb Code   114  mymath.o(.text)
    mx_sin                                   0x080054c7   Thumb Code   228  mymath.o(.text)
    my_sin                                   0x080055ab   Thumb Code    78  mymath.o(.text)
    my_cos                                   0x080055f9   Thumb Code   102  mymath.o(.text)
    my_deadzone_p                            0x0800565f   Thumb Code    46  mymath.o(.text)
    my_deadzone_n                            0x0800568d   Thumb Code    46  mymath.o(.text)
    my_deathzoom_21                          0x080056bb   Thumb Code    44  mymath.o(.text)
    my_deathzoom_rc                          0x080056e7   Thumb Code   246  mymath.o(.text)
    my_deathzoom1                            0x080057dd   Thumb Code    66  mymath.o(.text)
    my_deathzoom                             0x0800581f   Thumb Code    72  mymath.o(.text)
    my_deathzoom_2                           0x08005867   Thumb Code    62  mymath.o(.text)
    To_180_degrees_db                        0x080058a5   Thumb Code    68  mymath.o(.text)
    To_180_degrees                           0x080058e9   Thumb Code    48  mymath.o(.text)
    linear_interpolation_5                   0x08005919   Thumb Code   266  mymath.o(.text)
    IIR_LP                                   0x08005a23   Thumb Code   136  mymath.o(.text)
    Moving_Median                            0x08005acd   Thumb Code   196  filter.o(.text)
    simple_3d_trans                          0x08005b91   Thumb Code   252  filter.o(.text)
    initFirstOrderFilter                     0x08005c8d   Thumb Code   480  filter.o(.text)
    firstOrderFilter                         0x08005e6d   Thumb Code   192  filter.o(.text)
    sonar_filter_oldx                        0x08005f2d   Thumb Code   424  filter.o(.text)
    insert_sonar_value_and_get_mode_value    0x0800611f   Thumb Code    58  filter.o(.text)
    OLDX_KF2                                 0x08006339   Thumb Code   806  ukf_task.o(.text)
    ukf_pos_task_qr                          0x0800665f   Thumb Code  5312  ukf_task.o(.text)
    KF_OLDX_NAV                              0x080081ef   Thumb Code  2336  kf_oldx_nav.o(.text)
    KF_OLDX_NAV_initialize                   0x08008b0f   Thumb Code    10  kf_oldx_nav.o(.text)
    KF_OLDX_NAV_terminate                    0x08008b19   Thumb Code     2  kf_oldx_nav.o(.text)
    rtGetNaNF                                0x08008b1d   Thumb Code    46  rtgetnan.o(.text)
    rtGetNaN                                 0x08008b4b   Thumb Code    96  rtgetnan.o(.text)
    rtGetInfF                                0x08008bb5   Thumb Code    12  rtgetinf.o(.text)
    rtGetInf                                 0x08008bc1   Thumb Code    92  rtgetinf.o(.text)
    rtGetMinusInfF                           0x08008c1d   Thumb Code    10  rtgetinf.o(.text)
    rtGetMinusInf                            0x08008c27   Thumb Code    92  rtgetinf.o(.text)
    rt_InitInfAndNaN                         0x08008c91   Thumb Code    54  rt_nonfinite.o(.text)
    rtIsInf                                  0x08008cc7   Thumb Code    42  rt_nonfinite.o(.text)
    rtIsInfF                                 0x08008cf1   Thumb Code    36  rt_nonfinite.o(.text)
    rtIsNaN                                  0x08008d15   Thumb Code    28  rt_nonfinite.o(.text)
    rtIsNaNF                                 0x08008d31   Thumb Code    22  rt_nonfinite.o(.text)
    __aeabi_memcpy4                          0x08008d61   Thumb Code     0  rt_memcpy_w.o(.text)
    __aeabi_memcpy8                          0x08008d61   Thumb Code     0  rt_memcpy_w.o(.text)
    __rt_memcpy_w                            0x08008d61   Thumb Code   100  rt_memcpy_w.o(.text)
    _memcpy_lastbytes_aligned                0x08008da9   Thumb Code     0  rt_memcpy_w.o(.text)
    __aeabi_memclr4                          0x08008dc5   Thumb Code     0  rt_memclr_w.o(.text)
    __aeabi_memclr8                          0x08008dc5   Thumb Code     0  rt_memclr_w.o(.text)
    __rt_memclr_w                            0x08008dc5   Thumb Code    78  rt_memclr_w.o(.text)
    _memset_w                                0x08008dc9   Thumb Code     0  rt_memclr_w.o(.text)
    __use_two_region_memory                  0x08008e13   Thumb Code     2  heapauxi.o(.text)
    __rt_heap_escrow$2region                 0x08008e15   Thumb Code     2  heapauxi.o(.text)
    __rt_heap_expand$2region                 0x08008e17   Thumb Code     2  heapauxi.o(.text)
    __read_errno                             0x08008e19   Thumb Code    10  _rserrno.o(.text)
    __set_errno                              0x08008e23   Thumb Code    12  _rserrno.o(.text)
    __aeabi_errno_addr                       0x08008e31   Thumb Code     8  rt_errno_addr_intlibspace.o(.text)
    __errno$intlibspace                      0x08008e31   Thumb Code     0  rt_errno_addr_intlibspace.o(.text)
    __rt_errno_addr$intlibspace              0x08008e31   Thumb Code     0  rt_errno_addr_intlibspace.o(.text)
    __user_libspace                          0x08008e39   Thumb Code     8  libspace.o(.text)
    __user_perproc_libspace                  0x08008e39   Thumb Code     0  libspace.o(.text)
    __user_perthread_libspace                0x08008e39   Thumb Code     0  libspace.o(.text)
    __user_setup_stackheap                   0x08008e41   Thumb Code    74  sys_stackheap_outer.o(.text)
    exit                                     0x08008e8b   Thumb Code    18  exit.o(.text)
    _sys_exit                                0x08008e9d   Thumb Code     8  sys_exit.o(.text)
    __I$use$semihosting                      0x08008ea9   Thumb Code     0  use_no_semi.o(.text)
    __use_no_semihosting_swi                 0x08008ea9   Thumb Code     2  use_no_semi.o(.text)
    __ARM_fpclassify                         0x08008eab   Thumb Code    40  fpclassify.o(i.__ARM_fpclassify)
    __semihosting_library_function           0x08008eab   Thumb Code     0  indicate_semi.o(.text)
    __ieee754_rem_pio2                       0x08008ed5   Thumb Code   828  rred.o(i.__ieee754_rem_pio2)
    __kernel_cos                             0x0800925d   Thumb Code   230  cos_i.o(i.__kernel_cos)
    __kernel_poly                            0x08009359   Thumb Code   170  poly.o(i.__kernel_poly)
    __kernel_sin                             0x08009405   Thumb Code   224  sin_i.o(i.__kernel_sin)
    __mathlib_dbl_divzero                    0x080094f1   Thumb Code    12  dunder.o(i.__mathlib_dbl_divzero)
    __mathlib_dbl_infnan                     0x08009501   Thumb Code     6  dunder.o(i.__mathlib_dbl_infnan)
    __mathlib_dbl_infnan2                    0x08009507   Thumb Code     4  dunder.o(i.__mathlib_dbl_infnan2)
    __mathlib_dbl_invalid                    0x0800950b   Thumb Code    12  dunder.o(i.__mathlib_dbl_invalid)
    __mathlib_dbl_overflow                   0x08009517   Thumb Code    14  dunder.o(i.__mathlib_dbl_overflow)
    __mathlib_dbl_underflow                  0x08009525   Thumb Code    10  dunder.o(i.__mathlib_dbl_underflow)
    cos                                      0x08009535   Thumb Code   148  cos.o(i.cos)
    floor                                    0x080095d1   Thumb Code   204  floor.o(i.floor)
    pow                                      0x080096ad   Thumb Code  2512  pow.o(i.pow)
    sin                                      0x0800a085   Thumb Code   150  sin.o(i.sin)
    sqrt                                     0x0800a125   Thumb Code    76  sqrt.o(i.sqrt)
    __aeabi_d2f                              0x0800a171   Thumb Code     0  d2f.o(x$fpl$d2f)
    _d2f                                     0x0800a171   Thumb Code    98  d2f.o(x$fpl$d2f)
    __aeabi_dadd                             0x0800a1d5   Thumb Code     0  daddsub_clz.o(x$fpl$dadd)
    _dadd                                    0x0800a1d5   Thumb Code   332  daddsub_clz.o(x$fpl$dadd)
    __fpl_dcheck_NaN1                        0x0800a325   Thumb Code    10  dcheck1.o(x$fpl$dcheck1)
    __fpl_dcmp_Inf                           0x0800a335   Thumb Code    24  dcmpi.o(x$fpl$dcmpinf)
    __aeabi_ddiv                             0x0800a34d   Thumb Code     0  ddiv.o(x$fpl$ddiv)
    _ddiv                                    0x0800a34d   Thumb Code   552  ddiv.o(x$fpl$ddiv)
    __aeabi_cdcmpeq                          0x0800a5fd   Thumb Code     0  deqf.o(x$fpl$deqf)
    _dcmpeq                                  0x0800a5fd   Thumb Code   120  deqf.o(x$fpl$deqf)
    __aeabi_d2iz                             0x0800a675   Thumb Code     0  dfix.o(x$fpl$dfix)
    _dfix                                    0x0800a675   Thumb Code    94  dfix.o(x$fpl$dfix)
    __aeabi_i2d                              0x0800a6d3   Thumb Code     0  dflt_clz.o(x$fpl$dflt)
    _dflt                                    0x0800a6d3   Thumb Code    46  dflt_clz.o(x$fpl$dflt)
    __aeabi_ui2d                             0x0800a701   Thumb Code     0  dflt_clz.o(x$fpl$dfltu)
    _dfltu                                   0x0800a701   Thumb Code    38  dflt_clz.o(x$fpl$dfltu)
    __aeabi_cdcmple                          0x0800a729   Thumb Code     0  dleqf.o(x$fpl$dleqf)
    _dcmple                                  0x0800a729   Thumb Code   120  dleqf.o(x$fpl$dleqf)
    __fpl_dcmple_InfNaN                      0x0800a78b   Thumb Code     0  dleqf.o(x$fpl$dleqf)
    __aeabi_dmul                             0x0800a7a1   Thumb Code     0  dmul.o(x$fpl$dmul)
    _dmul                                    0x0800a7a1   Thumb Code   332  dmul.o(x$fpl$dmul)
    __fpl_dnaninf                            0x0800a8f5   Thumb Code   156  dnaninf.o(x$fpl$dnaninf)
    __fpl_dretinf                            0x0800a991   Thumb Code    12  dretinf.o(x$fpl$dretinf)
    __aeabi_cdrcmple                         0x0800a99d   Thumb Code     0  drleqf.o(x$fpl$drleqf)
    _drcmple                                 0x0800a99d   Thumb Code   108  drleqf.o(x$fpl$drleqf)
    __aeabi_drsub                            0x0800aa09   Thumb Code     0  daddsub_clz.o(x$fpl$drsb)
    _drsb                                    0x0800aa09   Thumb Code    22  daddsub_clz.o(x$fpl$drsb)
    _dsqrt                                   0x0800aa21   Thumb Code   456  dsqrt_noumaal.o(x$fpl$dsqrt)
    __aeabi_dsub                             0x0800abed   Thumb Code     0  daddsub_clz.o(x$fpl$dsub)
    _dsub                                    0x0800abed   Thumb Code   464  daddsub_clz.o(x$fpl$dsub)
    __aeabi_f2d                              0x0800adc1   Thumb Code     0  f2d.o(x$fpl$f2d)
    _f2d                                     0x0800adc1   Thumb Code    86  f2d.o(x$fpl$f2d)
    __aeabi_fadd                             0x0800ae19   Thumb Code     0  faddsub_clz.o(x$fpl$fadd)
    _fadd                                    0x0800ae19   Thumb Code   196  faddsub_clz.o(x$fpl$fadd)
    __fpl_fcmp_Inf                           0x0800aedd   Thumb Code    24  fcmpi.o(x$fpl$fcmpinf)
    __aeabi_fdiv                             0x0800aef5   Thumb Code     0  fdiv.o(x$fpl$fdiv)
    _fdiv                                    0x0800aef5   Thumb Code   384  fdiv.o(x$fpl$fdiv)
    __aeabi_cfcmpeq                          0x0800b079   Thumb Code     0  feqf.o(x$fpl$feqf)
    _fcmpeq                                  0x0800b079   Thumb Code   104  feqf.o(x$fpl$feqf)
    __aeabi_f2iz                             0x0800b0e1   Thumb Code     0  ffix.o(x$fpl$ffix)
    _ffix                                    0x0800b0e1   Thumb Code    54  ffix.o(x$fpl$ffix)
    __aeabi_f2uiz                            0x0800b119   Thumb Code     0  ffixu.o(x$fpl$ffixu)
    _ffixu                                   0x0800b119   Thumb Code    62  ffixu.o(x$fpl$ffixu)
    __aeabi_i2f                              0x0800b159   Thumb Code     0  fflt_clz.o(x$fpl$fflt)
    _fflt                                    0x0800b159   Thumb Code    48  fflt_clz.o(x$fpl$fflt)
    __aeabi_ui2f                             0x0800b189   Thumb Code     0  fflt_clz.o(x$fpl$ffltu)
    _ffltu                                   0x0800b189   Thumb Code    38  fflt_clz.o(x$fpl$ffltu)
    __aeabi_cfcmple                          0x0800b1b1   Thumb Code     0  fleqf.o(x$fpl$fleqf)
    _fcmple                                  0x0800b1b1   Thumb Code   104  fleqf.o(x$fpl$fleqf)
    __fpl_fcmple_InfNaN                      0x0800b203   Thumb Code     0  fleqf.o(x$fpl$fleqf)
    __aeabi_fmul                             0x0800b219   Thumb Code     0  fmul.o(x$fpl$fmul)
    _fmul                                    0x0800b219   Thumb Code   258  fmul.o(x$fpl$fmul)
    __fpl_fnaninf                            0x0800b31b   Thumb Code   140  fnaninf.o(x$fpl$fnaninf)
    __fpl_fretinf                            0x0800b3a7   Thumb Code    10  fretinf.o(x$fpl$fretinf)
    __aeabi_cfrcmple                         0x0800b3b1   Thumb Code     0  frleqf.o(x$fpl$frleqf)
    _frcmple                                 0x0800b3b1   Thumb Code    98  frleqf.o(x$fpl$frleqf)
    __aeabi_frsub                            0x0800b413   Thumb Code     0  faddsub_clz.o(x$fpl$frsb)
    _frsb                                    0x0800b413   Thumb Code    20  faddsub_clz.o(x$fpl$frsb)
    __aeabi_fsub                             0x0800b429   Thumb Code     0  faddsub_clz.o(x$fpl$fsub)
    _fsub                                    0x0800b429   Thumb Code   234  faddsub_clz.o(x$fpl$fsub)
    __fpl_return_NaN                         0x0800b513   Thumb Code   100  retnan.o(x$fpl$retnan)
    __ARM_scalbn                             0x0800b577   Thumb Code    92  scalbn.o(x$fpl$scalbn)
    __fpl_cmpreturn                          0x0800b5d3   Thumb Code    48  trapv.o(x$fpl$trapveneer)
    __I$use$fp                               0x0800b602   Number         0  usenofp.o(x$fpl$usenofp)
    __mathlib_zero                           0x0800b7d8   Data           8  qnan.o(.constdata)
    Region$$Table$$Base                      0x0800b8d0   Number         0  anon$$obj.o(Region$$Table)
    Region$$Table$$Limit                     0x0800b8f0   Number         0  anon$$obj.o(Region$$Table)
    dt_mems                                  0x20000000   Data           4  main.o(.data)
    dt_imu                                   0x20000004   Data           4  main.o(.data)
    dt_fushion                               0x20000008   Data           4  main.o(.data)
    dt_uart                                  0x2000000c   Data           4  main.o(.data)
    dt_sonar                                 0x20000010   Data           4  main.o(.data)
    k_flow                                   0x20000014   Data           4  main.o(.data)
    yaw_qr_off                               0x20000018   Data           4  main.o(.data)
    flow_h                                   0x2000001c   Data           4  main.o(.data)
    debug1                                   0x20000020   Data           1  main.o(.data)
    end_ble                                  0x20000021   Data           1  main.o(.data)
    accx                                     0x20000024   Data           4  main.o(.data)
    accy                                     0x20000028   Data           4  main.o(.data)
    flowx                                    0x2000002c   Data           4  main.o(.data)
    flowy                                    0x20000030   Data           4  main.o(.data)
    xgyro                                    0x20000034   Data           4  main.o(.data)
    ygyro                                    0x20000038   Data           4  main.o(.data)
    Yaw_r                                    0x2000003c   Data           4  main.o(.data)
    flow_origin_pi                           0x20000048   Data           8  usart.o(.data)
    off_yaw                                  0x20000050   Data           4  usart.o(.data)
    RxState1                                 0x20000054   Data           1  usart.o(.data)
    RxBufferNum1                             0x20000055   Data           1  usart.o(.data)
    RxBufferCnt1                             0x20000056   Data           1  usart.o(.data)
    RxLen1                                   0x20000057   Data           1  usart.o(.data)
    flow_origin                              0x2000005c   Data           8  usart.o(.data)
    flow_integrated_xgyro                    0x20000064   Data           4  usart.o(.data)
    flow_integrated_ygyro                    0x20000068   Data           4  usart.o(.data)
    flow_integrated_zgyro                    0x2000006c   Data           4  usart.o(.data)
    RxState                                  0x20000070   Data           1  usart.o(.data)
    RxBufferNum                              0x20000071   Data           1  usart.o(.data)
    RxBufferCnt                              0x20000072   Data           1  usart.o(.data)
    RxLen                                    0x20000073   Data           1  usart.o(.data)
    sonic_fc                                 0x20000078   Data           4  usart.o(.data)
    Yaw_fc                                   0x2000007c   Data           4  usart.o(.data)
    flow_k                                   0x20000080   Data           4  usart.o(.data)
    RxState3                                 0x20000084   Data           1  usart.o(.data)
    RxBufferNum3                             0x20000085   Data           1  usart.o(.data)
    RxBufferCnt3                             0x20000086   Data           1  usart.o(.data)
    RxLen3                                   0x20000087   Data           1  usart.o(.data)
    SendBuff_cnt                             0x2000008a   Data           2  usart.o(.data)
    DMA1_MEM_LEN                             0x2000008e   Data           2  dma.o(.data)
    SystemCoreClock                          0x200000a4   Data           4  system_stm32f10x.o(.data)
    AHBPrescTable                            0x200000a8   Data          16  system_stm32f10x.o(.data)
    T_sonar                                  0x200000b8   Data           4  sonar.o(.data)
    ultra_distance                           0x200000bc   Data           4  sonar.o(.data)
    ultra_start_f                            0x200000c0   Data           1  sonar.o(.data)
    ultra_time                               0x200000c1   Data           1  sonar.o(.data)
    ultra_ok                                 0x200000c2   Data           1  sonar.o(.data)
    state_dj                                 0x200000c3   Data           5  sonar.o(.data)
    state_dj_rx                              0x200000c8   Data           5  sonar.o(.data)
    IO_STATE                                 0x200000cd   Data           5  sonar.o(.data)
    IO_STATER                                0x200000d2   Data           5  sonar.o(.data)
    TEMP_SONAR                               0x200000d8   Data           4  sonar.o(.data)
    cnt_sample1                              0x200000dc   Data           4  sonar.o(.data)
    I2C_FastMode_VL53                        0x200000e4   Data           1  iic_vl53.o(.data)
    ls53                                     0x200000e6   Data           8  iic_vl53.o(.data)
    fast_atan_table                          0x200000f0   Data        1028  mymath.o(.data)
    Roll                                     0x200004f4   Data           4  imu.o(.data)
    Pitch                                    0x200004f8   Data           4  imu.o(.data)
    Yaw                                      0x200004fc   Data           4  imu.o(.data)
    Roll_mid_down                            0x20000500   Data           4  imu.o(.data)
    Pitch_mid_down                           0x20000504   Data           4  imu.o(.data)
    Yaw_mid_down                             0x20000508   Data           4  imu.o(.data)
    Rol_fc                                   0x2000050c   Data           4  imu.o(.data)
    Pit_fc                                   0x20000510   Data           4  imu.o(.data)
    ref_q                                    0x20000514   Data          16  imu.o(.data)
    norm_acc                                 0x20000524   Data           4  imu.o(.data)
    norm_q                                   0x20000528   Data           4  imu.o(.data)
    norm_acc_lpf                             0x2000052c   Data           4  imu.o(.data)
    mag_norm                                 0x20000530   Data           4  imu.o(.data)
    mag_norm_xyz                             0x20000534   Data           4  imu.o(.data)
    acc_ng_cali                              0x20000538   Data           1  imu.o(.data)
    fly_ready                                0x20000539   Data           1  imu.o(.data)
    yaw_mag                                  0x2000053c   Data           4  imu.o(.data)
    ACC_HIGHPASS_TAU                         0x20000548   Data           4  filter.o(.data)
    ACC_LOWPASS_TAU                          0x2000054c   Data           4  filter.o(.data)
    ACC_LOWPASS_SAMPLE_TIME                  0x20000550   Data           4  filter.o(.data)
    ACC_LOWPASS_A                            0x20000554   Data           4  filter.o(.data)
    ACC_LOWPASS_GX1                          0x20000558   Data           4  filter.o(.data)
    ACC_LOWPASS_GX2                          0x2000055c   Data           4  filter.o(.data)
    ACC_LOWPASS_GX3                          0x20000560   Data           4  filter.o(.data)
    BARO_LOWPASS_TAU                         0x20000564   Data           4  filter.o(.data)
    BARO_LOWPASS_SAMPLE_TIME                 0x20000568   Data           4  filter.o(.data)
    BARO_LOWPASS_A                           0x2000056c   Data           4  filter.o(.data)
    BARO_LOWPASS_GX1                         0x20000570   Data           4  filter.o(.data)
    BARO_LOWPASS_GX2                         0x20000574   Data           4  filter.o(.data)
    BARO_LOWPASS_GX3                         0x20000578   Data           4  filter.o(.data)
    FLOW_LOWPASS_TAU                         0x2000057c   Data           4  filter.o(.data)
    FLOW_LOWPASS_SAMPLE_TIME                 0x20000580   Data           4  filter.o(.data)
    FLOW_LOWPASS_A                           0x20000584   Data           4  filter.o(.data)
    FLOW_LOWPASS_GX1                         0x20000588   Data           4  filter.o(.data)
    FLOW_LOWPASS_GX2                         0x2000058c   Data           4  filter.o(.data)
    FLOW_LOWPASS_GX3                         0x20000590   Data           4  filter.o(.data)
    measure_num                              0x20000594   Data           1  filter.o(.data)
    ekf_hml_flag                             0x200005ac   Data          12  ukf_task.o(.data)
    q_flow                                   0x200005b8   Data          12  ukf_task.o(.data)
    r_flow                                   0x200005c4   Data          12  ukf_task.o(.data)
    flow_gain                                0x200005d0   Data           4  ukf_task.o(.data)
    acc_flag_flow                            0x200005d4   Data           8  ukf_task.o(.data)
    X_ukf_Pos                                0x200005dc   Data           8  ukf_task.o(.data)
    r1                                       0x200005e4   Data           4  ukf_task.o(.data)
    r2                                       0x200005e8   Data           4  ukf_task.o(.data)
    posNorth                                 0x200005ec   Data           4  ukf_task.o(.data)
    posEast                                  0x200005f0   Data           4  ukf_task.o(.data)
    local_Lat                                0x200005f4   Data           4  ukf_task.o(.data)
    local_Lon                                0x200005f8   Data           4  ukf_task.o(.data)
    velEast                                  0x200005fc   Data           4  ukf_task.o(.data)
    velNorth                                 0x20000600   Data           4  ukf_task.o(.data)
    GPS_J_F                                  0x20000604   Data           4  ukf_task.o(.data)
    GPS_W_F                                  0x20000608   Data           4  ukf_task.o(.data)
    kf_data_sel                              0x2000060c   Data           1  ukf_task.o(.data)
    ga_nav                                   0x20000610   Data           4  ukf_task.o(.data)
    gwa_nav                                  0x20000614   Data           4  ukf_task.o(.data)
    g_pos_flow                               0x20000618   Data           4  ukf_task.o(.data)
    g_spd_flow                               0x2000061c   Data           4  ukf_task.o(.data)
    K_pos_qr                                 0x20000620   Data           4  ukf_task.o(.data)
    K_spd_flow                               0x20000624   Data           4  ukf_task.o(.data)
    K_acc_gps                                0x20000628   Data           4  ukf_task.o(.data)
    K_pos_gps                                0x2000062c   Data           4  ukf_task.o(.data)
    K_spd_gps                                0x20000630   Data           4  ukf_task.o(.data)
    g_pos_gps                                0x20000634   Data           4  ukf_task.o(.data)
    g_spd_gps                                0x20000638   Data           4  ukf_task.o(.data)
    velNorth_gps                             0x2000063c   Data           4  ukf_task.o(.data)
    velEast_gps                              0x20000640   Data           4  ukf_task.o(.data)
    flag_kf1                                 0x20000644   Data           8  ukf_task.o(.data)
    force_test                               0x2000064c   Data           1  ukf_task.o(.data)
    Posx                                     0x20000650   Data           4  ukf_task.o(.data)
    Posy                                     0x20000654   Data           4  ukf_task.o(.data)
    r_sensor_flow                            0x20000658   Data          16  ukf_task.o(.data)
    r_sensor_hight                           0x20000668   Data          16  ukf_task.o(.data)
    ALT_POS_SONAR                            0x20000678   Data           4  ukf_task.o(.data)
    rtInf                                    0x200006a8   Data           8  rt_nonfinite.o(.data)
    rtMinusInf                               0x200006b0   Data           8  rt_nonfinite.o(.data)
    rtNaN                                    0x200006b8   Data           8  rt_nonfinite.o(.data)
    rtInfF                                   0x200006c0   Data           4  rt_nonfinite.o(.data)
    rtMinusInfF                              0x200006c4   Data           4  rt_nonfinite.o(.data)
    rtNaNF                                   0x200006c8   Data           4  rt_nonfinite.o(.data)
    acc_flt                                  0x200006cc   Data          12  main.o(.bss)
    flow_flt                                 0x200006d8   Data          12  main.o(.bss)
    Cycle_T                                  0x20000708   Data         120  delay.o(.bss)
    circle                                   0x20000780   Data          92  usart.o(.bss)
    mark_map                                 0x200007dc   Data         200  usart.o(.bss)
    RxBuffer1                                0x200008a4   Data          50  usart.o(.bss)
    RxBuffer                                 0x200008d6   Data          50  usart.o(.bss)
    acc_body                                 0x20000908   Data          12  usart.o(.bss)
    flow_set_off                             0x20000914   Data          12  usart.o(.bss)
    RxBuffer3                                0x20000920   Data          50  usart.o(.bss)
    SendBuff                                 0x20000952   Data         200  usart.o(.bss)
    debug                                    0x20000a1c   Data          80  usart.o(.bss)
    DMA_InitStructure                        0x20000a6c   Data          44  dma.o(.bss)
    sensor_setup                             0x20000a98   Data          64  mpu6050.o(.bss)
    mpu6050_fc                               0x20000ad8   Data         160  mpu6050.o(.bss)
    mpu6050_buffer                           0x20000b78   Data          14  mpu6050.o(.bss)
    sum_temp                                 0x20000b88   Data          28  mpu6050.o(.bss)
    sum_temp_3d                              0x20000ba4   Data          28  mpu6050.o(.bss)
    FILT_BUF                                 0x20000bc0   Data         154  mpu6050.o(.bss)
    mpu6050_tmp                              0x20000c5c   Data          28  mpu6050.o(.bss)
    mpu_fil_tmp                              0x20000c78   Data          28  mpu6050.o(.bss)
    now_dj                                   0x20000c94   Data          16  sonar.o(.bss)
    lastUpdate_dj                            0x20000ca4   Data          16  sonar.o(.bss)
    med_filter_tmp                           0x20000cb4   Data        6000  filter.o(.bss)
    med_filter_out                           0x20002424   Data         120  filter.o(.bss)
    med_fil_cnt                              0x2000249c   Data          30  filter.o(.bss)
    firstOrderFilters                        0x200024bc   Data         400  filter.o(.bss)
    Distance                                 0x2000264c   Data         100  filter.o(.bss)
    angle_ins                                0x200026c0   Data          12  ukf_task.o(.bss)
    X_ukf                                    0x200026d0   Data          48  ukf_task.o(.bss)
    X_ukf_baro                               0x20002700   Data          48  ukf_task.o(.bss)
    X_KF_NAV                                 0x20002730   Data          72  ukf_task.o(.bss)
    X_KF1_NAV_X                              0x20002778   Data          24  ukf_task.o(.bss)
    X_KF1_NAV_Y                              0x20002790   Data          24  ukf_task.o(.bss)
    X_KF1_NAV_Z                              0x200027a8   Data          24  ukf_task.o(.bss)
    P_KF_NAV                                 0x200027c0   Data         216  ukf_task.o(.bss)
    __libspace_start                         0x20002928   Data          96  libspace.o(.bss)
    __temporary_stack_top$libspace           0x20002988   Data           0  libspace.o(.bss)



==============================================================================

Memory Map of the image

  Image Entry point : 0x080000ed

  Load Region LR_IROM1 (Base: 0x08000000, Size: 0x0000bfbc, Max: 0x00010000, ABSOLUTE, COMPRESSED[0x0000bd9c])

    Execution Region ER_IROM1 (Base: 0x08000000, Size: 0x0000b8f0, Max: 0x00010000, ABSOLUTE)

    Base Addr    Size         Type   Attr      Idx    E Section Name        Object

    0x08000000   0x000000ec   Data   RO          477    RESET               startup_stm32f10x_md.o
    0x080000ec   0x00000008   Code   RO          756  * !!!main             c_w.l(__main.o)
    0x080000f4   0x00000034   Code   RO         1090    !!!scatter          c_w.l(__scatter.o)
    0x08000128   0x0000005a   Code   RO         1088    !!dczerorl2         c_w.l(__dczerorl2.o)
    0x08000182   0x00000002   PAD
    0x08000184   0x0000001c   Code   RO         1092    !!handler_zi        c_w.l(__scatter_zi.o)
    0x080001a0   0x00000002   Code   RO          957    .ARM.Collect$$libinit$$00000000  c_w.l(libinit.o)
    0x080001a2   0x00000000   Code   RO          963    .ARM.Collect$$libinit$$00000002  c_w.l(libinit2.o)
    0x080001a2   0x00000000   Code   RO          965    .ARM.Collect$$libinit$$00000004  c_w.l(libinit2.o)
    0x080001a2   0x00000000   Code   RO          968    .ARM.Collect$$libinit$$0000000A  c_w.l(libinit2.o)
    0x080001a2   0x00000000   Code   RO          970    .ARM.Collect$$libinit$$0000000C  c_w.l(libinit2.o)
    0x080001a2   0x00000000   Code   RO          972    .ARM.Collect$$libinit$$0000000E  c_w.l(libinit2.o)
    0x080001a2   0x00000000   Code   RO          975    .ARM.Collect$$libinit$$00000011  c_w.l(libinit2.o)
    0x080001a2   0x00000000   Code   RO          977    .ARM.Collect$$libinit$$00000013  c_w.l(libinit2.o)
    0x080001a2   0x00000000   Code   RO          979    .ARM.Collect$$libinit$$00000015  c_w.l(libinit2.o)
    0x080001a2   0x00000000   Code   RO          981    .ARM.Collect$$libinit$$00000017  c_w.l(libinit2.o)
    0x080001a2   0x00000000   Code   RO          983    .ARM.Collect$$libinit$$00000019  c_w.l(libinit2.o)
    0x080001a2   0x00000000   Code   RO          985    .ARM.Collect$$libinit$$0000001B  c_w.l(libinit2.o)
    0x080001a2   0x00000000   Code   RO          987    .ARM.Collect$$libinit$$0000001D  c_w.l(libinit2.o)
    0x080001a2   0x00000000   Code   RO          989    .ARM.Collect$$libinit$$0000001F  c_w.l(libinit2.o)
    0x080001a2   0x00000000   Code   RO          991    .ARM.Collect$$libinit$$00000021  c_w.l(libinit2.o)
    0x080001a2   0x00000000   Code   RO          993    .ARM.Collect$$libinit$$00000023  c_w.l(libinit2.o)
    0x080001a2   0x00000000   Code   RO          995    .ARM.Collect$$libinit$$00000025  c_w.l(libinit2.o)
    0x080001a2   0x00000000   Code   RO          999    .ARM.Collect$$libinit$$0000002C  c_w.l(libinit2.o)
    0x080001a2   0x00000000   Code   RO         1001    .ARM.Collect$$libinit$$0000002E  c_w.l(libinit2.o)
    0x080001a2   0x00000000   Code   RO         1003    .ARM.Collect$$libinit$$00000030  c_w.l(libinit2.o)
    0x080001a2   0x00000000   Code   RO         1005    .ARM.Collect$$libinit$$00000032  c_w.l(libinit2.o)
    0x080001a2   0x00000002   Code   RO         1006    .ARM.Collect$$libinit$$00000033  c_w.l(libinit2.o)
    0x080001a4   0x00000002   Code   RO         1028    .ARM.Collect$$libshutdown$$00000000  c_w.l(libshutdown.o)
    0x080001a6   0x00000000   Code   RO         1041    .ARM.Collect$$libshutdown$$00000002  c_w.l(libshutdown2.o)
    0x080001a6   0x00000000   Code   RO         1043    .ARM.Collect$$libshutdown$$00000004  c_w.l(libshutdown2.o)
    0x080001a6   0x00000000   Code   RO         1046    .ARM.Collect$$libshutdown$$00000007  c_w.l(libshutdown2.o)
    0x080001a6   0x00000000   Code   RO         1049    .ARM.Collect$$libshutdown$$0000000A  c_w.l(libshutdown2.o)
    0x080001a6   0x00000000   Code   RO         1051    .ARM.Collect$$libshutdown$$0000000C  c_w.l(libshutdown2.o)
    0x080001a6   0x00000000   Code   RO         1054    .ARM.Collect$$libshutdown$$0000000F  c_w.l(libshutdown2.o)
    0x080001a6   0x00000002   Code   RO         1055    .ARM.Collect$$libshutdown$$00000010  c_w.l(libshutdown2.o)
    0x080001a8   0x00000000   Code   RO          870    .ARM.Collect$$rtentry$$00000000  c_w.l(__rtentry.o)
    0x080001a8   0x00000000   Code   RO          924    .ARM.Collect$$rtentry$$00000002  c_w.l(__rtentry2.o)
    0x080001a8   0x00000006   Code   RO          936    .ARM.Collect$$rtentry$$00000004  c_w.l(__rtentry4.o)
    0x080001ae   0x00000000   Code   RO          926    .ARM.Collect$$rtentry$$00000009  c_w.l(__rtentry2.o)
    0x080001ae   0x00000004   Code   RO          927    .ARM.Collect$$rtentry$$0000000A  c_w.l(__rtentry2.o)
    0x080001b2   0x00000000   Code   RO          929    .ARM.Collect$$rtentry$$0000000C  c_w.l(__rtentry2.o)
    0x080001b2   0x00000008   Code   RO          930    .ARM.Collect$$rtentry$$0000000D  c_w.l(__rtentry2.o)
    0x080001ba   0x00000002   Code   RO          960    .ARM.Collect$$rtexit$$00000000  c_w.l(rtexit.o)
    0x080001bc   0x00000000   Code   RO         1010    .ARM.Collect$$rtexit$$00000002  c_w.l(rtexit2.o)
    0x080001bc   0x00000004   Code   RO         1011    .ARM.Collect$$rtexit$$00000003  c_w.l(rtexit2.o)
    0x080001c0   0x00000006   Code   RO         1012    .ARM.Collect$$rtexit$$00000004  c_w.l(rtexit2.o)
    0x080001c6   0x00000002   PAD
    0x080001c8   0x0000071c   Code   RO            1    .text               main.o
    0x080008e4   0x000001dc   Code   RO          127    .text               delay.o
    0x08000ac0   0x000020c8   Code   RO          172    .text               usart.o
    0x08002b88   0x00000080   Code   RO          227    .text               dma.o
    0x08002c08   0x0000035c   Code   RO          318    .text               stm32f10x_gpio.o
    0x08002f64   0x000003a4   Code   RO          330    .text               stm32f10x_rcc.o
    0x08003308   0x000000dc   Code   RO          344    .text               misc.o
    0x080033e4   0x00000408   Code   RO          356    .text               stm32f10x_usart.o
    0x080037ec   0x00000e1a   Code   RO          368    .text               stm32f10x_tim.o
    0x08004606   0x00000002   PAD
    0x08004608   0x00000254   Code   RO          380    .text               stm32f10x_dma.o
    0x0800485c   0x0000011c   Code   RO          404    .text               stm32f10x_exti.o
    0x08004978   0x0000001a   Code   RO          431    .text               stm32f10x_it.o
    0x08004992   0x00000002   PAD
    0x08004994   0x000001e0   Code   RO          446    .text               system_stm32f10x.o
    0x08004b74   0x00000040   Code   RO          478    .text               startup_stm32f10x_md.o
    0x08004bb4   0x00000294   Code   RO          530    .text               sonar.o
    0x08004e48   0x0000048c   Code   RO          557    .text               iic_vl53.o
    0x080052d4   0x000007f8   Code   RO          585    .text               mymath.o
    0x08005acc   0x000006a4   Code   RO          619    .text               filter.o
    0x08006170   0x000019f8   Code   RO          638    .text               ukf_task.o
    0x08007b68   0x00000fb2   Code   RO          685    .text               kf_oldx_nav.o
    0x08008b1a   0x00000002   PAD
    0x08008b1c   0x00000098   Code   RO          698    .text               rtgetnan.o
    0x08008bb4   0x000000dc   Code   RO          713    .text               rtgetinf.o
    0x08008c90   0x000000d0   Code   RO          728    .text               rt_nonfinite.o
    0x08008d60   0x00000064   Code   RO          750    .text               c_w.l(rt_memcpy_w.o)
    0x08008dc4   0x0000004e   Code   RO          752    .text               c_w.l(rt_memclr_w.o)
    0x08008e12   0x00000006   Code   RO          754    .text               c_w.l(heapauxi.o)
    0x08008e18   0x00000016   Code   RO          871    .text               c_w.l(_rserrno.o)
    0x08008e2e   0x00000002   PAD
    0x08008e30   0x00000008   Code   RO          941    .text               c_w.l(rt_errno_addr_intlibspace.o)
    0x08008e38   0x00000008   Code   RO          945    .text               c_w.l(libspace.o)
    0x08008e40   0x0000004a   Code   RO          948    .text               c_w.l(sys_stackheap_outer.o)
    0x08008e8a   0x00000012   Code   RO          950    .text               c_w.l(exit.o)
    0x08008e9c   0x0000000c   Code   RO         1020    .text               c_w.l(sys_exit.o)
    0x08008ea8   0x00000002   Code   RO         1031    .text               c_w.l(use_no_semi.o)
    0x08008eaa   0x00000000   Code   RO         1033    .text               c_w.l(indicate_semi.o)
    0x08008eaa   0x00000028   Code   RO          907    i.__ARM_fpclassify  m_ws.l(fpclassify.o)
    0x08008ed2   0x00000002   PAD
    0x08008ed4   0x00000388   Code   RO          912    i.__ieee754_rem_pio2  m_ws.l(rred.o)
    0x0800925c   0x000000fc   Code   RO          890    i.__kernel_cos      m_ws.l(cos_i.o)
    0x08009358   0x000000aa   Code   RO          909    i.__kernel_poly     m_ws.l(poly.o)
    0x08009402   0x00000002   PAD
    0x08009404   0x000000ec   Code   RO          917    i.__kernel_sin      m_ws.l(sin_i.o)
    0x080094f0   0x00000010   Code   RO          893    i.__mathlib_dbl_divzero  m_ws.l(dunder.o)
    0x08009500   0x00000006   Code   RO          894    i.__mathlib_dbl_infnan  m_ws.l(dunder.o)
    0x08009506   0x00000004   Code   RO          895    i.__mathlib_dbl_infnan2  m_ws.l(dunder.o)
    0x0800950a   0x0000000c   Code   RO          896    i.__mathlib_dbl_invalid  m_ws.l(dunder.o)
    0x08009516   0x0000000e   Code   RO          897    i.__mathlib_dbl_overflow  m_ws.l(dunder.o)
    0x08009524   0x00000010   Code   RO          899    i.__mathlib_dbl_underflow  m_ws.l(dunder.o)
    0x08009534   0x0000009c   Code   RO          833    i.cos               m_ws.l(cos.o)
    0x080095d0   0x000000dc   Code   RO          841    i.floor             m_ws.l(floor.o)
    0x080096ac   0x000009d8   Code   RO          845    i.pow               m_ws.l(pow.o)
    0x0800a084   0x000000a0   Code   RO          855    i.sin               m_ws.l(sin.o)
    0x0800a124   0x0000004c   Code   RO          863    i.sqrt              m_ws.l(sqrt.o)
    0x0800a170   0x00000062   Code   RO          758    x$fpl$d2f           fz_ws.l(d2f.o)
    0x0800a1d2   0x00000002   PAD
    0x0800a1d4   0x00000150   Code   RO          760    x$fpl$dadd          fz_ws.l(daddsub_clz.o)
    0x0800a324   0x00000010   Code   RO          943    x$fpl$dcheck1       fz_ws.l(dcheck1.o)
    0x0800a334   0x00000018   Code   RO          873    x$fpl$dcmpinf       fz_ws.l(dcmpi.o)
    0x0800a34c   0x000002b0   Code   RO          767    x$fpl$ddiv          fz_ws.l(ddiv.o)
    0x0800a5fc   0x00000078   Code   RO          770    x$fpl$deqf          fz_ws.l(deqf.o)
    0x0800a674   0x0000005e   Code   RO          772    x$fpl$dfix          fz_ws.l(dfix.o)
    0x0800a6d2   0x0000002e   Code   RO          777    x$fpl$dflt          fz_ws.l(dflt_clz.o)
    0x0800a700   0x00000026   Code   RO          776    x$fpl$dfltu         fz_ws.l(dflt_clz.o)
    0x0800a726   0x00000002   PAD
    0x0800a728   0x00000078   Code   RO          782    x$fpl$dleqf         fz_ws.l(dleqf.o)
    0x0800a7a0   0x00000154   Code   RO          784    x$fpl$dmul          fz_ws.l(dmul.o)
    0x0800a8f4   0x0000009c   Code   RO          875    x$fpl$dnaninf       fz_ws.l(dnaninf.o)
    0x0800a990   0x0000000c   Code   RO          877    x$fpl$dretinf       fz_ws.l(dretinf.o)
    0x0800a99c   0x0000006c   Code   RO          786    x$fpl$drleqf        fz_ws.l(drleqf.o)
    0x0800aa08   0x00000016   Code   RO          761    x$fpl$drsb          fz_ws.l(daddsub_clz.o)
    0x0800aa1e   0x00000002   PAD
    0x0800aa20   0x000001cc   Code   RO          879    x$fpl$dsqrt         fz_ws.l(dsqrt_noumaal.o)
    0x0800abec   0x000001d4   Code   RO          762    x$fpl$dsub          fz_ws.l(daddsub_clz.o)
    0x0800adc0   0x00000056   Code   RO          788    x$fpl$f2d           fz_ws.l(f2d.o)
    0x0800ae16   0x00000002   PAD
    0x0800ae18   0x000000c4   Code   RO          790    x$fpl$fadd          fz_ws.l(faddsub_clz.o)
    0x0800aedc   0x00000018   Code   RO          881    x$fpl$fcmpinf       fz_ws.l(fcmpi.o)
    0x0800aef4   0x00000184   Code   RO          797    x$fpl$fdiv          fz_ws.l(fdiv.o)
    0x0800b078   0x00000068   Code   RO          800    x$fpl$feqf          fz_ws.l(feqf.o)
    0x0800b0e0   0x00000036   Code   RO          802    x$fpl$ffix          fz_ws.l(ffix.o)
    0x0800b116   0x00000002   PAD
    0x0800b118   0x0000003e   Code   RO          806    x$fpl$ffixu         fz_ws.l(ffixu.o)
    0x0800b156   0x00000002   PAD
    0x0800b158   0x00000030   Code   RO          811    x$fpl$fflt          fz_ws.l(fflt_clz.o)
    0x0800b188   0x00000026   Code   RO          810    x$fpl$ffltu         fz_ws.l(fflt_clz.o)
    0x0800b1ae   0x00000002   PAD
    0x0800b1b0   0x00000068   Code   RO          816    x$fpl$fleqf         fz_ws.l(fleqf.o)
    0x0800b218   0x00000102   Code   RO          818    x$fpl$fmul          fz_ws.l(fmul.o)
    0x0800b31a   0x0000008c   Code   RO          883    x$fpl$fnaninf       fz_ws.l(fnaninf.o)
    0x0800b3a6   0x0000000a   Code   RO          885    x$fpl$fretinf       fz_ws.l(fretinf.o)
    0x0800b3b0   0x00000062   Code   RO          820    x$fpl$frleqf        fz_ws.l(frleqf.o)
    0x0800b412   0x00000014   Code   RO          791    x$fpl$frsb          fz_ws.l(faddsub_clz.o)
    0x0800b426   0x00000002   PAD
    0x0800b428   0x000000ea   Code   RO          792    x$fpl$fsub          fz_ws.l(faddsub_clz.o)
    0x0800b512   0x00000064   Code   RO          958    x$fpl$retnan        fz_ws.l(retnan.o)
    0x0800b576   0x0000005c   Code   RO          887    x$fpl$scalbn        fz_ws.l(scalbn.o)
    0x0800b5d2   0x00000030   Code   RO         1007    x$fpl$trapveneer    fz_ws.l(trapv.o)
    0x0800b602   0x00000000   Code   RO          889    x$fpl$usenofp       fz_ws.l(usenofp.o)
    0x0800b602   0x00000006   PAD
    0x0800b608   0x000000d8   Data   RO          640    .constdata          ukf_task.o
    0x0800b6e0   0x0000003c   Data   RO          686    .constdata          kf_oldx_nav.o
    0x0800b71c   0x00000004   PAD
    0x0800b720   0x00000088   Data   RO          846    .constdata          m_ws.l(pow.o)
    0x0800b7a8   0x00000030   Data   RO          891    .constdata          m_ws.l(cos_i.o)
    0x0800b7d8   0x00000008   Data   RO          911    .constdata          m_ws.l(qnan.o)
    0x0800b7e0   0x000000c8   Data   RO          914    .constdata          m_ws.l(rred.o)
    0x0800b8a8   0x00000028   Data   RO          918    .constdata          m_ws.l(sin_i.o)
    0x0800b8d0   0x00000020   Data   RO         1086    Region$$Table       anon$$obj.o


    Execution Region RW_IRAM1 (Base: 0x20000000, Size: 0x00002f88, Max: 0x00005000, ABSOLUTE, COMPRESSED[0x000004ac])

    Base Addr    Size         Type   Attr      Idx    E Section Name        Object

    0x20000000   0x00000043   Data   RW            3    .data               main.o
    0x20000043   0x00000001   PAD
    0x20000044   0x00000004   Data   RW          129    .data               delay.o
    0x20000048   0x00000045   Data   RW          174    .data               usart.o
    0x2000008d   0x00000001   PAD
    0x2000008e   0x00000002   Data   RW          229    .data               dma.o
    0x20000090   0x00000014   Data   RW          331    .data               stm32f10x_rcc.o
    0x200000a4   0x00000014   Data   RW          447    .data               system_stm32f10x.o
    0x200000b8   0x0000002c   Data   RW          532    .data               sonar.o
    0x200000e4   0x0000000a   Data   RW          558    .data               iic_vl53.o
    0x200000ee   0x00000002   PAD
    0x200000f0   0x00000404   Data   RW          586    .data               mymath.o
    0x200004f4   0x00000054   Data   RW          602    .data               imu.o
    0x20000548   0x00000061   Data   RW          621    .data               filter.o
    0x200005a9   0x00000003   PAD
    0x200005ac   0x000000f9   Data   RW          641    .data               ukf_task.o
    0x200006a5   0x00000003   PAD
    0x200006a8   0x00000024   Data   RW          729    .data               rt_nonfinite.o
    0x200006cc   0x0000003c   Zero   RW            2    .bss                main.o
    0x20000708   0x00000078   Zero   RW          128    .bss                delay.o
    0x20000780   0x000002ec   Zero   RW          173    .bss                usart.o
    0x20000a6c   0x0000002c   Zero   RW          228    .bss                dma.o
    0x20000a98   0x000001fc   Zero   RW          483    .bss                mpu6050.o
    0x20000c94   0x00000020   Zero   RW          531    .bss                sonar.o
    0x20000cb4   0x00001a08   Zero   RW          620    .bss                filter.o
    0x200026bc   0x00000004   PAD
    0x200026c0   0x00000268   Zero   RW          639    .bss                ukf_task.o
    0x20002928   0x00000060   Zero   RW          946    .bss                c_w.l(libspace.o)
    0x20002988   0x00000200   Zero   RW          476    HEAP                startup_stm32f10x_md.o
    0x20002b88   0x00000400   Zero   RW          475    STACK               startup_stm32f10x_md.o


==============================================================================

Image component sizes


      Code (inc. data)   RO Data    RW Data    ZI Data      Debug   Object Name

         0          0          0          0          0         32   core_cm3.o
       476         20          0          4        120     252123   delay.o
       128         14          0          2         44      11233   dma.o
      1700        126          0         97       6664       5964   filter.o
         0          0          0          0          0        632   flash.o
      1164         18          0         10          0       6450   iic_vl53.o
         0          0          0         84          0       3651   imu.o
      4018         86         60          0          0       3891   kf_oldx_nav.o
      1820        256          0         67         60     221228   main.o
       220         22          0          0          0       1741   misc.o
         0          0          0          0        508      12505   mpu6050.o
      2040         98          0       1028          0       6364   mymath.o
       208         26          0         36          0       1752   rt_nonfinite.o
       220         14          0          0          0       1694   rtgetinf.o
       152         10          0          0          0       1085   rtgetnan.o
       660         72          0         44         32       5191   sonar.o
        64         26        236          0       1536        788   startup_stm32f10x_md.o
       596          8          0          0          0       4306   stm32f10x_dma.o
       284         10          0          0          0       4383   stm32f10x_exti.o
       860         38          0          0          0       5677   stm32f10x_gpio.o
        26          0          0          0          0       1190   stm32f10x_it.o
       932         36          0         20          0       8832   stm32f10x_rcc.o
      3610         88          0          0          0      22784   stm32f10x_tim.o
      1032         22          0          0          0       8396   stm32f10x_usart.o
       480         38          0         20          0       1935   system_stm32f10x.o
      6648        526        216        249        616       9827   ukf_task.o
      8392        336          0         69        748     232789   usart.o

    ----------------------------------------------------------------------
     35736       1890        548       1740      10332     836443   Object Totals
         0          0         32          0          0          0   (incl. Generated)
         6          0          4         10          4          0   (incl. Padding)

    ----------------------------------------------------------------------

      Code (inc. data)   RO Data    RW Data    ZI Data      Debug   Library Member Name

        90          0          0          0          0          0   __dczerorl2.o
         8          0          0          0          0         68   __main.o
         0          0          0          0          0          0   __rtentry.o
        12          0          0          0          0          0   __rtentry2.o
         6          0          0          0          0          0   __rtentry4.o
        52          8          0          0          0          0   __scatter.o
        28          0          0          0          0          0   __scatter_zi.o
        22          0          0          0          0        100   _rserrno.o
        18          0          0          0          0         80   exit.o
         6          0          0          0          0        152   heapauxi.o
         0          0          0          0          0          0   indicate_semi.o
         2          0          0          0          0          0   libinit.o
         2          0          0          0          0          0   libinit2.o
         2          0          0          0          0          0   libshutdown.o
         2          0          0          0          0          0   libshutdown2.o
         8          4          0          0         96         68   libspace.o
         8          4          0          0          0         68   rt_errno_addr_intlibspace.o
        78          0          0          0          0         80   rt_memclr_w.o
       100          0          0          0          0         80   rt_memcpy_w.o
         2          0          0          0          0          0   rtexit.o
        10          0          0          0          0          0   rtexit2.o
        12          4          0          0          0         68   sys_exit.o
        74          0          0          0          0         80   sys_stackheap_outer.o
         2          0          0          0          0         68   use_no_semi.o
        98          4          0          0          0         92   d2f.o
       826         16          0          0          0        348   daddsub_clz.o
        16          4          0          0          0         68   dcheck1.o
        24          0          0          0          0         68   dcmpi.o
       688        140          0          0          0        208   ddiv.o
       120          4          0          0          0         92   deqf.o
        94          4          0          0          0         92   dfix.o
        84          0          0          0          0        136   dflt_clz.o
       120          4          0          0          0         92   dleqf.o
       340         12          0          0          0        104   dmul.o
       156          4          0          0          0         92   dnaninf.o
        12          0          0          0          0         68   dretinf.o
       108          0          0          0          0         80   drleqf.o
       460         56          0          0          0        120   dsqrt_noumaal.o
        86          4          0          0          0         84   f2d.o
       450          8          0          0          0        236   faddsub_clz.o
        24          0          0          0          0         68   fcmpi.o
       388         76          0          0          0         96   fdiv.o
       104          4          0          0          0         84   feqf.o
        54          4          0          0          0         84   ffix.o
        62          4          0          0          0         84   ffixu.o
        86          0          0          0          0        136   fflt_clz.o
       104          4          0          0          0         84   fleqf.o
       258          4          0          0          0         84   fmul.o
       140          4          0          0          0         84   fnaninf.o
        10          0          0          0          0         68   fretinf.o
        98          0          0          0          0         68   frleqf.o
       100          0          0          0          0         68   retnan.o
        92          0          0          0          0         68   scalbn.o
        48          0          0          0          0         68   trapv.o
         0          0          0          0          0          0   usenofp.o
       156          8          0          0          0        104   cos.o
       252         22         48          0          0        124   cos_i.o
        68         10          0          0          0        408   dunder.o
       220         16          0          0          0         84   floor.o
        40          0          0          0          0         68   fpclassify.o
       170          0          0          0          0         96   poly.o
      2520        190        136          0          0        324   pow.o
         0          0          8          0          0          0   qnan.o
       904         76        200          0          0        140   rred.o
       160         10          0          0          0        108   sin.o
       236         12         40          0          0        128   sin_i.o
        76          0          0          0          0         84   sqrt.o

    ----------------------------------------------------------------------
     10628        724        432          0         96       5704   Library Totals
        32          0          0          0          0          0   (incl. Padding)

    ----------------------------------------------------------------------

      Code (inc. data)   RO Data    RW Data    ZI Data      Debug   Library Name

       544         20          0          0         96        912   c_w.l
      5250        360          0          0          0       3124   fz_ws.l
      4802        344        432          0          0       1668   m_ws.l

    ----------------------------------------------------------------------
     10628        724        432          0         96       5704   Library Totals

    ----------------------------------------------------------------------

==============================================================================


      Code (inc. data)   RO Data    RW Data    ZI Data      Debug   

     46364       2614        980       1740      10428     837359   Grand Totals
     46364       2614        980       1196      10428     837359   ELF Image Totals (compressed)
     46364       2614        980       1196          0          0   ROM Totals

==============================================================================

    Total RO  Size (Code + RO Data)                47344 (  46.23kB)
    Total RW  Size (RW Data + ZI Data)             12168 (  11.88kB)
    Total ROM Size (Code + RO Data + RW Data)      48540 (  47.40kB)

==============================================================================

